Component: ARM Compiler 5.06 update 7 (build 960) Tool: armlink [4d3601]

==============================================================================

Section Cross References

    startup_stm32g070xx.o(STACK) refers (Special) to heapauxi.o(.text) for __use_two_region_memory
    startup_stm32g070xx.o(HEAP) refers (Special) to heapauxi.o(.text) for __use_two_region_memory
    startup_stm32g070xx.o(RESET) refers (Special) to heapauxi.o(.text) for __use_two_region_memory
    startup_stm32g070xx.o(RESET) refers to startup_stm32g070xx.o(STACK) for __initial_sp
    startup_stm32g070xx.o(RESET) refers to startup_stm32g070xx.o(.text) for Reset_Handler
    startup_stm32g070xx.o(RESET) refers to stm32g0xx_it.o(i.NMI_Handler) for NMI_Handler
    startup_stm32g070xx.o(RESET) refers to context_rvds.o(.text) for HardFault_Handler
    startup_stm32g070xx.o(RESET) refers to board.o(i.SysTick_Handler) for SysTick_Handler
    startup_stm32g070xx.o(RESET) refers to stm32g0xx_it.o(i.USART1_IRQHandler) for USART1_IRQHandler
    startup_stm32g070xx.o(RESET) refers to stm32g0xx_it.o(i.USART2_IRQHandler) for USART2_IRQHandler
    startup_stm32g070xx.o(.text) refers (Special) to heapauxi.o(.text) for __use_two_region_memory
    startup_stm32g070xx.o(.text) refers to system_stm32g0xx.o(i.SystemInit) for SystemInit
    startup_stm32g070xx.o(.text) refers to __main.o(!!!main) for __main
    startup_stm32g070xx.o(.text) refers to startup_stm32g070xx.o(HEAP) for Heap_Mem
    startup_stm32g070xx.o(.text) refers to startup_stm32g070xx.o(STACK) for Stack_Mem
    main.o(i.SystemClock_Config) refers to stm32g0xx_ll_utils.o(i.LL_Init1msTick) for LL_Init1msTick
    main.o(i.SystemClock_Config) refers to stm32g0xx_ll_utils.o(i.LL_SetSystemCoreClock) for LL_SetSystemCoreClock
    main.o(i.main) refers to gpio.o(i.MX_GPIO_Init) for MX_GPIO_Init
    main.o(i.main) refers to iwdg.o(i.MX_IWDG_Init) for MX_IWDG_Init
    main.o(i.main) refers to usart.o(i.MX_USART1_UART_Init) for MX_USART1_UART_Init
    main.o(i.main) refers to usart.o(i.MX_USART2_UART_Init) for MX_USART2_UART_Init
    main.o(i.main) refers to kservice.o(i.rt_kprintf) for rt_kprintf
    main.o(i.main) refers to thread.o(i.rt_thread_mdelay) for rt_thread_mdelay
    gpio.o(i.MX_GPIO_Init) refers to gpio.o(i.LL_IOP_GRP1_EnableClock) for LL_IOP_GRP1_EnableClock
    usart.o(i.MX_USART1_UART_Init) refers to rt_memclr.o(.text) for __aeabi_memclr4
    usart.o(i.MX_USART1_UART_Init) refers to usart.o(i.LL_RCC_SetUSARTClockSource) for LL_RCC_SetUSARTClockSource
    usart.o(i.MX_USART1_UART_Init) refers to usart.o(i.LL_IOP_GRP1_EnableClock) for LL_IOP_GRP1_EnableClock
    usart.o(i.MX_USART1_UART_Init) refers to stm32g0xx_ll_gpio.o(i.LL_GPIO_Init) for LL_GPIO_Init
    usart.o(i.MX_USART1_UART_Init) refers to usart.o(i.__NVIC_SetPriority) for __NVIC_SetPriority
    usart.o(i.MX_USART1_UART_Init) refers to usart.o(i.__NVIC_EnableIRQ) for __NVIC_EnableIRQ
    usart.o(i.MX_USART1_UART_Init) refers to stm32g0xx_ll_usart.o(i.LL_USART_Init) for LL_USART_Init
    usart.o(i.MX_USART1_UART_Init) refers to usart.o(i.LL_USART_SetTXFIFOThreshold) for LL_USART_SetTXFIFOThreshold
    usart.o(i.MX_USART1_UART_Init) refers to usart.o(i.LL_USART_SetRXFIFOThreshold) for LL_USART_SetRXFIFOThreshold
    usart.o(i.MX_USART1_UART_Init) refers to usart.o(i.LL_USART_ConfigAsyncMode) for LL_USART_ConfigAsyncMode
    usart.o(i.MX_USART2_UART_Init) refers to rt_memclr.o(.text) for __aeabi_memclr4
    usart.o(i.MX_USART2_UART_Init) refers to usart.o(i.LL_RCC_SetUSARTClockSource) for LL_RCC_SetUSARTClockSource
    usart.o(i.MX_USART2_UART_Init) refers to usart.o(i.LL_IOP_GRP1_EnableClock) for LL_IOP_GRP1_EnableClock
    usart.o(i.MX_USART2_UART_Init) refers to stm32g0xx_ll_gpio.o(i.LL_GPIO_Init) for LL_GPIO_Init
    usart.o(i.MX_USART2_UART_Init) refers to usart.o(i.__NVIC_SetPriority) for __NVIC_SetPriority
    usart.o(i.MX_USART2_UART_Init) refers to usart.o(i.__NVIC_EnableIRQ) for __NVIC_EnableIRQ
    usart.o(i.MX_USART2_UART_Init) refers to stm32g0xx_ll_usart.o(i.LL_USART_Init) for LL_USART_Init
    usart.o(i.MX_USART2_UART_Init) refers to usart.o(i.LL_USART_SetTXFIFOThreshold) for LL_USART_SetTXFIFOThreshold
    usart.o(i.MX_USART2_UART_Init) refers to usart.o(i.LL_USART_SetRXFIFOThreshold) for LL_USART_SetRXFIFOThreshold
    usart.o(i.MX_USART2_UART_Init) refers to usart.o(i.LL_USART_ConfigAsyncMode) for LL_USART_ConfigAsyncMode
    stm32g0xx_ll_gpio.o(i.LL_GPIO_DeInit) refers to stm32g0xx_ll_gpio.o(i.LL_IOP_GRP1_ForceReset) for LL_IOP_GRP1_ForceReset
    stm32g0xx_ll_gpio.o(i.LL_GPIO_DeInit) refers to stm32g0xx_ll_gpio.o(i.LL_IOP_GRP1_ReleaseReset) for LL_IOP_GRP1_ReleaseReset
    stm32g0xx_ll_rcc.o(i.LL_RCC_DeInit) refers to stm32g0xx_ll_rcc.o(i.LL_RCC_HSI_IsReady) for LL_RCC_HSI_IsReady
    stm32g0xx_ll_rcc.o(i.LL_RCC_GetADCClockFreq) refers to stm32g0xx_ll_rcc.o(i.RCC_GetSystemClockFreq) for RCC_GetSystemClockFreq
[...]
    libshutdown.o(.ARM.Collect$$libshutdown$$00000000) refers (Special) to libshutdown2.o(.ARM.Collect$$libshutdown$$00000011) for __rt_lib_shutdown_heap_1
    libshutdown.o(.ARM.Collect$$libshutdown$$00000000) refers (Special) to libshutdown2.o(.ARM.Collect$$libshutdown$$00000012) for __rt_lib_shutdown_return
    libshutdown.o(.ARM.Collect$$libshutdown$$00000000) refers (Special) to libshutdown2.o(.ARM.Collect$$libshutdown$$0000000C) for __rt_lib_shutdown_signal_1
    libshutdown.o(.ARM.Collect$$libshutdown$$00000000) refers (Special) to libshutdown2.o(.ARM.Collect$$libshutdown$$00000006) for __rt_lib_shutdown_stdio_1
    libshutdown.o(.ARM.Collect$$libshutdown$$00000000) refers (Special) to libshutdown2.o(.ARM.Collect$$libshutdown$$0000000E) for __rt_lib_shutdown_user_alloc_1
    sys_command.o(.text) refers (Special) to use_no_semi.o(.text) for __I$use$semihosting
    sys_command.o(.text) refers (Special) to indicate_semi.o(.text) for __semihosting_library_function
    defsig_abrt_inner.o(.text) refers to defsig_general.o(.text) for __default_signal_display
    defsig_rtred_inner.o(.text) refers to defsig_general.o(.text) for __default_signal_display
    defsig_rtmem_inner.o(.text) refers to defsig_general.o(.text) for __default_signal_display
    defsig_rtmem_outer.o(.text) refers to defsig_rtmem_inner.o(.text) for __rt_SIGRTMEM_inner
    defsig_rtmem_outer.o(.text) refers to defsig_exit.o(.text) for __sig_exit
    defsig_rtmem_formal.o(.text) refers to rt_raise.o(.text) for __rt_raise
    defsig_stak_inner.o(.text) refers to defsig_general.o(.text) for __default_signal_display
    defsig_pvfn_inner.o(.text) refers to defsig_general.o(.text) for __default_signal_display
    defsig_cppl_inner.o(.text) refers to defsig_general.o(.text) for __default_signal_display
    defsig_segv_inner.o(.text) refers to defsig_general.o(.text) for __default_signal_display
    defsig_other.o(.text) refers to defsig_general.o(.text) for __default_signal_display


==============================================================================

Removing Unused input sections from the image.

    Removing main.o(.rev16_text), (4 bytes).
    Removing main.o(.revsh_text), (4 bytes).
    Removing main.o(i.Error_Handler), (4 bytes).
    Removing gpio.o(.rev16_text), (4 bytes).
    Removing gpio.o(.revsh_text), (4 bytes).
    Removing iwdg.o(.rev16_text), (4 bytes).
    Removing iwdg.o(.revsh_text), (4 bytes).
    Removing usart.o(.rev16_text), (4 bytes).
    Removing usart.o(.revsh_text), (4 bytes).
    Removing usart.o(i.uart2_send), (36 bytes).
    Removing stm32g0xx_it.o(.rev16_text), (4 bytes).
    Removing stm32g0xx_it.o(.revsh_text), (4 bytes).
    Removing stm32g0xx_ll_gpio.o(.rev16_text), (4 bytes).
    Removing stm32g0xx_ll_gpio.o(.revsh_text), (4 bytes).
    Removing stm32g0xx_ll_gpio.o(i.LL_GPIO_DeInit), (112 bytes).
    Removing stm32g0xx_ll_gpio.o(i.LL_GPIO_StructInit), (24 bytes).
    Removing stm32g0xx_ll_gpio.o(i.LL_IOP_GRP1_ForceReset), (16 bytes).
    Removing stm32g0xx_ll_gpio.o(i.LL_IOP_GRP1_ReleaseReset), (16 bytes).
    Removing stm32g0xx_ll_exti.o(.rev16_text), (4 bytes).
    Removing stm32g0xx_ll_exti.o(.revsh_text), (4 bytes).
    Removing stm32g0xx_ll_exti.o(i.LL_EXTI_DeInit), (44 bytes).
    Removing stm32g0xx_ll_exti.o(i.LL_EXTI_Init), (164 bytes).
    Removing stm32g0xx_ll_exti.o(i.LL_EXTI_StructInit), (14 bytes).
    Removing stm32g0xx_ll_rcc.o(.rev16_text), (4 bytes).
    Removing stm32g0xx_ll_rcc.o(.revsh_text), (4 bytes).
    Removing stm32g0xx_ll_rcc.o(i.LL_RCC_DeInit), (84 bytes).
    Removing stm32g0xx_ll_rcc.o(i.LL_RCC_GetADCClockFreq), (132 bytes).
    Removing stm32g0xx_ll_rcc.o(i.LL_RCC_GetI2CClockFreq), (88 bytes).
    Removing stm32g0xx_ll_rcc.o(i.LL_RCC_GetI2SClockFreq), (136 bytes).
    Removing stm32g0xx_ll_rcc.o(i.LL_RCC_GetRTCClockFreq), (76 bytes).
    Removing stm32g0xx_ll_utils.o(.rev16_text), (4 bytes).
    Removing stm32g0xx_ll_utils.o(.revsh_text), (4 bytes).
    Removing stm32g0xx_ll_utils.o(i.LL_PLL_ConfigSystemClock_HSE), (100 bytes).
    Removing stm32g0xx_ll_utils.o(i.LL_PLL_ConfigSystemClock_HSI), (80 bytes).
    Removing stm32g0xx_ll_utils.o(i.LL_RCC_PLL_ConfigDomain_SYS), (32 bytes).
    Removing stm32g0xx_ll_utils.o(i.LL_SetFlashLatency), (92 bytes).
    Removing stm32g0xx_ll_utils.o(i.LL_mDelay), (32 bytes).
    Removing stm32g0xx_ll_utils.o(i.UTILS_EnablePLLAndSwitchSystem), (156 bytes).
    Removing stm32g0xx_ll_utils.o(i.UTILS_GetPLLOutputFrequency), (36 bytes).
    Removing stm32g0xx_ll_utils.o(i.UTILS_PLL_IsBusy), (20 bytes).
    Removing stm32g0xx_ll_pwr.o(.rev16_text), (4 bytes).
    Removing stm32g0xx_ll_pwr.o(.revsh_text), (4 bytes).
    Removing stm32g0xx_ll_pwr.o(i.LL_PWR_DeInit), (28 bytes).
    Removing stm32g0xx_ll_usart.o(.rev16_text), (4 bytes).
    Removing stm32g0xx_ll_usart.o(.revsh_text), (4 bytes).
    Removing stm32g0xx_ll_usart.o(i.LL_USART_ClockInit), (44 bytes).
    Removing stm32g0xx_ll_usart.o(i.LL_USART_ClockStructInit), (12 bytes).
    Removing stm32g0xx_ll_usart.o(i.LL_USART_DeInit), (104 bytes).
    Removing stm32g0xx_ll_usart.o(i.LL_USART_StructInit), (24 bytes).
    Removing stm32g0xx_ll_dma.o(.rev16_text), (4 bytes).
    Removing stm32g0xx_ll_dma.o(.revsh_text), (4 bytes).
    Removing stm32g0xx_ll_dma.o(i.LL_DMA_DeInit), (220 bytes).
    Removing stm32g0xx_ll_dma.o(i.LL_DMA_Init), (96 bytes).
    Removing stm32g0xx_ll_dma.o(i.LL_DMA_SetPeriphRequest), (40 bytes).
    Removing stm32g0xx_ll_dma.o(i.LL_DMA_StructInit), (26 bytes).
    Removing stm32g0xx_ll_dma.o(.constdata), (7 bytes).
    Removing system_stm32g0xx.o(.rev16_text), (4 bytes).
    Removing system_stm32g0xx.o(.revsh_text), (4 bytes).
    Removing clock.o(i.rt_system_tick_init), (2 bytes).
    Removing clock.o(i.rt_tick_set), (24 bytes).
    Removing idle.o(i.rt_thread_idle_excute), (2 bytes).
    Removing idle.o(i.rt_thread_idle_gethandler), (8 bytes).
    Removing ipc.o(i.rt_ipc_list_resume_all), (42 bytes).
    Removing ipc.o(i.rt_list_insert_before), (14 bytes).
    Removing ipc.o(i.rt_sem_control), (46 bytes).
    Removing ipc.o(i.rt_sem_detach), (20 bytes).
    Removing ipc.o(i.rt_sem_init), (32 bytes).
    Removing ipc.o(i.rt_sem_release), (76 bytes).
    Removing ipc.o(i.rt_sem_take), (180 bytes).
    Removing ipc.o(i.rt_sem_trytake), (10 bytes).
    Removing irq.o(i.rt_interrupt_get_nest), (24 bytes).
    Removing kservice.o(i._rt_errno), (32 bytes).
    Removing kservice.o(i.rt_get_errno), (32 bytes).
    Removing kservice.o(i.rt_hw_console_output), (2 bytes).
    Removing kservice.o(i.rt_kputs), (12 bytes).
    Removing kservice.o(i.rt_memcmp), (28 bytes).
    Removing kservice.o(i.rt_memcpy), (70 bytes).
    Removing kservice.o(i.rt_memmove), (46 bytes).
    Removing kservice.o(i.rt_set_errno), (36 bytes).
    Removing kservice.o(i.rt_snprintf), (20 bytes).
    Removing kservice.o(i.rt_sprintf), (20 bytes).
    Removing kservice.o(i.rt_strcasecmp), (42 bytes).
    Removing kservice.o(i.rt_strcmp), (26 bytes).
    Removing kservice.o(i.rt_strncmp), (36 bytes).
    Removing kservice.o(i.rt_strnlen), (22 bytes).
    Removing kservice.o(i.rt_strstr), (56 bytes).
    Removing kservice.o(i.rt_vsprintf), (16 bytes).
    Removing kservice.o(.data), (4 bytes).
    Removing object.o(i.rt_object_find), (72 bytes).
    Removing object.o(i.rt_object_get_length), (46 bytes).
    Removing object.o(i.rt_object_get_pointers), (66 bytes).
    Removing object.o(i.rt_object_get_type), (8 bytes).
    Removing object.o(i.rt_system_object_init), (2 bytes).
    Removing scheduler.o(i.rt_critical_level), (12 bytes).
    Removing thread.o(i.rt_thread_control), (104 bytes).
    Removing thread.o(i.rt_thread_delay), (8 bytes).
    Removing thread.o(i.rt_thread_delay_until), (108 bytes).
    Removing thread.o(i.rt_thread_detach), (96 bytes).
    Removing thread.o(i.rt_thread_find), (10 bytes).
    Removing timer.o(i.rt_timer_next_timeout_tick), (32 bytes).
    Removing cpuport.o(i.rt_hw_cpu_reset), (16 bytes).
    Removing board.o(.rev16_text), (4 bytes).
    Removing board.o(.revsh_text), (4 bytes).

103 unused section(s) (total 3767 bytes) removed from the image.

==============================================================================

Image Symbol Table

    Local Symbols

    Symbol Name                              Value     Ov Type        Size  Object(Section)

    ../Core/Src/gpio.c                       0x00000000   Number         0  gpio.o ABSOLUTE
    ../Core/Src/iwdg.c                       0x00000000   Number         0  iwdg.o ABSOLUTE
    ../Core/Src/main.c                       0x00000000   Number         0  main.o ABSOLUTE
    ../Core/Src/stm32g0xx_it.c               0x00000000   Number         0  stm32g0xx_it.o ABSOLUTE
    ../Core/Src/system_stm32g0xx.c           0x00000000   Number         0  system_stm32g0xx.o ABSOLUTE
    ../Core/Src/usart.c                      0x00000000   Number         0  usart.o ABSOLUTE
    ../Drivers/STM32G0xx_HAL_Driver/Src/stm32g0xx_ll_dma.c 0x00000000   Number         0  stm32g0xx_ll_dma.o ABSOLUTE
    ../Drivers/STM32G0xx_HAL_Driver/Src/stm32g0xx_ll_exti.c 0x00000000   Number         0  stm32g0xx_ll_exti.o ABSOLUTE
    ../Drivers/STM32G0xx_HAL_Driver/Src/stm32g0xx_ll_gpio.c 0x00000000   Number         0  stm32g0xx_ll_gpio.o ABSOLUTE
    ../Drivers/STM32G0xx_HAL_Driver/Src/stm32g0xx_ll_pwr.c 0x00000000   Number         0  stm32g0xx_ll_pwr.o ABSOLUTE
    ../Drivers/STM32G0xx_HAL_Driver/Src/stm32g0xx_ll_rcc.c 0x00000000   Number         0  stm32g0xx_ll_rcc.o ABSOLUTE
    ../Drivers/STM32G0xx_HAL_Driver/Src/stm32g0xx_ll_usart.c 0x00000000   Number         0  stm32g0xx_ll_usart.o ABSOLUTE
    ../Drivers/STM32G0xx_HAL_Driver/Src/stm32g0xx_ll_utils.c 0x00000000   Number         0  stm32g0xx_ll_utils.o ABSOLUTE
    ../Middlewares/Third_Party/RealThread_RTOS/bsp/_template/cubemx_config/board.c 0x00000000   Number         0  board.o ABSOLUTE
    ../Middlewares/Third_Party/RealThread_RTOS/libcpu/arm/cortex-m0/context_rvds.S 0x00000000   Number         0  context_rvds.o ABSOLUTE
    ../Middlewares/Third_Party/RealThread_RTOS/libcpu/arm/cortex-m0/cpuport.c 0x00000000   Number         0  cpuport.o ABSOLUTE
    ../Middlewares/Third_Party/RealThread_RTOS/src/clock.c 0x00000000   Number         0  clock.o ABSOLUTE
    ../Middlewares/Third_Party/RealThread_RTOS/src/components.c 0x00000000   Number         0  components.o ABSOLUTE
    ../Middlewares/Third_Party/RealThread_RTOS/src/cpu.c 0x00000000   Number         0  cpu.o ABSOLUTE
    ../Middlewares/Third_Party/RealThread_RTOS/src/idle.c 0x00000000   Number         0  idle.o ABSOLUTE
    ../Middlewares/Third_Party/RealThread_RTOS/src/ipc.c 0x00000000   Number         0  ipc.o ABSOLUTE
    ../Middlewares/Third_Party/RealThread_RTOS/src/irq.c 0x00000000   Number         0  irq.o ABSOLUTE
    ../Middlewares/Third_Party/RealThread_RTOS/src/kservice.c 0x00000000   Number         0  kservice.o ABSOLUTE
    ../Middlewares/Third_Party/RealThread_RTOS/src/mem.c 0x00000000   Number         0  mem.o ABSOLUTE
    ../Middlewares/Third_Party/RealThread_RTOS/src/memheap.c 0x00000000   Number         0  memheap.o ABSOLUTE
    ../Middlewares/Third_Party/RealThread_RTOS/src/mempool.c 0x00000000   Number         0  mempool.o ABSOLUTE
    ../Middlewares/Third_Party/RealThread_RTOS/src/object.c 0x00000000   Number         0  object.o ABSOLUTE
    ../Middlewares/Third_Party/RealThread_RTOS/src/scheduler.c 0x00000000   Number         0  scheduler.o ABSOLUTE
    ../Middlewares/Third_Party/RealThread_RTOS/src/slab.c 0x00000000   Number         0  slab.o ABSOLUTE
    ../Middlewares/Third_Party/RealThread_RTOS/src/thread.c 0x00000000   Number         0  thread.o ABSOLUTE
    ../Middlewares/Third_Party/RealThread_RTOS/src/timer.c 0x00000000   Number         0  timer.o ABSOLUTE
    ../clib/angel/boardlib.s                 0x00000000   Number         0  boardshut.o ABSOLUTE
    ../clib/angel/boardlib.s                 0x00000000   Number         0  boardinit3.o ABSOLUTE
    ../clib/angel/boardlib.s                 0x00000000   Number         0  boardinit1.o ABSOLUTE
    ../clib/angel/boardlib.s                 0x00000000   Number         0  boardinit2.o ABSOLUTE
    ../clib/angel/handlers.s                 0x00000000   Number         0  __scatter_copy.o ABSOLUTE
    ../clib/angel/handlers.s                 0x00000000   Number         0  __scatter_zi.o ABSOLUTE
    ../clib/angel/kernel.s                   0x00000000   Number         0  __rtentry4.o ABSOLUTE
    ../clib/angel/kernel.s                   0x00000000   Number         0  __rtentry2.o ABSOLUTE
    ../clib/angel/kernel.s                   0x00000000   Number         0  __rtentry.o ABSOLUTE
    ../clib/angel/kernel.s                   0x00000000   Number         0  rtexit2.o ABSOLUTE
    ../clib/angel/kernel.s                   0x00000000   Number         0  rtexit.o ABSOLUTE
    ../clib/angel/rt.s                       0x00000000   Number         0  aeabi_idiv0_sigfpe.o ABSOLUTE
    ../clib/angel/rt.s                       0x00000000   Number         0  aeabi_idiv0.o ABSOLUTE
    ../clib/angel/rt.s                       0x00000000   Number         0  rt_div0.o ABSOLUTE
    ../clib/angel/rt.s                       0x00000000   Number         0  rt_raise.o ABSOLUTE
    ../clib/angel/scatterp.s                 0x00000000   Number         0  __scatter.o ABSOLUTE
    ../clib/angel/startup.s                  0x00000000   Number         0  __main.o ABSOLUTE
    ../clib/angel/sys.s                      0x00000000   Number         0  sys_stackheap_outer.o ABSOLUTE
    ../clib/angel/sys.s                      0x00000000   Number         0  libspace.o ABSOLUTE
    ../clib/angel/sys.s                      0x00000000   Number         0  tempstk.o ABSOLUTE
    ../clib/angel/sys.s                      0x00000000   Number         0  use_no_semi.o ABSOLUTE
    ../clib/angel/sys.s                      0x00000000   Number         0  indicate_semi.o ABSOLUTE
    ../clib/angel/sysapp.c                   0x00000000   Number         0  sys_exit.o ABSOLUTE
    ../clib/angel/sysapp.c                   0x00000000   Number         0  sys_command.o ABSOLUTE
    ../clib/angel/sysapp.c                   0x00000000   Number         0  sys_wrch.o ABSOLUTE
    ../clib/armsys.c                         0x00000000   Number         0  argv_veneer.o ABSOLUTE
    ../clib/armsys.c                         0x00000000   Number         0  no_argv.o ABSOLUTE
    ../clib/armsys.c                         0x00000000   Number         0  _get_argv_nomalloc.o ABSOLUTE
    ../clib/division.s                       0x00000000   Number         0  aeabi_sdiv.o ABSOLUTE
    ../clib/division.s                       0x00000000   Number         0  aeabi_sdiv_div0.o ABSOLUTE
    ../clib/heapalloc.c                      0x00000000   Number         0  hrguard.o ABSOLUTE
    ../clib/heapaux.c                        0x00000000   Number         0  heapauxi.o ABSOLUTE
    ../clib/libinit.s                        0x00000000   Number         0  libinit.o ABSOLUTE
    ../clib/libinit.s                        0x00000000   Number         0  libinit2.o ABSOLUTE
    ../clib/libinit.s                        0x00000000   Number         0  libshutdown2.o ABSOLUTE
    ../clib/libinit.s                        0x00000000   Number         0  libshutdown.o ABSOLUTE
    ../clib/memcpset.c                       0x00000000   Number         0  rt_memclr.o ABSOLUTE
    ../clib/signal.c                         0x00000000   Number         0  defsig_other.o ABSOLUTE
    ../clib/signal.c                         0x00000000   Number         0  __raise.o ABSOLUTE
    ../clib/signal.c                         0x00000000   Number         0  defsig_fpe_outer.o ABSOLUTE
    ../clib/signal.c                         0x00000000   Number         0  defsig_fpe_formal.o ABSOLUTE
    ../clib/signal.c                         0x00000000   Number         0  defsig_exit.o ABSOLUTE
    ../clib/signal.c                         0x00000000   Number         0  defsig_fpe_inner.o ABSOLUTE
    ../clib/signal.c                         0x00000000   Number         0  defsig_general.o ABSOLUTE
    ../clib/signal.c                         0x00000000   Number         0  defsig_abrt_inner.o ABSOLUTE
    ../clib/signal.c                         0x00000000   Number         0  defsig_rtred_inner.o ABSOLUTE
    ../clib/signal.c                         0x00000000   Number         0  defsig_rtmem_inner.o ABSOLUTE
    ../clib/signal.c                         0x00000000   Number         0  defsig_rtmem_outer.o ABSOLUTE
    ../clib/signal.c                         0x00000000   Number         0  defsig_rtmem_formal.o ABSOLUTE
    ../clib/signal.c                         0x00000000   Number         0  defsig_stak_inner.o ABSOLUTE
    ../clib/signal.c                         0x00000000   Number         0  defsig_pvfn_inner.o ABSOLUTE
    ../clib/signal.c                         0x00000000   Number         0  defsig_cppl_inner.o ABSOLUTE
    ../clib/signal.c                         0x00000000   Number         0  defsig_segv_inner.o ABSOLUTE
    ../clib/signal.s                         0x00000000   Number         0  defsig.o ABSOLUTE
    ../clib/stdlib.c                         0x00000000   Number         0  exit.o ABSOLUTE
    ../fplib/cfplib/fpinit.c                 0x00000000   Number         0  fpinit.o ABSOLUTE
    ..\Core\Src\gpio.c                       0x00000000   Number         0  gpio.o ABSOLUTE
    ..\Core\Src\iwdg.c                       0x00000000   Number         0  iwdg.o ABSOLUTE
    ..\Core\Src\main.c                       0x00000000   Number         0  main.o ABSOLUTE
    ..\Core\Src\stm32g0xx_it.c               0x00000000   Number         0  stm32g0xx_it.o ABSOLUTE
    ..\Core\Src\system_stm32g0xx.c           0x00000000   Number         0  system_stm32g0xx.o ABSOLUTE
    ..\Core\Src\usart.c                      0x00000000   Number         0  usart.o ABSOLUTE
    ..\Drivers\STM32G0xx_HAL_Driver\Src\stm32g0xx_ll_dma.c 0x00000000   Number         0  stm32g0xx_ll_dma.o ABSOLUTE
    ..\Drivers\STM32G0xx_HAL_Driver\Src\stm32g0xx_ll_exti.c 0x00000000   Number         0  stm32g0xx_ll_exti.o ABSOLUTE
    ..\Drivers\STM32G0xx_HAL_Driver\Src\stm32g0xx_ll_gpio.c 0x00000000   Number         0  stm32g0xx_ll_gpio.o ABSOLUTE
    ..\Drivers\STM32G0xx_HAL_Driver\Src\stm32g0xx_ll_pwr.c 0x00000000   Number         0  stm32g0xx_ll_pwr.o ABSOLUTE
    ..\Drivers\STM32G0xx_HAL_Driver\Src\stm32g0xx_ll_rcc.c 0x00000000   Number         0  stm32g0xx_ll_rcc.o ABSOLUTE
    ..\Drivers\STM32G0xx_HAL_Driver\Src\stm32g0xx_ll_usart.c 0x00000000   Number         0  stm32g0xx_ll_usart.o ABSOLUTE
    ..\Drivers\STM32G0xx_HAL_Driver\Src\stm32g0xx_ll_utils.c 0x00000000   Number         0  stm32g0xx_ll_utils.o ABSOLUTE
    ..\Middlewares\Third_Party\RealThread_RTOS\bsp\_template\cubemx_config\board.c 0x00000000   Number         0  board.o ABSOLUTE
    dc.s                                     0x00000000   Number         0  dc.o ABSOLUTE
    startup_stm32g070xx.s                    0x00000000   Number         0  startup_stm32g070xx.o ABSOLUTE
    RESET                                    0x08000000   Section      184  startup_stm32g070xx.o(RESET)
    !!!main                                  0x080000b8   Section        8  __main.o(!!!main)
    !!!scatter                               0x080000c0   Section       60  __scatter.o(!!!scatter)
    !!handler_copy                           0x080000fc   Section       26  __scatter_copy.o(!!handler_copy)
    !!handler_zi                             0x08000118   Section       28  __scatter_zi.o(!!handler_zi)
    .ARM.Collect$$libinit$$00000000          0x08000134   Section        2  libinit.o(.ARM.Collect$$libinit$$00000000)
    .ARM.Collect$$libinit$$00000002          0x08000136   Section        0  libinit2.o(.ARM.Collect$$libinit$$00000002)
    .ARM.Collect$$libinit$$00000004          0x08000136   Section        0  libinit2.o(.ARM.Collect$$libinit$$00000004)
    .ARM.Collect$$libinit$$0000000A          0x08000136   Section        0  libinit2.o(.ARM.Collect$$libinit$$0000000A)
    .ARM.Collect$$libinit$$0000000C          0x08000136   Section        0  libinit2.o(.ARM.Collect$$libinit$$0000000C)
    .ARM.Collect$$libinit$$0000000E          0x08000136   Section        0  libinit2.o(.ARM.Collect$$libinit$$0000000E)
    .ARM.Collect$$libinit$$00000011          0x08000136   Section        0  libinit2.o(.ARM.Collect$$libinit$$00000011)
    .ARM.Collect$$libinit$$00000013          0x08000136   Section        0  libinit2.o(.ARM.Collect$$libinit$$00000013)
    .ARM.Collect$$libinit$$00000015          0x08000136   Section        0  libinit2.o(.ARM.Collect$$libinit$$00000015)
    .ARM.Collect$$libinit$$00000017          0x08000136   Section        0  libinit2.o(.ARM.Collect$$libinit$$00000017)
    .ARM.Collect$$libinit$$00000019          0x08000136   Section        0  libinit2.o(.ARM.Collect$$libinit$$00000019)
    .ARM.Collect$$libinit$$0000001B          0x08000136   Section        0  libinit2.o(.ARM.Collect$$libinit$$0000001B)
    .ARM.Collect$$libinit$$0000001D          0x08000136   Section        0  libinit2.o(.ARM.Collect$$libinit$$0000001D)
    .ARM.Collect$$libinit$$0000001F          0x08000136   Section        0  libinit2.o(.ARM.Collect$$libinit$$0000001F)
    .ARM.Collect$$libinit$$00000021          0x08000136   Section        0  libinit2.o(.ARM.Collect$$libinit$$00000021)
    .ARM.Collect$$libinit$$00000023          0x08000136   Section        0  libinit2.o(.ARM.Collect$$libinit$$00000023)
    .ARM.Collect$$libinit$$00000025          0x08000136   Section        0  libinit2.o(.ARM.Collect$$libinit$$00000025)
    .ARM.Collect$$libinit$$0000002C          0x08000136   Section        0  libinit2.o(.ARM.Collect$$libinit$$0000002C)
    .ARM.Collect$$libinit$$0000002E          0x08000136   Section        0  libinit2.o(.ARM.Collect$$libinit$$0000002E)
    .ARM.Collect$$libinit$$00000030          0x08000136   Section        0  libinit2.o(.ARM.Collect$$libinit$$00000030)
    .ARM.Collect$$libinit$$00000032          0x08000136   Section        0  libinit2.o(.ARM.Collect$$libinit$$00000032)
    .ARM.Collect$$libinit$$00000033          0x08000136   Section        2  libinit2.o(.ARM.Collect$$libinit$$00000033)
    .ARM.Collect$$libshutdown$$00000000      0x08000138   Section        2  libshutdown.o(.ARM.Collect$$libshutdown$$00000000)
    .ARM.Collect$$libshutdown$$00000002      0x0800013a   Section        0  libshutdown2.o(.ARM.Collect$$libshutdown$$00000002)
    .ARM.Collect$$libshutdown$$00000004      0x0800013a   Section        0  libshutdown2.o(.ARM.Collect$$libshutdown$$00000004)
    .ARM.Collect$$libshutdown$$00000006      0x0800013a   Section        0  libshutdown2.o(.ARM.Collect$$libshutdown$$00000006)
    .ARM.Collect$$libshutdown$$00000009      0x0800013a   Section        0  libshutdown2.o(.ARM.Collect$$libshutdown$$00000009)
    .ARM.Collect$$libshutdown$$0000000C      0x0800013a   Section        0  libshutdown2.o(.ARM.Collect$$libshutdown$$0000000C)
    .ARM.Collect$$libshutdown$$0000000E      0x0800013a   Section        0  libshutdown2.o(.ARM.Collect$$libshutdown$$0000000E)
    .ARM.Collect$$libshutdown$$00000011      0x0800013a   Section        0  libshutdown2.o(.ARM.Collect$$libshutdown$$00000011)
    .ARM.Collect$$libshutdown$$00000012      0x0800013a   Section        2  libshutdown2.o(.ARM.Collect$$libshutdown$$00000012)
    .ARM.Collect$$rtentry$$00000000          0x0800013c   Section        0  __rtentry.o(.ARM.Collect$$rtentry$$00000000)
    .ARM.Collect$$rtentry$$00000002          0x0800013c   Section        0  __rtentry2.o(.ARM.Collect$$rtentry$$00000002)
    .ARM.Collect$$rtentry$$00000004          0x0800013c   Section        6  __rtentry4.o(.ARM.Collect$$rtentry$$00000004)
    .ARM.Collect$$rtentry$$00000009          0x08000142   Section        0  __rtentry2.o(.ARM.Collect$$rtentry$$00000009)
    .ARM.Collect$$rtentry$$0000000A          0x08000142   Section        4  __rtentry2.o(.ARM.Collect$$rtentry$$0000000A)
    .ARM.Collect$$rtentry$$0000000C          0x08000146   Section        0  __rtentry2.o(.ARM.Collect$$rtentry$$0000000C)
    .ARM.Collect$$rtentry$$0000000D          0x08000146   Section        8  __rtentry2.o(.ARM.Collect$$rtentry$$0000000D)
    .ARM.Collect$$rtexit$$00000000           0x0800014e   Section        2  rtexit.o(.ARM.Collect$$rtexit$$00000000)
    .ARM.Collect$$rtexit$$00000002           0x08000150   Section        0  rtexit2.o(.ARM.Collect$$rtexit$$00000002)
    .ARM.Collect$$rtexit$$00000003           0x08000150   Section        4  rtexit2.o(.ARM.Collect$$rtexit$$00000003)
    .ARM.Collect$$rtexit$$00000004           0x08000154   Section        6  rtexit2.o(.ARM.Collect$$rtexit$$00000004)
    .text                                    0x0800015c   Section       56  startup_stm32g070xx.o(.text)
    .text                                    0x08000194   Section      216  context_rvds.o(.text)
    .text                                    0x0800026c   Section        0  rt_memclr.o(.text)
    .text                                    0x080002ac   Section      346  aeabi_sdiv.o(.text)
    .text                                    0x08000406   Section        0  heapauxi.o(.text)
    .text                                    0x0800040c   Section       62  sys_stackheap_outer.o(.text)
    .text                                    0x0800044a   Section        0  exit.o(.text)
    .text                                    0x0800045c   Section        8  libspace.o(.text)
    .text                                    0x08000464   Section        0  sys_exit.o(.text)
    .text                                    0x08000470   Section        2  use_no_semi.o(.text)
    .text                                    0x08000472   Section        0  indicate_semi.o(.text)
    i.$Sub$$main                             0x08000472   Section        0  components.o(i.$Sub$$main)
    i.LL_GPIO_Init                           0x0800047c   Section        0  stm32g0xx_ll_gpio.o(i.LL_GPIO_Init)
    i.LL_IOP_GRP1_EnableClock                0x08000528   Section        0  gpio.o(i.LL_IOP_GRP1_EnableClock)
    LL_IOP_GRP1_EnableClock                  0x08000529   Thumb Code    18  gpio.o(i.LL_IOP_GRP1_EnableClock)
    i.LL_IOP_GRP1_EnableClock                0x08000540   Section        0  usart.o(i.LL_IOP_GRP1_EnableClock)
    LL_IOP_GRP1_EnableClock                  0x08000541   Thumb Code    18  usart.o(i.LL_IOP_GRP1_EnableClock)
    i.LL_Init1msTick                         0x08000558   Section        0  stm32g0xx_ll_utils.o(i.LL_Init1msTick)
    i.LL_RCC_GetSystemClocksFreq             0x08000578   Section        0  stm32g0xx_ll_rcc.o(i.LL_RCC_GetSystemClocksFreq)
    i.LL_RCC_GetUSARTClockFreq               0x08000590   Section        0  stm32g0xx_ll_rcc.o(i.LL_RCC_GetUSARTClockFreq)
    i.LL_RCC_GetUSARTClockSource             0x0800060c   Section        0  stm32g0xx_ll_rcc.o(i.LL_RCC_GetUSARTClockSource)
    LL_RCC_GetUSARTClockSource               0x0800060d   Thumb Code    12  stm32g0xx_ll_rcc.o(i.LL_RCC_GetUSARTClockSource)
    i.LL_RCC_HSI_IsReady                     0x0800061c   Section        0  stm32g0xx_ll_rcc.o(i.LL_RCC_HSI_IsReady)
    LL_RCC_HSI_IsReady                       0x0800061d   Thumb Code    10  stm32g0xx_ll_rcc.o(i.LL_RCC_HSI_IsReady)
    i.LL_RCC_SetUSARTClockSource             0x0800062c   Section        0  usart.o(i.LL_RCC_SetUSARTClockSource)
    LL_RCC_SetUSARTClockSource               0x0800062d   Thumb Code    16  usart.o(i.LL_RCC_SetUSARTClockSource)
    i.LL_SetSystemCoreClock                  0x08000640   Section        0  stm32g0xx_ll_utils.o(i.LL_SetSystemCoreClock)
    i.LL_USART_ConfigAsyncMode               0x0800064c   Section        0  usart.o(i.LL_USART_ConfigAsyncMode)
    LL_USART_ConfigAsyncMode                 0x0800064d   Thumb Code    20  usart.o(i.LL_USART_ConfigAsyncMode)
    i.LL_USART_Init                          0x08000660   Section        0  stm32g0xx_ll_usart.o(i.LL_USART_Init)
    i.LL_USART_SetRXFIFOThreshold            0x08000758   Section        0  usart.o(i.LL_USART_SetRXFIFOThreshold)
    LL_USART_SetRXFIFOThreshold              0x08000759   Thumb Code    32  usart.o(i.LL_USART_SetRXFIFOThreshold)
    i.LL_USART_SetTXFIFOThreshold            0x08000778   Section        0  usart.o(i.LL_USART_SetTXFIFOThreshold)
    LL_USART_SetTXFIFOThreshold              0x08000779   Thumb Code    28  usart.o(i.LL_USART_SetTXFIFOThreshold)
    i.MX_GPIO_Init                           0x08000794   Section        0  gpio.o(i.MX_GPIO_Init)
    i.MX_IWDG_Init                           0x080007a4   Section        0  iwdg.o(i.MX_IWDG_Init)
    i.MX_USART1_UART_Init                    0x080007d8   Section        0  usart.o(i.MX_USART1_UART_Init)
    i.MX_USART2_UART_Init                    0x080008b4   Section        0  usart.o(i.MX_USART2_UART_Init)
    i.NMI_Handler                            0x0800098c   Section        0  stm32g0xx_it.o(i.NMI_Handler)
    i.RCC_GetHCLKClockFreq                   0x08000990   Section        0  stm32g0xx_ll_rcc.o(i.RCC_GetHCLKClockFreq)
    RCC_GetHCLKClockFreq                     0x08000991   Thumb Code    24  stm32g0xx_ll_rcc.o(i.RCC_GetHCLKClockFreq)
    i.RCC_GetPCLK1ClockFreq                  0x080009b0   Section        0  stm32g0xx_ll_rcc.o(i.RCC_GetPCLK1ClockFreq)
    RCC_GetPCLK1ClockFreq                    0x080009b1   Thumb Code    22  stm32g0xx_ll_rcc.o(i.RCC_GetPCLK1ClockFreq)
    i.RCC_GetSystemClockFreq                 0x080009d0   Section        0  stm32g0xx_ll_rcc.o(i.RCC_GetSystemClockFreq)
    RCC_GetSystemClockFreq                   0x080009d1   Thumb Code    88  stm32g0xx_ll_rcc.o(i.RCC_GetSystemClockFreq)
    i.SysTick_Handler                        0x08000a30   Section        0  board.o(i.SysTick_Handler)
    i.SystemClock_Config                     0x08000a40   Section        0  main.o(i.SystemClock_Config)
    i.SystemCoreClockUpdate                  0x08000af8   Section        0  system_stm32g0xx.o(i.SystemCoreClockUpdate)
    i.SystemInit                             0x08000b88   Section        0  system_stm32g0xx.o(i.SystemInit)
    i.USART1_IRQHandler                      0x08000b8a   Section        0  stm32g0xx_it.o(i.USART1_IRQHandler)
    i.USART2_IRQHandler                      0x08000b8c   Section        0  stm32g0xx_it.o(i.USART2_IRQHandler)
    i.__ARM_common_switch8                   0x08000b8e   Section        0  timer.o(i.__ARM_common_switch8)
    i.__NVIC_EnableIRQ                       0x08000ba8   Section        0  usart.o(i.__NVIC_EnableIRQ)
    __NVIC_EnableIRQ                         0x08000ba9   Thumb Code    18  usart.o(i.__NVIC_EnableIRQ)
    i.__NVIC_SetPriority                     0x08000bc0   Section        0  usart.o(i.__NVIC_SetPriority)
    __NVIC_SetPriority                       0x08000bc1   Thumb Code    60  usart.o(i.__NVIC_SetPriority)
    i.__rt_ffs                               0x08000c04   Section        0  kservice.o(i.__rt_ffs)
    i._rt_thread_init                        0x08000c44   Section        0  thread.o(i._rt_thread_init)
    _rt_thread_init                          0x08000c45   Thumb Code   104  thread.o(i._rt_thread_init)
    i._rt_timer_remove                       0x08000cb4   Section        0  timer.o(i._rt_timer_remove)
    _rt_timer_remove                         0x08000cb5   Thumb Code    10  timer.o(i._rt_timer_remove)
    i._thread_cleanup_execute                0x08000cbe   Section        0  thread.o(i._thread_cleanup_execute)
    _thread_cleanup_execute                  0x08000cbf   Thumb Code    28  thread.o(i._thread_cleanup_execute)
    i.main                                   0x08000cdc   Section        0  main.o(i.main)
    i.main_thread_entry                      0x08000d40   Section        0  components.o(i.main_thread_entry)
    i.print_number                           0x08000d4c   Section        0  kservice.o(i.print_number)
    print_number                             0x08000d4d   Thumb Code   320  kservice.o(i.print_number)
    i.rt_application_init                    0x08000e90   Section        0  components.o(i.rt_application_init)
    i.rt_components_board_init               0x08000ec8   Section        0  components.o(i.rt_components_board_init)
    i.rt_components_init                     0x08000ee4   Section        0  components.o(i.rt_components_init)
    i.rt_enter_critical                      0x08000f00   Section        0  scheduler.o(i.rt_enter_critical)
    i.rt_exit_critical                       0x08000f18   Section        0  scheduler.o(i.rt_exit_critical)
    i.rt_hw_board_init                       0x08000f4c   Section        0  board.o(i.rt_hw_board_init)
    i.rt_hw_console_output                   0x08000f84   Section        0  board.o(i.rt_hw_console_output)
    i.rt_hw_hard_fault_exception             0x08000fb0   Section        0  cpuport.o(i.rt_hw_hard_fault_exception)
    i.rt_hw_stack_init                       0x080010a0   Section        0  cpuport.o(i.rt_hw_stack_init)
    i.rt_interrupt_enter                     0x080010d8   Section        0  irq.o(i.rt_interrupt_enter)
    i.rt_interrupt_leave                     0x080010f0   Section        0  irq.o(i.rt_interrupt_leave)
    i.rt_kprintf                             0x08001108   Section        0  kservice.o(i.rt_kprintf)
    i.rt_list_insert_after                   0x0800112c   Section        0  thread.o(i.rt_list_insert_after)
    rt_list_insert_after                     0x0800112d   Thumb Code    14  thread.o(i.rt_list_insert_after)
    i.rt_list_insert_after                   0x0800113a   Section        0  timer.o(i.rt_list_insert_after)
    rt_list_insert_after                     0x0800113b   Thumb Code    14  timer.o(i.rt_list_insert_after)
    i.rt_list_remove                         0x08001148   Section        0  thread.o(i.rt_list_remove)
    rt_list_remove                           0x08001149   Thumb Code    18  thread.o(i.rt_list_remove)
    i.rt_list_remove                         0x0800115a   Section        0  timer.o(i.rt_list_remove)
    rt_list_remove                           0x0800115b   Thumb Code    18  timer.o(i.rt_list_remove)
    i.rt_memset                              0x0800116c   Section        0  kservice.o(i.rt_memset)
    i.rt_object_detach                       0x080011aa   Section        0  object.o(i.rt_object_detach)
    i.rt_object_get_information              0x080011d0   Section        0  object.o(i.rt_object_get_information)
    i.rt_object_init                         0x080011f0   Section        0  object.o(i.rt_object_init)
    i.rt_object_is_systemobject              0x0800123e   Section        0  object.o(i.rt_object_is_systemobject)
    i.rt_schedule                            0x0800124c   Section        0  scheduler.o(i.rt_schedule)
    i.rt_schedule_insert_thread              0x080012a8   Section        0  scheduler.o(i.rt_schedule_insert_thread)
    i.rt_schedule_remove_thread              0x080012f4   Section        0  scheduler.o(i.rt_schedule_remove_thread)
    i.rt_show_version                        0x08001338   Section        0  kservice.o(i.rt_show_version)
    i.rt_strlen                              0x080013e8   Section        0  kservice.o(i.rt_strlen)
    i.rt_strncpy                             0x080013f8   Section        0  kservice.o(i.rt_strncpy)
    i.rt_system_scheduler_init               0x08001420   Section        0  scheduler.o(i.rt_system_scheduler_init)
    i.rt_system_scheduler_start              0x08001454   Section        0  scheduler.o(i.rt_system_scheduler_start)
    i.rt_system_timer_init                   0x0800147c   Section        0  timer.o(i.rt_system_timer_init)
    i.rt_system_timer_thread_init            0x08001488   Section        0  timer.o(i.rt_system_timer_thread_init)
    i.rt_thread_exit                         0x0800148c   Section        0  thread.o(i.rt_thread_exit)
    i.rt_thread_idle_entry                   0x080014e4   Section        0  idle.o(i.rt_thread_idle_entry)
    rt_thread_idle_entry                     0x080014e5   Thumb Code     2  idle.o(i.rt_thread_idle_entry)
    i.rt_thread_idle_init                    0x080014e8   Section        0  idle.o(i.rt_thread_idle_init)
    i.rt_thread_init                         0x0800151c   Section        0  thread.o(i.rt_thread_init)
    i.rt_thread_mdelay                       0x08001546   Section        0  thread.o(i.rt_thread_mdelay)
    i.rt_thread_resume                       0x08001552   Section        0  thread.o(i.rt_thread_resume)
    i.rt_thread_self                         0x08001590   Section        0  thread.o(i.rt_thread_self)
    i.rt_thread_sleep                        0x0800159c   Section        0  thread.o(i.rt_thread_sleep)
    i.rt_thread_startup                      0x080015dc   Section        0  thread.o(i.rt_thread_startup)
    i.rt_thread_suspend                      0x08001608   Section        0  thread.o(i.rt_thread_suspend)
    i.rt_thread_timeout                      0x08001648   Section        0  thread.o(i.rt_thread_timeout)
    i.rt_thread_yield                        0x08001668   Section        0  thread.o(i.rt_thread_yield)
    i.rt_tick_from_millisecond               0x080016c4   Section        0  clock.o(i.rt_tick_from_millisecond)
    i.rt_tick_get                            0x080016f4   Section        0  clock.o(i.rt_tick_get)
    i.rt_tick_increase                       0x08001700   Section        0  clock.o(i.rt_tick_increase)
    i.rt_timer_check                         0x08001728   Section        0  timer.o(i.rt_timer_check)
    i.rt_timer_control                       0x080017b0   Section        0  timer.o(i.rt_timer_control)
    i.rt_timer_detach                        0x080017f8   Section        0  timer.o(i.rt_timer_detach)
    i.rt_timer_init                          0x08001820   Section        0  timer.o(i.rt_timer_init)
    i.rt_timer_start                         0x0800184c   Section        0  timer.o(i.rt_timer_start)
    i.rt_timer_stop                          0x080018cc   Section        0  timer.o(i.rt_timer_stop)
    i.rt_vsnprintf                           0x080018fc   Section        0  kservice.o(i.rt_vsnprintf)
    i.rti_board_end                          0x08001b68   Section        0  components.o(i.rti_board_end)
    rti_board_end                            0x08001b69   Thumb Code     4  components.o(i.rti_board_end)
    i.rti_board_start                        0x08001b6c   Section        0  components.o(i.rti_board_start)
    rti_board_start                          0x08001b6d   Thumb Code     4  components.o(i.rti_board_start)
    i.rti_end                                0x08001b70   Section        0  components.o(i.rti_end)
    rti_end                                  0x08001b71   Thumb Code     4  components.o(i.rti_end)
    i.rti_start                              0x08001b74   Section        0  components.o(i.rti_start)
    rti_start                                0x08001b75   Thumb Code     4  components.o(i.rti_start)
    i.rtthread_startup                       0x08001b78   Section        0  components.o(i.rtthread_startup)
    i.skip_atoi                              0x08001ba2   Section        0  kservice.o(i.skip_atoi)
    skip_atoi                                0x08001ba3   Thumb Code    32  kservice.o(i.skip_atoi)
    i.uart1_send                             0x08001bc4   Section        0  usart.o(i.uart1_send)
    .constdata                               0x08001be8   Section       48  stm32g0xx_ll_usart.o(.constdata)
    USART_PRESCALER_TAB                      0x08001be8   Data          48  stm32g0xx_ll_usart.o(.constdata)
    .constdata                               0x08001c18   Section       64  system_stm32g0xx.o(.constdata)
    .constdata                               0x08001c58   Section       32  system_stm32g0xx.o(.constdata)
    .constdata                               0x08001c78   Section      290  kservice.o(.constdata)
    small_digits                             0x08001d78   Data          17  kservice.o(.constdata)
    large_digits                             0x08001d89   Data          17  kservice.o(.constdata)
    .rti_fn.0                                0x08001d9c   Section        4  components.o(.rti_fn.0)
    __tagsym$$used                           0x08001d9c   Number         0  components.o(.rti_fn.0)
    .rti_fn.0.end                            0x08001da0   Section        4  components.o(.rti_fn.0.end)
    __tagsym$$used                           0x08001da0   Number         0  components.o(.rti_fn.0.end)
    .rti_fn.1.end                            0x08001da4   Section        4  components.o(.rti_fn.1.end)
    __tagsym$$used                           0x08001da4   Number         0  components.o(.rti_fn.1.end)
    .rti_fn.6.end                            0x08001da8   Section        4  components.o(.rti_fn.6.end)
    __tagsym$$used                           0x08001da8   Number         0  components.o(.rti_fn.6.end)
    .data                                    0x20000000   Section        4  system_stm32g0xx.o(.data)
    .data                                    0x20000004   Section        4  clock.o(.data)
    rt_tick                                  0x20000004   Data           4  clock.o(.data)
    .data                                    0x20000008   Section        1  irq.o(.data)
    .data                                    0x2000000c   Section       48  object.o(.data)
    rt_object_container                      0x2000000c   Data          48  object.o(.data)
    .data                                    0x2000003c   Section       20  scheduler.o(.data)
    rt_scheduler_lock_nest                   0x2000003e   Data           2  scheduler.o(.data)
    .data                                    0x20000050   Section       12  timer.o(.data)
    random_nr                                0x20000050   Data           4  timer.o(.data)
    rt_timer_list                            0x20000054   Data           8  timer.o(.data)
    .data                                    0x2000005c   Section        4  cpuport.o(.data)
    .data                                    0x20000060   Section        4  cpuport.o(.data)
    .data                                    0x20000064   Section        4  cpuport.o(.data)
    .bss                                     0x20000068   Section     1144  components.o(.bss)
    main_stack                               0x20000068   Data        1024  components.o(.bss)
    .bss                                     0x200004e0   Section      248  idle.o(.bss)
    idle                                     0x200004e0   Data         120  idle.o(.bss)
    rt_thread_stack                          0x20000558   Data         128  idle.o(.bss)
    .bss                                     0x200005d8   Section      128  kservice.o(.bss)
    rt_log_buf                               0x200005d8   Data         128  kservice.o(.bss)
    .bss                                     0x20000658   Section      256  scheduler.o(.bss)
    .bss                                     0x20000758   Section       96  libspace.o(.bss)
    HEAP                                     0x200007b8   Section      512  startup_stm32g070xx.o(HEAP)
    Heap_Mem                                 0x200007b8   Data         512  startup_stm32g070xx.o(HEAP)
    STACK                                    0x200009b8   Section     1024  startup_stm32g070xx.o(STACK)
    Stack_Mem                                0x200009b8   Data        1024  startup_stm32g070xx.o(STACK)
    __initial_sp                             0x20000db8   Data           0  startup_stm32g070xx.o(STACK)

    Global Symbols

    Symbol Name                              Value     Ov Type        Size  Object(Section)

    BuildAttributes$$THM_ISAv3M$S$PE$A:L22$X:L11$S22$IEEE1$IW$USESV6$~STKCKD$USESV7$~SHL$OSPACE$ROPI$EBA8$UX$STANDARDLIB$REQ8$PRES8$EABIv2 0x00000000   Number         0  anon$$obj.o ABSOLUTE
    __ARM_use_no_argv                        0x00000000   Number         0  main.o ABSOLUTE
    __ARM_exceptions_init                     - Undefined Weak Reference
    __alloca_initialize                       - Undefined Weak Reference
    __arm_fini_                               - Undefined Weak Reference
    __arm_preinit_                            - Undefined Weak Reference
    __cpp_initialize__aeabi_                  - Undefined Weak Reference
    __cxa_finalize                            - Undefined Weak Reference
    __rt_locale                               - Undefined Weak Reference
    __sigvec_lookup                           - Undefined Weak Reference
    _atexit_init                              - Undefined Weak Reference
    _call_atexit_fns                          - Undefined Weak Reference
    _clock_init                               - Undefined Weak Reference
    _fp_trap_init                             - Undefined Weak Reference
    _fp_trap_shutdown                         - Undefined Weak Reference
    _get_lc_collate                           - Undefined Weak Reference
    _get_lc_ctype                             - Undefined Weak Reference
    _get_lc_monetary                          - Undefined Weak Reference
    _get_lc_numeric                           - Undefined Weak Reference
    _get_lc_time                              - Undefined Weak Reference
    _getenv_init                              - Undefined Weak Reference
    _handle_redirection                       - Undefined Weak Reference
    _init_alloc                               - Undefined Weak Reference
    _init_user_alloc                          - Undefined Weak Reference
    _initio                                   - Undefined Weak Reference
    _rand_init                                - Undefined Weak Reference
    _signal_finish                            - Undefined Weak Reference
    _signal_init                              - Undefined Weak Reference
    _terminate_alloc                          - Undefined Weak Reference
    _terminate_user_alloc                     - Undefined Weak Reference
    _terminateio                              - Undefined Weak Reference
    __Vectors_Size                           0x000000b8   Number         0  startup_stm32g070xx.o ABSOLUTE
    __Vectors                                0x08000000   Data           4  startup_stm32g070xx.o(RESET)
    __Vectors_End                            0x080000b8   Data           0  startup_stm32g070xx.o(RESET)
    __main                                   0x080000b9   Thumb Code     8  __main.o(!!!main)
    __scatterload                            0x080000c1   Thumb Code     0  __scatter.o(!!!scatter)
    __scatterload_rt2                        0x080000c1   Thumb Code    52  __scatter.o(!!!scatter)
    __scatterload_rt2_thumb_only             0x080000c1   Thumb Code     0  __scatter.o(!!!scatter)
    __scatterload_null                       0x080000d1   Thumb Code     0  __scatter.o(!!!scatter)
    __scatterload_copy                       0x080000fd   Thumb Code    26  __scatter_copy.o(!!handler_copy)
    __scatterload_zeroinit                   0x08000119   Thumb Code    28  __scatter_zi.o(!!handler_zi)
    __rt_lib_init                            0x08000135   Thumb Code     0  libinit.o(.ARM.Collect$$libinit$$00000000)
    __rt_lib_init_alloca_1                   0x08000137   Thumb Code     0  libinit2.o(.ARM.Collect$$libinit$$0000002E)
    __rt_lib_init_argv_1                     0x08000137   Thumb Code     0  libinit2.o(.ARM.Collect$$libinit$$0000002C)
    __rt_lib_init_atexit_1                   0x08000137   Thumb Code     0  libinit2.o(.ARM.Collect$$libinit$$0000001B)
    __rt_lib_init_clock_1                    0x08000137   Thumb Code     0  libinit2.o(.ARM.Collect$$libinit$$00000021)
    __rt_lib_init_cpp_1                      0x08000137   Thumb Code     0  libinit2.o(.ARM.Collect$$libinit$$00000032)
    __rt_lib_init_exceptions_1               0x08000137   Thumb Code     0  libinit2.o(.ARM.Collect$$libinit$$00000030)
    __rt_lib_init_fp_1                       0x08000137   Thumb Code     0  libinit2.o(.ARM.Collect$$libinit$$00000002)
    __rt_lib_init_fp_trap_1                  0x08000137   Thumb Code     0  libinit2.o(.ARM.Collect$$libinit$$0000001F)
    __rt_lib_init_getenv_1                   0x08000137   Thumb Code     0  libinit2.o(.ARM.Collect$$libinit$$00000023)
    __rt_lib_init_heap_1                     0x08000137   Thumb Code     0  libinit2.o(.ARM.Collect$$libinit$$0000000A)
    __rt_lib_init_lc_collate_1               0x08000137   Thumb Code     0  libinit2.o(.ARM.Collect$$libinit$$00000011)
    __rt_lib_init_lc_ctype_1                 0x08000137   Thumb Code     0  libinit2.o(.ARM.Collect$$libinit$$00000013)
    __rt_lib_init_lc_monetary_1              0x08000137   Thumb Code     0  libinit2.o(.ARM.Collect$$libinit$$00000015)
    __rt_lib_init_lc_numeric_1               0x08000137   Thumb Code     0  libinit2.o(.ARM.Collect$$libinit$$00000017)
    __rt_lib_init_lc_time_1                  0x08000137   Thumb Code     0  libinit2.o(.ARM.Collect$$libinit$$00000019)
    __rt_lib_init_preinit_1                  0x08000137   Thumb Code     0  libinit2.o(.ARM.Collect$$libinit$$00000004)
    __rt_lib_init_rand_1                     0x08000137   Thumb Code     0  libinit2.o(.ARM.Collect$$libinit$$0000000E)
    __rt_lib_init_return                     0x08000137   Thumb Code     0  libinit2.o(.ARM.Collect$$libinit$$00000033)
    __rt_lib_init_signal_1                   0x08000137   Thumb Code     0  libinit2.o(.ARM.Collect$$libinit$$0000001D)
    __rt_lib_init_stdio_1                    0x08000137   Thumb Code     0  libinit2.o(.ARM.Collect$$libinit$$00000025)
    __rt_lib_init_user_alloc_1               0x08000137   Thumb Code     0  libinit2.o(.ARM.Collect$$libinit$$0000000C)
    __rt_lib_shutdown                        0x08000139   Thumb Code     0  libshutdown.o(.ARM.Collect$$libshutdown$$00000000)
    __rt_lib_shutdown_cpp_1                  0x0800013b   Thumb Code     0  libshutdown2.o(.ARM.Collect$$libshutdown$$00000004)
    __rt_lib_shutdown_fini_1                 0x0800013b   Thumb Code     0  libshutdown2.o(.ARM.Collect$$libshutdown$$00000002)
    __rt_lib_shutdown_fp_trap_1              0x0800013b   Thumb Code     0  libshutdown2.o(.ARM.Collect$$libshutdown$$00000009)
    __rt_lib_shutdown_heap_1                 0x0800013b   Thumb Code     0  libshutdown2.o(.ARM.Collect$$libshutdown$$00000011)
    __rt_lib_shutdown_return                 0x0800013b   Thumb Code     0  libshutdown2.o(.ARM.Collect$$libshutdown$$00000012)
    __rt_lib_shutdown_signal_1               0x0800013b   Thumb Code     0  libshutdown2.o(.ARM.Collect$$libshutdown$$0000000C)
    __rt_lib_shutdown_stdio_1                0x0800013b   Thumb Code     0  libshutdown2.o(.ARM.Collect$$libshutdown$$00000006)
    __rt_lib_shutdown_user_alloc_1           0x0800013b   Thumb Code     0  libshutdown2.o(.ARM.Collect$$libshutdown$$0000000E)
    __rt_entry                               0x0800013d   Thumb Code     0  __rtentry.o(.ARM.Collect$$rtentry$$00000000)
    __rt_entry_presh_1                       0x0800013d   Thumb Code     0  __rtentry2.o(.ARM.Collect$$rtentry$$00000002)
    __rt_entry_sh                            0x0800013d   Thumb Code     0  __rtentry4.o(.ARM.Collect$$rtentry$$00000004)
    __rt_entry_li                            0x08000143   Thumb Code     0  __rtentry2.o(.ARM.Collect$$rtentry$$0000000A)
    __rt_entry_postsh_1                      0x08000143   Thumb Code     0  __rtentry2.o(.ARM.Collect$$rtentry$$00000009)
    __rt_entry_main                          0x08000147   Thumb Code     0  __rtentry2.o(.ARM.Collect$$rtentry$$0000000D)
    __rt_entry_postli_1                      0x08000147   Thumb Code     0  __rtentry2.o(.ARM.Collect$$rtentry$$0000000C)
    __rt_exit                                0x0800014f   Thumb Code     0  rtexit.o(.ARM.Collect$$rtexit$$00000000)
    __rt_exit_ls                             0x08000151   Thumb Code     0  rtexit2.o(.ARM.Collect$$rtexit$$00000003)
    __rt_exit_prels_1                        0x08000151   Thumb Code     0  rtexit2.o(.ARM.Collect$$rtexit$$00000002)
    __rt_exit_exit                           0x08000155   Thumb Code     0  rtexit2.o(.ARM.Collect$$rtexit$$00000004)
    Reset_Handler                            0x0800015d   Thumb Code     8  startup_stm32g070xx.o(.text)
    SVC_Handler                              0x08000169   Thumb Code     2  startup_stm32g070xx.o(.text)
    ADC1_IRQHandler                          0x0800016f   Thumb Code     0  startup_stm32g070xx.o(.text)
    DMA1_Ch4_7_DMAMUX1_OVR_IRQHandler        0x0800016f   Thumb Code     0  startup_stm32g070xx.o(.text)
    DMA1_Channel1_IRQHandler                 0x0800016f   Thumb Code     0  startup_stm32g070xx.o(.text)
    DMA1_Channel2_3_IRQHandler               0x0800016f   Thumb Code     0  startup_stm32g070xx.o(.text)
    EXTI0_1_IRQHandler                       0x0800016f   Thumb Code     0  startup_stm32g070xx.o(.text)
    EXTI2_3_IRQHandler                       0x0800016f   Thumb Code     0  startup_stm32g070xx.o(.text)
    EXTI4_15_IRQHandler                      0x0800016f   Thumb Code     0  startup_stm32g070xx.o(.text)
    FLASH_IRQHandler                         0x0800016f   Thumb Code     0  startup_stm32g070xx.o(.text)
    I2C1_IRQHandler                          0x0800016f   Thumb Code     0  startup_stm32g070xx.o(.text)
    I2C2_IRQHandler                          0x0800016f   Thumb Code     0  startup_stm32g070xx.o(.text)
    RCC_IRQHandler                           0x0800016f   Thumb Code     0  startup_stm32g070xx.o(.text)
    RTC_TAMP_IRQHandler                      0x0800016f   Thumb Code     0  startup_stm32g070xx.o(.text)
    SPI1_IRQHandler                          0x0800016f   Thumb Code     0  startup_stm32g070xx.o(.text)
    SPI2_IRQHandler                          0x0800016f   Thumb Code     0  startup_stm32g070xx.o(.text)
    TIM14_IRQHandler                         0x0800016f   Thumb Code     0  startup_stm32g070xx.o(.text)
    TIM15_IRQHandler                         0x0800016f   Thumb Code     0  startup_stm32g070xx.o(.text)
    TIM16_IRQHandler                         0x0800016f   Thumb Code     0  startup_stm32g070xx.o(.text)
    TIM17_IRQHandler                         0x0800016f   Thumb Code     0  startup_stm32g070xx.o(.text)
    TIM1_BRK_UP_TRG_COM_IRQHandler           0x0800016f   Thumb Code     0  startup_stm32g070xx.o(.text)
    TIM1_CC_IRQHandler                       0x0800016f   Thumb Code     0  startup_stm32g070xx.o(.text)
    TIM3_IRQHandler                          0x0800016f   Thumb Code     0  startup_stm32g070xx.o(.text)
    TIM6_IRQHandler                          0x0800016f   Thumb Code     0  startup_stm32g070xx.o(.text)
    TIM7_IRQHandler                          0x0800016f   Thumb Code     0  startup_stm32g070xx.o(.text)
    USART3_4_IRQHandler                      0x0800016f   Thumb Code     0  startup_stm32g070xx.o(.text)
    WWDG_IRQHandler                          0x0800016f   Thumb Code     0  startup_stm32g070xx.o(.text)
    __user_initial_stackheap                 0x08000171   Thumb Code     0  startup_stm32g070xx.o(.text)
    rt_hw_interrupt_disable                  0x08000195   Thumb Code     8  context_rvds.o(.text)
    rt_hw_interrupt_enable                   0x0800019d   Thumb Code     6  context_rvds.o(.text)
    rt_hw_context_switch                     0x080001a3   Thumb Code    28  context_rvds.o(.text)
    rt_hw_context_switch_interrupt           0x080001a3   Thumb Code     0  context_rvds.o(.text)
    PendSV_Handler                           0x080001bf   Thumb Code    84  context_rvds.o(.text)
    rt_hw_context_switch_to                  0x08000213   Thumb Code    44  context_rvds.o(.text)
    rt_hw_interrupt_thread_switch            0x0800023f   Thumb Code     2  context_rvds.o(.text)
    HardFault_Handler                        0x08000241   Thumb Code    12  context_rvds.o(.text)
    _memset_w                                0x0800026d   Thumb Code    26  rt_memclr.o(.text)
    _memset                                  0x08000287   Thumb Code    30  rt_memclr.o(.text)
    __aeabi_memclr                           0x080002a5   Thumb Code     4  rt_memclr.o(.text)
    __rt_memclr                              0x080002a5   Thumb Code     0  rt_memclr.o(.text)
    __aeabi_memclr4                          0x080002a9   Thumb Code     0  rt_memclr.o(.text)
    __aeabi_memclr8                          0x080002a9   Thumb Code     0  rt_memclr.o(.text)
    __rt_memclr_w                            0x080002a9   Thumb Code     4  rt_memclr.o(.text)
    __aeabi_uidiv                            0x080002ad   Thumb Code     0  aeabi_sdiv.o(.text)
    __aeabi_uidivmod                         0x080002ad   Thumb Code    20  aeabi_sdiv.o(.text)
    __aeabi_idiv                             0x080002c1   Thumb Code     0  aeabi_sdiv.o(.text)
    __aeabi_idivmod                          0x080002c1   Thumb Code   326  aeabi_sdiv.o(.text)
    __use_two_region_memory                  0x08000407   Thumb Code     2  heapauxi.o(.text)
    __rt_heap_escrow$2region                 0x08000409   Thumb Code     2  heapauxi.o(.text)
    __rt_heap_expand$2region                 0x0800040b   Thumb Code     2  heapauxi.o(.text)
    __user_setup_stackheap                   0x0800040d   Thumb Code    62  sys_stackheap_outer.o(.text)
    exit                                     0x0800044b   Thumb Code    16  exit.o(.text)
    __user_libspace                          0x0800045d   Thumb Code     8  libspace.o(.text)
    __user_perproc_libspace                  0x0800045d   Thumb Code     0  libspace.o(.text)
    __user_perthread_libspace                0x0800045d   Thumb Code     0  libspace.o(.text)
    _sys_exit                                0x08000465   Thumb Code     8  sys_exit.o(.text)
    __I$use$semihosting                      0x08000471   Thumb Code     0  use_no_semi.o(.text)
    __use_no_semihosting_swi                 0x08000471   Thumb Code     2  use_no_semi.o(.text)
    __semihosting_library_function           0x08000473   Thumb Code     0  indicate_semi.o(.text)
    main                                     0x08000473   Thumb Code    10  components.o(i.$Sub$$main)
    LL_GPIO_Init                             0x0800047d   Thumb Code   172  stm32g0xx_ll_gpio.o(i.LL_GPIO_Init)
    LL_Init1msTick                           0x08000559   Thumb Code    26  stm32g0xx_ll_utils.o(i.LL_Init1msTick)
    LL_RCC_GetSystemClocksFreq               0x08000579   Thumb Code    24  stm32g0xx_ll_rcc.o(i.LL_RCC_GetSystemClocksFreq)
    LL_RCC_GetUSARTClockFreq                 0x08000591   Thumb Code   108  stm32g0xx_ll_rcc.o(i.LL_RCC_GetUSARTClockFreq)
    LL_SetSystemCoreClock                    0x08000641   Thumb Code     6  stm32g0xx_ll_utils.o(i.LL_SetSystemCoreClock)
    LL_USART_Init                            0x08000661   Thumb Code   220  stm32g0xx_ll_usart.o(i.LL_USART_Init)
    MX_GPIO_Init                             0x08000795   Thumb Code    16  gpio.o(i.MX_GPIO_Init)
    MX_IWDG_Init                             0x080007a5   Thumb Code    30  iwdg.o(i.MX_IWDG_Init)
    MX_USART1_UART_Init                      0x080007d9   Thumb Code   210  usart.o(i.MX_USART1_UART_Init)
    MX_USART2_UART_Init                      0x080008b5   Thumb Code   208  usart.o(i.MX_USART2_UART_Init)
    NMI_Handler                              0x0800098d   Thumb Code     2  stm32g0xx_it.o(i.NMI_Handler)
    SysTick_Handler                          0x08000a31   Thumb Code    16  board.o(i.SysTick_Handler)
    SystemClock_Config                       0x08000a41   Thumb Code   162  main.o(i.SystemClock_Config)
    SystemCoreClockUpdate                    0x08000af9   Thumb Code   126  system_stm32g0xx.o(i.SystemCoreClockUpdate)
    SystemInit                               0x08000b89   Thumb Code     2  system_stm32g0xx.o(i.SystemInit)
    USART1_IRQHandler                        0x08000b8b   Thumb Code     2  stm32g0xx_it.o(i.USART1_IRQHandler)
    USART2_IRQHandler                        0x08000b8d   Thumb Code     2  stm32g0xx_it.o(i.USART2_IRQHandler)
    __ARM_common_switch8                     0x08000b8f   Thumb Code    26  timer.o(i.__ARM_common_switch8)
    __rt_ffs                                 0x08000c05   Thumb Code    60  kservice.o(i.__rt_ffs)
    $Super$$main                             0x08000cdd   Thumb Code    72  main.o(i.main)
    main_thread_entry                        0x08000d41   Thumb Code    12  components.o(i.main_thread_entry)
    rt_application_init                      0x08000e91   Thumb Code    40  components.o(i.rt_application_init)
    rt_components_board_init                 0x08000ec9   Thumb Code    20  components.o(i.rt_components_board_init)
    rt_components_init                       0x08000ee5   Thumb Code    20  components.o(i.rt_components_init)
    rt_enter_critical                        0x08000f01   Thumb Code    20  scheduler.o(i.rt_enter_critical)
    rt_exit_critical                         0x08000f19   Thumb Code    46  scheduler.o(i.rt_exit_critical)
    rt_hw_board_init                         0x08000f4d   Thumb Code    44  board.o(i.rt_hw_board_init)
    rt_hw_console_output                     0x08000f85   Thumb Code    42  board.o(i.rt_hw_console_output)
    rt_hw_hard_fault_exception               0x08000fb1   Thumb Code    78  cpuport.o(i.rt_hw_hard_fault_exception)
    rt_hw_stack_init                         0x080010a1   Thumb Code    50  cpuport.o(i.rt_hw_stack_init)
    rt_interrupt_enter                       0x080010d9   Thumb Code    20  irq.o(i.rt_interrupt_enter)
    rt_interrupt_leave                       0x080010f1   Thumb Code    20  irq.o(i.rt_interrupt_leave)
    rt_kprintf                               0x08001109   Thumb Code    30  kservice.o(i.rt_kprintf)
    rt_memset                                0x0800116d   Thumb Code    62  kservice.o(i.rt_memset)
    rt_object_detach                         0x080011ab   Thumb Code    36  object.o(i.rt_object_detach)
    rt_object_get_information                0x080011d1   Thumb Code    28  object.o(i.rt_object_get_information)
    rt_object_init                           0x080011f1   Thumb Code    78  object.o(i.rt_object_init)
    rt_object_is_systemobject                0x0800123f   Thumb Code    14  object.o(i.rt_object_is_systemobject)
    rt_schedule                              0x0800124d   Thumb Code    80  scheduler.o(i.rt_schedule)
    rt_schedule_insert_thread                0x080012a9   Thumb Code    66  scheduler.o(i.rt_schedule_insert_thread)
    rt_schedule_remove_thread                0x080012f5   Thumb Code    60  scheduler.o(i.rt_schedule_remove_thread)
    rt_show_version                          0x08001339   Thumb Code    38  kservice.o(i.rt_show_version)
    rt_strlen                                0x080013e9   Thumb Code    16  kservice.o(i.rt_strlen)
    rt_strncpy                               0x080013f9   Thumb Code    40  kservice.o(i.rt_strncpy)
    rt_system_scheduler_init                 0x08001421   Thumb Code    44  scheduler.o(i.rt_system_scheduler_init)
    rt_system_scheduler_start                0x08001455   Thumb Code    30  scheduler.o(i.rt_system_scheduler_start)
    rt_system_timer_init                     0x0800147d   Thumb Code     8  timer.o(i.rt_system_timer_init)
    rt_system_timer_thread_init              0x08001489   Thumb Code     2  timer.o(i.rt_system_timer_thread_init)
    rt_thread_exit                           0x0800148d   Thumb Code    78  thread.o(i.rt_thread_exit)
    rt_thread_idle_init                      0x080014e9   Thumb Code    36  idle.o(i.rt_thread_idle_init)
    rt_thread_init                           0x0800151d   Thumb Code    42  thread.o(i.rt_thread_init)
    rt_thread_mdelay                         0x08001547   Thumb Code    12  thread.o(i.rt_thread_mdelay)
    rt_thread_resume                         0x08001553   Thumb Code    60  thread.o(i.rt_thread_resume)
    rt_thread_self                           0x08001591   Thumb Code     6  thread.o(i.rt_thread_self)
    rt_thread_sleep                          0x0800159d   Thumb Code    60  thread.o(i.rt_thread_sleep)
    rt_thread_startup                        0x080015dd   Thumb Code    40  thread.o(i.rt_thread_startup)
    rt_thread_suspend                        0x08001609   Thumb Code    64  thread.o(i.rt_thread_suspend)
    rt_thread_timeout                        0x08001649   Thumb Code    30  thread.o(i.rt_thread_timeout)
    rt_thread_yield                          0x08001669   Thumb Code    84  thread.o(i.rt_thread_yield)
    rt_tick_from_millisecond                 0x080016c5   Thumb Code    46  clock.o(i.rt_tick_from_millisecond)
    rt_tick_get                              0x080016f5   Thumb Code     6  clock.o(i.rt_tick_get)
    rt_tick_increase                         0x08001701   Thumb Code    36  clock.o(i.rt_tick_increase)
    rt_timer_check                           0x08001729   Thumb Code   128  timer.o(i.rt_timer_check)
    rt_timer_control                         0x080017b1   Thumb Code    72  timer.o(i.rt_timer_control)
    rt_timer_detach                          0x080017f9   Thumb Code    40  timer.o(i.rt_timer_detach)
    rt_timer_init                            0x08001821   Thumb Code    44  timer.o(i.rt_timer_init)
    rt_timer_start                           0x0800184d   Thumb Code   120  timer.o(i.rt_timer_start)
    rt_timer_stop                            0x080018cd   Thumb Code    46  timer.o(i.rt_timer_stop)
    rt_vsnprintf                             0x080018fd   Thumb Code   612  kservice.o(i.rt_vsnprintf)
    rtthread_startup                         0x08001b79   Thumb Code    42  components.o(i.rtthread_startup)
    uart1_send                               0x08001bc5   Thumb Code    26  usart.o(i.uart1_send)
    AHBPrescTable                            0x08001c18   Data          64  system_stm32g0xx.o(.constdata)
    APBPrescTable                            0x08001c58   Data          32  system_stm32g0xx.o(.constdata)
    __lowest_bit_bitmap                      0x08001c78   Data         256  kservice.o(.constdata)
    __rt_init_rti_start                      0x08001d9c   Data           4  components.o(.rti_fn.0)
    __rt_init_rti_board_start                0x08001da0   Data           4  components.o(.rti_fn.0.end)
    __rt_init_rti_board_end                  0x08001da4   Data           4  components.o(.rti_fn.1.end)
    __rt_init_rti_end                        0x08001da8   Data           4  components.o(.rti_fn.6.end)
    Region$$Table$$Base                      0x08001dac   Number         0  anon$$obj.o(Region$$Table)
    Region$$Table$$Limit                     0x08001dcc   Number         0  anon$$obj.o(Region$$Table)
    SystemCoreClock                          0x20000000   Data           4  system_stm32g0xx.o(.data)
    rt_interrupt_nest                        0x20000008   Data           1  irq.o(.data)
    rt_current_priority                      0x2000003c   Data           1  scheduler.o(.data)
    rt_current_thread                        0x20000040   Data           4  scheduler.o(.data)
    rt_thread_ready_priority_group           0x20000044   Data           4  scheduler.o(.data)
    rt_thread_defunct                        0x20000048   Data           8  scheduler.o(.data)
    rt_interrupt_from_thread                 0x2000005c   Data           4  cpuport.o(.data)
    rt_interrupt_to_thread                   0x20000060   Data           4  cpuport.o(.data)
    rt_thread_switch_interrupt_flag          0x20000064   Data           4  cpuport.o(.data)
    main_thread                              0x20000468   Data         120  components.o(.bss)
    rt_thread_priority_table                 0x20000658   Data         256  scheduler.o(.bss)
    __libspace_start                         0x20000758   Data          96  libspace.o(.bss)
    __temporary_stack_top$libspace           0x200007b8   Data           0  libspace.o(.bss)



==============================================================================

Memory Map of the image

  Image Entry point : 0x080000b9

  Load Region LR_IROM1 (Base: 0x08000000, Size: 0x00001e34, Max: 0x00020000, ABSOLUTE)

    Execution Region ER_IROM1 (Exec base: 0x08000000, Load base: 0x08000000, Size: 0x00001dcc, Max: 0x00020000, ABSOLUTE)

    Exec Addr    Load Addr    Size         Type   Attr      Idx    E Section Name        Object

    0x08000000   0x08000000   0x000000b8   Data   RO            3    RESET               startup_stm32g070xx.o
    0x080000b8   0x080000b8   0x00000008   Code   RO         1590  * !!!main             c_p.l(__main.o)
    0x080000c0   0x080000c0   0x0000003c   Code   RO         1761    !!!scatter          c_p.l(__scatter.o)
    0x080000fc   0x080000fc   0x0000001a   Code   RO         1763    !!handler_copy      c_p.l(__scatter_copy.o)
    0x08000116   0x08000116   0x00000002   PAD
    0x08000118   0x08000118   0x0000001c   Code   RO         1765    !!handler_zi        c_p.l(__scatter_zi.o)
    0x08000134   0x08000134   0x00000002   Code   RO         1628    .ARM.Collect$$libinit$$00000000  c_p.l(libinit.o)
    0x08000136   0x08000136   0x00000000   Code   RO         1642    .ARM.Collect$$libinit$$00000002  c_p.l(libinit2.o)
    0x08000136   0x08000136   0x00000000   Code   RO         1644    .ARM.Collect$$libinit$$00000004  c_p.l(libinit2.o)
    0x08000136   0x08000136   0x00000000   Code   RO         1647    .ARM.Collect$$libinit$$0000000A  c_p.l(libinit2.o)
    0x08000136   0x08000136   0x00000000   Code   RO         1649    .ARM.Collect$$libinit$$0000000C  c_p.l(libinit2.o)
    0x08000136   0x08000136   0x00000000   Code   RO         1651    .ARM.Collect$$libinit$$0000000E  c_p.l(libinit2.o)
    0x08000136   0x08000136   0x00000000   Code   RO         1654    .ARM.Collect$$libinit$$00000011  c_p.l(libinit2.o)
    0x08000136   0x08000136   0x00000000   Code   RO         1656    .ARM.Collect$$libinit$$00000013  c_p.l(libinit2.o)
    0x08000136   0x08000136   0x00000000   Code   RO         1658    .ARM.Collect$$libinit$$00000015  c_p.l(libinit2.o)
    0x08000136   0x08000136   0x00000000   Code   RO         1660    .ARM.Collect$$libinit$$00000017  c_p.l(libinit2.o)
    0x08000136   0x08000136   0x00000000   Code   RO         1662    .ARM.Collect$$libinit$$00000019  c_p.l(libinit2.o)
    0x08000136   0x08000136   0x00000000   Code   RO         1664    .ARM.Collect$$libinit$$0000001B  c_p.l(libinit2.o)
    0x08000136   0x08000136   0x00000000   Code   RO         1666    .ARM.Collect$$libinit$$0000001D  c_p.l(libinit2.o)
    0x08000136   0x08000136   0x00000000   Code   RO         1668    .ARM.Collect$$libinit$$0000001F  c_p.l(libinit2.o)
    0x08000136   0x08000136   0x00000000   Code   RO         1670    .ARM.Collect$$libinit$$00000021  c_p.l(libinit2.o)
    0x08000136   0x08000136   0x00000000   Code   RO         1672    .ARM.Collect$$libinit$$00000023  c_p.l(libinit2.o)
    0x08000136   0x08000136   0x00000000   Code   RO         1674    .ARM.Collect$$libinit$$00000025  c_p.l(libinit2.o)
    0x08000136   0x08000136   0x00000000   Code   RO         1678    .ARM.Collect$$libinit$$0000002C  c_p.l(libinit2.o)
    0x08000136   0x08000136   0x00000000   Code   RO         1680    .ARM.Collect$$libinit$$0000002E  c_p.l(libinit2.o)
    0x08000136   0x08000136   0x00000000   Code   RO         1682    .ARM.Collect$$libinit$$00000030  c_p.l(libinit2.o)
    0x08000136   0x08000136   0x00000000   Code   RO         1684    .ARM.Collect$$libinit$$00000032  c_p.l(libinit2.o)
    0x08000136   0x08000136   0x00000002   Code   RO         1685    .ARM.Collect$$libinit$$00000033  c_p.l(libinit2.o)
    0x08000138   0x08000138   0x00000002   Code   RO         1716    .ARM.Collect$$libshutdown$$00000000  c_p.l(libshutdown.o)
    0x0800013a   0x0800013a   0x00000000   Code   RO         1742    .ARM.Collect$$libshutdown$$00000002  c_p.l(libshutdown2.o)
    0x0800013a   0x0800013a   0x00000000   Code   RO         1744    .ARM.Collect$$libshutdown$$00000004  c_p.l(libshutdown2.o)
    0x0800013a   0x0800013a   0x00000000   Code   RO         1746    .ARM.Collect$$libshutdown$$00000006  c_p.l(libshutdown2.o)
    0x0800013a   0x0800013a   0x00000000   Code   RO         1749    .ARM.Collect$$libshutdown$$00000009  c_p.l(libshutdown2.o)
    0x0800013a   0x0800013a   0x00000000   Code   RO         1752    .ARM.Collect$$libshutdown$$0000000C  c_p.l(libshutdown2.o)
    0x0800013a   0x0800013a   0x00000000   Code   RO         1754    .ARM.Collect$$libshutdown$$0000000E  c_p.l(libshutdown2.o)
    0x0800013a   0x0800013a   0x00000000   Code   RO         1757    .ARM.Collect$$libshutdown$$00000011  c_p.l(libshutdown2.o)
    0x0800013a   0x0800013a   0x00000002   Code   RO         1758    .ARM.Collect$$libshutdown$$00000012  c_p.l(libshutdown2.o)
    0x0800013c   0x0800013c   0x00000000   Code   RO         1592    .ARM.Collect$$rtentry$$00000000  c_p.l(__rtentry.o)
    0x0800013c   0x0800013c   0x00000000   Code   RO         1598    .ARM.Collect$$rtentry$$00000002  c_p.l(__rtentry2.o)
    0x0800013c   0x0800013c   0x00000006   Code   RO         1610    .ARM.Collect$$rtentry$$00000004  c_p.l(__rtentry4.o)
    0x08000142   0x08000142   0x00000000   Code   RO         1600    .ARM.Collect$$rtentry$$00000009  c_p.l(__rtentry2.o)
    0x08000142   0x08000142   0x00000004   Code   RO         1601    .ARM.Collect$$rtentry$$0000000A  c_p.l(__rtentry2.o)
    0x08000146   0x08000146   0x00000000   Code   RO         1603    .ARM.Collect$$rtentry$$0000000C  c_p.l(__rtentry2.o)
    0x08000146   0x08000146   0x00000008   Code   RO         1604    .ARM.Collect$$rtentry$$0000000D  c_p.l(__rtentry2.o)
    0x0800014e   0x0800014e   0x00000002   Code   RO         1633    .ARM.Collect$$rtexit$$00000000  c_p.l(rtexit.o)
    0x08000150   0x08000150   0x00000000   Code   RO         1689    .ARM.Collect$$rtexit$$00000002  c_p.l(rtexit2.o)
    0x08000150   0x08000150   0x00000004   Code   RO         1690    .ARM.Collect$$rtexit$$00000003  c_p.l(rtexit2.o)
    0x08000154   0x08000154   0x00000006   Code   RO         1691    .ARM.Collect$$rtexit$$00000004  c_p.l(rtexit2.o)
    0x0800015a   0x0800015a   0x00000002   PAD
    0x0800015c   0x0800015c   0x00000038   Code   RO            4    .text               startup_stm32g070xx.o
    0x08000194   0x08000194   0x000000d8   Code   RO          757    .text               context_rvds.o
    0x0800026c   0x0800026c   0x00000040   Code   RO         1582    .text               c_p.l(rt_memclr.o)
    0x080002ac   0x080002ac   0x0000015a   Code   RO         1584    .text               c_p.l(aeabi_sdiv.o)
    0x08000406   0x08000406   0x00000006   Code   RO         1588    .text               c_p.l(heapauxi.o)
    0x0800040c   0x0800040c   0x0000003e   Code   RO         1614    .text               c_p.l(sys_stackheap_outer.o)
    0x0800044a   0x0800044a   0x00000010   Code   RO         1617    .text               c_p.l(exit.o)
    0x0800045a   0x0800045a   0x00000002   PAD
    0x0800045c   0x0800045c   0x00000008   Code   RO         1629    .text               c_p.l(libspace.o)
    0x08000464   0x08000464   0x0000000c   Code   RO         1686    .text               c_p.l(sys_exit.o)
    0x08000470   0x08000470   0x00000002   Code   RO         1705    .text               c_p.l(use_no_semi.o)
    0x08000472   0x08000472   0x00000000   Code   RO         1707    .text               c_p.l(indicate_semi.o)
    0x08000472   0x08000472   0x0000000a   Code   RO          817    i.$Sub$$main        components.o
    0x0800047c   0x0800047c   0x000000ac   Code   RO          326    i.LL_GPIO_Init      stm32g0xx_ll_gpio.o
    0x08000528   0x08000528   0x00000018   Code   RO          139    i.LL_IOP_GRP1_EnableClock  gpio.o
    0x08000540   0x08000540   0x00000018   Code   RO          202    i.LL_IOP_GRP1_EnableClock  usart.o
    0x08000558   0x08000558   0x00000020   Code   RO          517    i.LL_Init1msTick    stm32g0xx_ll_utils.o
    0x08000578   0x08000578   0x00000018   Code   RO          438    i.LL_RCC_GetSystemClocksFreq  stm32g0xx_ll_rcc.o
    0x08000590   0x08000590   0x0000007c   Code   RO          439    i.LL_RCC_GetUSARTClockFreq  stm32g0xx_ll_rcc.o
    0x0800060c   0x0800060c   0x00000010   Code   RO          440    i.LL_RCC_GetUSARTClockSource  stm32g0xx_ll_rcc.o
    0x0800061c   0x0800061c   0x00000010   Code   RO          441    i.LL_RCC_HSI_IsReady  stm32g0xx_ll_rcc.o
    0x0800062c   0x0800062c   0x00000014   Code   RO          203    i.LL_RCC_SetUSARTClockSource  usart.o
    0x08000640   0x08000640   0x0000000c   Code   RO          522    i.LL_SetSystemCoreClock  stm32g0xx_ll_utils.o
    0x0800064c   0x0800064c   0x00000014   Code   RO          204    i.LL_USART_ConfigAsyncMode  usart.o
    0x08000660   0x08000660   0x000000f8   Code   RO          625    i.LL_USART_Init     stm32g0xx_ll_usart.o
    0x08000758   0x08000758   0x00000020   Code   RO          205    i.LL_USART_SetRXFIFOThreshold  usart.o
    0x08000778   0x08000778   0x0000001c   Code   RO          206    i.LL_USART_SetTXFIFOThreshold  usart.o
    0x08000794   0x08000794   0x00000010   Code   RO          140    i.MX_GPIO_Init      gpio.o
    0x080007a4   0x080007a4   0x00000034   Code   RO          176    i.MX_IWDG_Init      iwdg.o
    0x080007d8   0x080007d8   0x000000dc   Code   RO          207    i.MX_USART1_UART_Init  usart.o
    0x080008b4   0x080008b4   0x000000d8   Code   RO          208    i.MX_USART2_UART_Init  usart.o
    0x0800098c   0x0800098c   0x00000002   Code   RO          290    i.NMI_Handler       stm32g0xx_it.o
    0x0800098e   0x0800098e   0x00000002   PAD
    0x08000990   0x08000990   0x00000020   Code   RO          442    i.RCC_GetHCLKClockFreq  stm32g0xx_ll_rcc.o
    0x080009b0   0x080009b0   0x00000020   Code   RO          443    i.RCC_GetPCLK1ClockFreq  stm32g0xx_ll_rcc.o
    0x080009d0   0x080009d0   0x00000060   Code   RO          444    i.RCC_GetSystemClockFreq  stm32g0xx_ll_rcc.o
    0x08000a30   0x08000a30   0x00000010   Code   RO         1544    i.SysTick_Handler   board.o
    0x08000a40   0x08000a40   0x000000b8   Code   RO           13    i.SystemClock_Config  main.o
    0x08000af8   0x08000af8   0x00000090   Code   RO          725    i.SystemCoreClockUpdate  system_stm32g0xx.o
    0x08000b88   0x08000b88   0x00000002   Code   RO          726    i.SystemInit        system_stm32g0xx.o
    0x08000b8a   0x08000b8a   0x00000002   Code   RO          291    i.USART1_IRQHandler  stm32g0xx_it.o
    0x08000b8c   0x08000b8c   0x00000002   Code   RO          292    i.USART2_IRQHandler  stm32g0xx_it.o
    0x08000b8e   0x08000b8e   0x0000001a   Code   RO         1504    i.__ARM_common_switch8  timer.o
    0x08000ba8   0x08000ba8   0x00000018   Code   RO          209    i.__NVIC_EnableIRQ  usart.o
    0x08000bc0   0x08000bc0   0x00000044   Code   RO          210    i.__NVIC_SetPriority  usart.o
    0x08000c04   0x08000c04   0x00000040   Code   RO         1005    i.__rt_ffs          kservice.o
    0x08000c44   0x08000c44   0x00000070   Code   RO         1312    i._rt_thread_init   thread.o
    0x08000cb4   0x08000cb4   0x0000000a   Code   RO         1430    i._rt_timer_remove  timer.o
    0x08000cbe   0x08000cbe   0x0000001c   Code   RO         1313    i._thread_cleanup_execute  thread.o
    0x08000cda   0x08000cda   0x00000002   PAD
    0x08000cdc   0x08000cdc   0x00000064   Code   RO           14    i.main              main.o
    0x08000d40   0x08000d40   0x0000000c   Code   RO          818    i.main_thread_entry  components.o
    0x08000d4c   0x08000d4c   0x00000144   Code   RO         1007    i.print_number      kservice.o
    0x08000e90   0x08000e90   0x00000038   Code   RO          819    i.rt_application_init  components.o
    0x08000ec8   0x08000ec8   0x0000001c   Code   RO          820    i.rt_components_board_init  components.o
    0x08000ee4   0x08000ee4   0x0000001c   Code   RO          821    i.rt_components_init  components.o
    0x08000f00   0x08000f00   0x00000018   Code   RO         1245    i.rt_enter_critical  scheduler.o
    0x08000f18   0x08000f18   0x00000034   Code   RO         1246    i.rt_exit_critical  scheduler.o
    0x08000f4c   0x08000f4c   0x00000038   Code   RO         1545    i.rt_hw_board_init  board.o
    0x08000f84   0x08000f84   0x0000002a   Code   RO         1546    i.rt_hw_console_output  board.o
    0x08000fae   0x08000fae   0x00000002   PAD
    0x08000fb0   0x08000fb0   0x000000f0   Code   RO         1513    i.rt_hw_hard_fault_exception  cpuport.o
    0x080010a0   0x080010a0   0x00000038   Code   RO         1514    i.rt_hw_stack_init  cpuport.o
    0x080010d8   0x080010d8   0x00000018   Code   RO          978    i.rt_interrupt_enter  irq.o
    0x080010f0   0x080010f0   0x00000018   Code   RO          980    i.rt_interrupt_leave  irq.o
    0x08001108   0x08001108   0x00000024   Code   RO         1010    i.rt_kprintf        kservice.o
    0x0800112c   0x0800112c   0x0000000e   Code   RO         1314    i.rt_list_insert_after  thread.o
    0x0800113a   0x0800113a   0x0000000e   Code   RO         1431    i.rt_list_insert_after  timer.o
    0x08001148   0x08001148   0x00000012   Code   RO         1315    i.rt_list_remove    thread.o
    0x0800115a   0x0800115a   0x00000012   Code   RO         1432    i.rt_list_remove    timer.o
    0x0800116c   0x0800116c   0x0000003e   Code   RO         1015    i.rt_memset         kservice.o
    0x080011aa   0x080011aa   0x00000024   Code   RO         1179    i.rt_object_detach  object.o
    0x080011ce   0x080011ce   0x00000002   PAD
    0x080011d0   0x080011d0   0x00000020   Code   RO         1181    i.rt_object_get_information  object.o
    0x080011f0   0x080011f0   0x0000004e   Code   RO         1185    i.rt_object_init    object.o
    0x0800123e   0x0800123e   0x0000000e   Code   RO         1186    i.rt_object_is_systemobject  object.o
    0x0800124c   0x0800124c   0x0000005c   Code   RO         1247    i.rt_schedule       scheduler.o
    0x080012a8   0x080012a8   0x0000004c   Code   RO         1248    i.rt_schedule_insert_thread  scheduler.o
    0x080012f4   0x080012f4   0x00000044   Code   RO         1249    i.rt_schedule_remove_thread  scheduler.o
    0x08001338   0x08001338   0x000000b0   Code   RO         1017    i.rt_show_version   kservice.o
    0x080013e8   0x080013e8   0x00000010   Code   RO         1022    i.rt_strlen         kservice.o
    0x080013f8   0x080013f8   0x00000028   Code   RO         1024    i.rt_strncpy        kservice.o
    0x08001420   0x08001420   0x00000034   Code   RO         1250    i.rt_system_scheduler_init  scheduler.o
    0x08001454   0x08001454   0x00000028   Code   RO         1251    i.rt_system_scheduler_start  scheduler.o
    0x0800147c   0x0800147c   0x0000000c   Code   RO         1433    i.rt_system_timer_init  timer.o
    0x08001488   0x08001488   0x00000002   Code   RO         1434    i.rt_system_timer_thread_init  timer.o
    0x0800148a   0x0800148a   0x00000002   PAD
    0x0800148c   0x0800148c   0x00000058   Code   RO         1320    i.rt_thread_exit    thread.o
    0x080014e4   0x080014e4   0x00000002   Code   RO          892    i.rt_thread_idle_entry  idle.o
    0x080014e6   0x080014e6   0x00000002   PAD
    0x080014e8   0x080014e8   0x00000034   Code   RO          895    i.rt_thread_idle_init  idle.o
    0x0800151c   0x0800151c   0x0000002a   Code   RO         1322    i.rt_thread_init    thread.o
    0x08001546   0x08001546   0x0000000c   Code   RO         1323    i.rt_thread_mdelay  thread.o
    0x08001552   0x08001552   0x0000003c   Code   RO         1324    i.rt_thread_resume  thread.o
    0x0800158e   0x0800158e   0x00000002   PAD
    0x08001590   0x08001590   0x0000000c   Code   RO         1325    i.rt_thread_self    thread.o
    0x0800159c   0x0800159c   0x00000040   Code   RO         1326    i.rt_thread_sleep   thread.o
    0x080015dc   0x080015dc   0x0000002c   Code   RO         1327    i.rt_thread_startup  thread.o
    0x08001608   0x08001608   0x00000040   Code   RO         1328    i.rt_thread_suspend  thread.o
    0x08001648   0x08001648   0x0000001e   Code   RO         1329    i.rt_thread_timeout  thread.o
    0x08001666   0x08001666   0x00000002   PAD
    0x08001668   0x08001668   0x0000005c   Code   RO         1330    i.rt_thread_yield   thread.o
    0x080016c4   0x080016c4   0x0000002e   Code   RO          762    i.rt_tick_from_millisecond  clock.o
    0x080016f2   0x080016f2   0x00000002   PAD
    0x080016f4   0x080016f4   0x0000000c   Code   RO          763    i.rt_tick_get       clock.o
    0x08001700   0x08001700   0x00000028   Code   RO          764    i.rt_tick_increase  clock.o
    0x08001728   0x08001728   0x00000088   Code   RO         1435    i.rt_timer_check    timer.o
    0x080017b0   0x080017b0   0x00000048   Code   RO         1436    i.rt_timer_control  timer.o
    0x080017f8   0x080017f8   0x00000028   Code   RO         1437    i.rt_timer_detach   timer.o
    0x08001820   0x08001820   0x0000002c   Code   RO         1438    i.rt_timer_init     timer.o
    0x0800184c   0x0800184c   0x00000080   Code   RO         1440    i.rt_timer_start    timer.o
    0x080018cc   0x080018cc   0x0000002e   Code   RO         1441    i.rt_timer_stop     timer.o
    0x080018fa   0x080018fa   0x00000002   PAD
    0x080018fc   0x080018fc   0x0000026c   Code   RO         1027    i.rt_vsnprintf      kservice.o
    0x08001b68   0x08001b68   0x00000004   Code   RO          822    i.rti_board_end     components.o
    0x08001b6c   0x08001b6c   0x00000004   Code   RO          823    i.rti_board_start   components.o
    0x08001b70   0x08001b70   0x00000004   Code   RO          824    i.rti_end           components.o
    0x08001b74   0x08001b74   0x00000004   Code   RO          825    i.rti_start         components.o
    0x08001b78   0x08001b78   0x0000002a   Code   RO          826    i.rtthread_startup  components.o
    0x08001ba2   0x08001ba2   0x00000020   Code   RO         1029    i.skip_atoi         kservice.o
    0x08001bc2   0x08001bc2   0x00000002   PAD
    0x08001bc4   0x08001bc4   0x00000024   Code   RO          211    i.uart1_send        usart.o
    0x08001be8   0x08001be8   0x00000030   Data   RO          627    .constdata          stm32g0xx_ll_usart.o
    0x08001c18   0x08001c18   0x00000040   Data   RO          727    .constdata          system_stm32g0xx.o
    0x08001c58   0x08001c58   0x00000020   Data   RO          728    .constdata          system_stm32g0xx.o
    0x08001c78   0x08001c78   0x00000122   Data   RO         1031    .constdata          kservice.o
    0x08001d9a   0x08001d9a   0x00000002   PAD
    0x08001d9c   0x08001d9c   0x00000004   Data   RO          828    .rti_fn.0           components.o
    0x08001da0   0x08001da0   0x00000004   Data   RO          829    .rti_fn.0.end       components.o
    0x08001da4   0x08001da4   0x00000004   Data   RO          830    .rti_fn.1.end       components.o
    0x08001da8   0x08001da8   0x00000004   Data   RO          831    .rti_fn.6.end       components.o
    0x08001dac   0x08001dac   0x00000020   Data   RO         1759    Region$$Table       anon$$obj.o


    Execution Region RW_IRAM1 (Exec base: 0x20000000, Load base: 0x08001dcc, Size: 0x00000db8, Max: 0x00009000, ABSOLUTE)

    Exec Addr    Load Addr    Size         Type   Attr      Idx    E Section Name        Object

    0x20000000   0x08001dcc   0x00000004   Data   RW          729    .data               system_stm32g0xx.o
    0x20000004   0x08001dd0   0x00000004   Data   RW          766    .data               clock.o
    0x20000008   0x08001dd4   0x00000001   Data   RW          981    .data               irq.o
    0x20000009   0x08001dd5   0x00000003   PAD
    0x2000000c   0x08001dd8   0x00000030   Data   RW         1188    .data               object.o
    0x2000003c   0x08001e08   0x00000014   Data   RW         1253    .data               scheduler.o
    0x20000050   0x08001e1c   0x0000000c   Data   RW         1442    .data               timer.o
    0x2000005c   0x08001e28   0x00000004   Data   RW         1515    .data               cpuport.o
    0x20000060   0x08001e2c   0x00000004   Data   RW         1516    .data               cpuport.o
    0x20000064   0x08001e30   0x00000004   Data   RW         1517    .data               cpuport.o
    0x20000068        -       0x00000478   Zero   RW          827    .bss                components.o
    0x200004e0        -       0x000000f8   Zero   RW          896    .bss                idle.o
    0x200005d8        -       0x00000080   Zero   RW         1030    .bss                kservice.o
    0x20000658        -       0x00000100   Zero   RW         1252    .bss                scheduler.o
    0x20000758        -       0x00000060   Zero   RW         1630    .bss                c_p.l(libspace.o)
    0x200007b8        -       0x00000200   Zero   RW            2    HEAP                startup_stm32g070xx.o
    0x200009b8        -       0x00000400   Zero   RW            1    STACK               startup_stm32g070xx.o


==============================================================================

Image component sizes


      Code (inc. data)   RO Data    RW Data    ZI Data      Debug   Object Name

       114         12          0          0          0      11536   board.o
        98         10          0          4          0       6812   clock.o
       192         32         16          0       1144       6244   components.o
       216         32          0          0          0        836   context_rvds.o
       296        168          0         12          0       3202   cpuport.o
        40          6          0          0          0       4511   gpio.o
        54         16          0          0        248       1776   idle.o
        48          8          0          1          0       1742   irq.o
        52         22          0          0          0       2563   iwdg.o
      1370        160        290          0        128      10992   kservice.o
       284         50          0          0          0     313484   main.o
       160          4          0         48          0       6408   object.o
       404         58          0         20        256       8290   scheduler.o
        56         26        184          0       1536        628   startup_stm32g070xx.o
         6          0          0          0          0       1258   stm32g0xx_it.o
       172          0          0          0          0     278035   stm32g0xx_ll_gpio.o
       340         52          0          0          0      20984   stm32g0xx_ll_rcc.o
       248         28         48          0          0      42852   stm32g0xx_ll_usart.o
        44         12          0          0          0       5861   stm32g0xx_ll_utils.o
       146         18         96          4          0       1839   system_stm32g0xx.o
       680         40          0          0          0      11968   thread.o
       548         28          0         12          0      10968   timer.o
       688         52          0          0          0      60605   usart.o

    ----------------------------------------------------------------------
      6278        834        668        104       3312     813394   Object Totals
         0          0         32          0          0          0   (incl. Generated)
        22          0          2          3          0          0   (incl. Padding)

    ----------------------------------------------------------------------

      Code (inc. data)   RO Data    RW Data    ZI Data      Debug   Library Member Name

         8          0          0          0          0         68   __main.o
         0          0          0          0          0          0   __rtentry.o
        12          0          0          0          0          0   __rtentry2.o
         6          0          0          0          0          0   __rtentry4.o
        60          8          0          0          0          0   __scatter.o
        26          0          0          0          0          0   __scatter_copy.o
        28          0          0          0          0          0   __scatter_zi.o
       346          0          0          0          0         92   aeabi_sdiv.o
        16          0          0          0          0         68   exit.o
         6          0          0          0          0        136   heapauxi.o
         0          0          0          0          0          0   indicate_semi.o
         2          0          0          0          0          0   libinit.o
         2          0          0          0          0          0   libinit2.o
         2          0          0          0          0          0   libshutdown.o
         2          0          0          0          0          0   libshutdown2.o
         8          4          0          0         96         68   libspace.o
        64          0          0          0          0        108   rt_memclr.o
         2          0          0          0          0          0   rtexit.o
        10          0          0          0          0          0   rtexit2.o
        12          4          0          0          0         60   sys_exit.o
        62          0          0          0          0         80   sys_stackheap_outer.o
         2          0          0          0          0         68   use_no_semi.o

    ----------------------------------------------------------------------
       682         16          0          0         96        748   Library Totals
         6          0          0          0          0          0   (incl. Padding)

    ----------------------------------------------------------------------

      Code (inc. data)   RO Data    RW Data    ZI Data      Debug   Library Name

       676         16          0          0         96        748   c_p.l

    ----------------------------------------------------------------------
       682         16          0          0         96        748   Library Totals

    ----------------------------------------------------------------------

==============================================================================


      Code (inc. data)   RO Data    RW Data    ZI Data      Debug   

      6960        850        668        104       3408     809722   Grand Totals
      6960        850        668        104       3408     809722   ELF Image Totals
      6960        850        668        104          0          0   ROM Totals

==============================================================================

    Total RO  Size (Code + RO Data)                 7628 (   7.45kB)
    Total RW  Size (RW Data + ZI Data)              3512 (   3.43kB)
    Total ROM Size (Code + RO Data + RW Data)       7732 (   7.55kB)

==============================================================================

