Component: ARM Compiler 5.06 update 7 (build 960) Tool: armlink [4d3601]

==============================================================================

Section Cross References

    startup_stm32g070xx.o(STACK) refers (Special) to heapauxi.o(.text) for __use_two_region_memory
    startup_stm32g070xx.o(HEAP) refers (Special) to heapauxi.o(.text) for __use_two_region_memory
    startup_stm32g070xx.o(RESET) refers (Special) to heapauxi.o(.text) for __use_two_region_memory
    startup_stm32g070xx.o(RESET) refers to startup_stm32g070xx.o(STACK) for __initial_sp
    startup_stm32g070xx.o(RESET) refers to startup_stm32g070xx.o(.text) for Reset_Handler
    startup_stm32g070xx.o(RESET) refers to stm32g0xx_it.o(i.NMI_Handler) for NMI_Handler
    startup_stm32g070xx.o(RESET) refers to context_rvds.o(.text) for HardFault_Handler
    startup_stm32g070xx.o(RESET) refers to board.o(i.SysTick_Handler) for SysTick_Handler
    startup_stm32g070xx.o(RESET) refers to stm32g0xx_it.o(i.TIM3_IRQHandler) for TIM3_IRQHandler
    startup_stm32g070xx.o(RESET) refers to stm32g0xx_it.o(i.USART1_IRQHandler) for USART1_IRQHandler
    startup_stm32g070xx.o(RESET) refers to stm32g0xx_it.o(i.USART2_IRQHandler) for USART2_IRQHandler
    startup_stm32g070xx.o(.text) refers (Special) to heapauxi.o(.text) for __use_two_region_memory
    startup_stm32g070xx.o(.text) refers to system_stm32g0xx.o(i.SystemInit) for SystemInit
    startup_stm32g070xx.o(.text) refers to __main.o(!!!main) for __main
    startup_stm32g070xx.o(.text) refers to startup_stm32g070xx.o(HEAP) for Heap_Mem
    startup_stm32g070xx.o(.text) refers to startup_stm32g070xx.o(STACK) for Stack_Mem
    main.o(i.Balance_thread_entry) refers to app_volt.o(i.BalanceMCUCtrl) for BalanceMCUCtrl
    main.o(i.Balance_thread_entry) refers to thread.o(i.rt_thread_mdelay) for rt_thread_mdelay
    main.o(i.SOC_thread_entry) refers to bsp_sh367309.o(i.SH_Get_CellTemps) for SH_Get_CellTemps
    main.o(i.SOC_thread_entry) refers to app_volt.o(i.Update_CellVolt) for Update_CellVolt
    main.o(i.SOC_thread_entry) refers to app_current.o(i.SH_Get_ChgSta) for SH_Get_ChgSta
    main.o(i.SOC_thread_entry) refers to app_soc.o(i.OCV_SOC_Init) for OCV_SOC_Init
    main.o(i.SOC_thread_entry) refers to app_soc.o(i.Soc_ClrOrSetCtrl) for Soc_ClrOrSetCtrl
    main.o(i.SOC_thread_entry) refers to ekf.o(i.EKF_initialize) for EKF_initialize
    main.o(i.SOC_thread_entry) refers to bsp_sh367309.o(i.SH_Get_CADCCurrent) for SH_Get_CADCCurrent
    main.o(i.SOC_thread_entry) refers to clock.o(i.rt_tick_get) for rt_tick_get
    main.o(i.SOC_thread_entry) refers to app_soc.o(i.RemainCap_Integral) for RemainCap_Integral
    main.o(i.SOC_thread_entry) refers to ekf.o(i.EKF_step) for EKF_step
    main.o(i.SOC_thread_entry) refers to dfixui.o(.text) for __aeabi_d2uiz
    main.o(i.SOC_thread_entry) refers to thread.o(i.rt_thread_mdelay) for rt_thread_mdelay
    main.o(i.SOC_thread_entry) refers to app_bms.o(.bss) for syspara
    main.o(i.SOC_thread_entry) refers to main.o(.data) for .data
    main.o(i.SOC_thread_entry) refers to ekf.o(.constdata) for rtM
    main.o(i.SOC_thread_entry) refers to ekf.o(.data) for rtY
    main.o(i.SystemClock_Config) refers to stm32g0xx_ll_utils.o(i.LL_Init1msTick) for LL_Init1msTick
    main.o(i.SystemClock_Config) refers to stm32g0xx_ll_utils.o(i.LL_SetSystemCoreClock) for LL_SetSystemCoreClock
    main.o(i.led5_thread_entry) refers to led5.o(i.LED5DisplayWait) for LED5DisplayWait
    main.o(i.led5_thread_entry) refers to led5.o(i.LED5Display) for LED5Display
    main.o(i.led5_thread_entry) refers to app_bms.o(.data) for sysflag
    main.o(i.led5_thread_entry) refers to app_bms.o(.bss) for syspara
    main.o(i.main) refers to gpio.o(i.SoftKeyInit) for SoftKeyInit
    main.o(i.main) refers to led5.o(i.LED5Init) for LED5Init
    main.o(i.main) refers to gpio.o(i.MX_GPIO_Init) for MX_GPIO_Init
    main.o(i.main) refers to usart.o(i.MX_USART1_UART_Init) for MX_USART1_UART_Init
    main.o(i.main) refers to usart.o(i.USART2_BLE_Init) for USART2_BLE_Init
    main.o(i.main) refers to bsp_simiic.o(i.SIM_I2C_PortInit) for SIM_I2C_PortInit
    main.o(i.main) refers to app_config.o(i.SysParaInit) for SysParaInit
    main.o(i.main) refers to bsp_sh367309.o(i.SH367309_Config) for SH367309_Config
    main.o(i.main) refers to iwdg.o(i.IWDG_Init) for IWDG_Init
    main.o(i.main) refers to timer.o(i.TIM3_Init) for TIM3_Init
    main.o(i.main) refers to main.o(i.Configure_PWR) for Configure_PWR
    main.o(i.main) refers to ipc.o(i.rt_mutex_init) for rt_mutex_init
    main.o(i.main) refers to thread.o(i.rt_thread_init) for rt_thread_init
    main.o(i.main) refers to thread.o(i.rt_thread_startup) for rt_thread_startup
    main.o(i.main) refers to gpio.o(i.PowerOffScan) for PowerOffScan
    main.o(i.main) refers to thread.o(i.rt_thread_mdelay) for rt_thread_mdelay
    main.o(i.main) refers to main.o(.data) for .data
    main.o(i.main) refers to main.o(.bss) for .bss
[...]
    dp_l                                     0x080068c8   Data          16  pow.o(.constdata)
    L                                        0x080068d8   Data          48  pow.o(.constdata)
    P                                        0x08006908   Data          40  pow.o(.constdata)
    .constdata                               0x08006930   Section        8  qnan.o(.constdata)
    .rti_fn.0                                0x08006938   Section        4  components.o(.rti_fn.0)
    __tagsym$$used                           0x08006938   Number         0  components.o(.rti_fn.0)
    .rti_fn.0.end                            0x0800693c   Section        4  components.o(.rti_fn.0.end)
    __tagsym$$used                           0x0800693c   Number         0  components.o(.rti_fn.0.end)
    .rti_fn.1.end                            0x08006940   Section        4  components.o(.rti_fn.1.end)
    __tagsym$$used                           0x08006940   Number         0  components.o(.rti_fn.1.end)
    .rti_fn.6.end                            0x08006944   Section        4  components.o(.rti_fn.6.end)
    __tagsym$$used                           0x08006944   Number         0  components.o(.rti_fn.6.end)
    .data                                    0x20000000   Section        4  main.o(.data)
    .data                                    0x20000004   Section       12  main.o(.data)
    OverrunFlag                              0x20000004   Data           1  main.o(.data)
    currperiodtime                           0x20000008   Data           4  main.o(.data)
    .data                                    0x20000010   Section        2  usart.o(.data)
    .data                                    0x20000014   Section        4  system_stm32g0xx.o(.data)
    .data                                    0x20000018   Section        4  clock.o(.data)
    rt_tick                                  0x20000018   Data           4  clock.o(.data)
    .data                                    0x2000001c   Section        1  irq.o(.data)
    .data                                    0x20000020   Section       64  object.o(.data)
    rt_object_container                      0x20000020   Data          64  object.o(.data)
    .data                                    0x20000060   Section       20  scheduler.o(.data)
    rt_scheduler_lock_nest                   0x20000062   Data           2  scheduler.o(.data)
    .data                                    0x20000074   Section       12  timer_1.o(.data)
    random_nr                                0x20000074   Data           4  timer_1.o(.data)
    rt_timer_list                            0x20000078   Data           8  timer_1.o(.data)
    .data                                    0x20000080   Section        4  cpuport.o(.data)
    .data                                    0x20000084   Section        4  cpuport.o(.data)
    .data                                    0x20000088   Section        4  cpuport.o(.data)
    .data                                    0x2000008c   Section        2  app_bms.o(.data)
    .data                                    0x2000008e   Section     1620  app_soc.o(.data)
    DSGCaliFlaG                              0x2000008e   Data           1  app_soc.o(.data)
    SetTimer                                 0x2000008f   Data           1  app_soc.o(.data)
    ClearTimer                               0x20000090   Data           1  app_soc.o(.data)
    SOCClrFlag                               0x20000091   Data           1  app_soc.o(.data)
    SOCSetFlag                               0x20000092   Data           1  app_soc.o(.data)
    SetFlagCLrTime                           0x20000093   Data           1  app_soc.o(.data)
    ClrFlagCLrTime                           0x20000094   Data           1  app_soc.o(.data)
    timeout                                  0x20000095   Data           1  app_soc.o(.data)
    chgstat                                  0x20000096   Data           1  app_soc.o(.data)
    Shotstat                                 0x20000097   Data           1  app_soc.o(.data)
    UVFalg                                   0x20000098   Data           1  app_soc.o(.data)
    timeout                                  0x20000099   Data           2  app_soc.o(.data)
    caliFactor                               0x2000009c   Data           2  app_soc.o(.data)
    chgTime                                  0x2000009e   Data           2  app_soc.o(.data)
    DSGTime                                  0x200000a0   Data           2  app_soc.o(.data)
    noShortime                               0x200000a2   Data           2  app_soc.o(.data)
    noUVtime                                 0x200000a4   Data           2  app_soc.o(.data)
    timeout                                  0x200000a6   Data           3  app_soc.o(.data)
    C_TempArr                                0x200000a9   Data           4  app_soc.o(.data)
    D_TempArr                                0x200000ad   Data           7  app_soc.o(.data)
    K_TempArr                                0x200000b4   Data           8  app_soc.o(.data)
    D_33Region                               0x200000bc   Data         294  app_soc.o(.data)
    D_50Region                               0x200001e2   Data         294  app_soc.o(.data)
    D_100Region                              0x20000308   Data         294  app_soc.o(.data)
    C_33Region                               0x2000042e   Data         168  app_soc.o(.data)
    C_50Region                               0x200004d6   Data         168  app_soc.o(.data)
    TempTable                                0x2000057e   Data          20  app_soc.o(.data)
    K_Region                                 0x20000592   Data         336  app_soc.o(.data)
    .data                                    0x200006e2   Section        6  app_volt.o(.data)
    VoltChargeBigTime                        0x200006e2   Data           1  app_volt.o(.data)
    BalanceAllow                             0x200006e3   Data           1  app_volt.o(.data)
    maxVol_value                             0x200006e4   Data           2  app_volt.o(.data)
    minVol_value                             0x200006e6   Data           2  app_volt.o(.data)
    .data                                    0x200006e8   Section        2  bsp_sh367309.o(.data)
    .data                                    0x200006ea   Section       49  app_alarm.o(.data)
    .data                                    0x20000720   Section       48  ekf.o(.data)
    .data                                    0x20000750   Section        4  ekf.o(.data)
    rtM_                                     0x20000750   Data           4  ekf.o(.data)
    .bss                                     0x20000754   Section     4064  main.o(.bss)
    led5_thread                              0x20000754   Data         120  main.o(.bss)
    usart2modbus_thread                      0x200007cc   Data         120  main.o(.bss)
    SOC_thread                               0x20000844   Data         120  main.o(.bss)
    Balance_thread                           0x200008bc   Data         120  main.o(.bss)
    led5_thread_stack                        0x20000934   Data         256  main.o(.bss)
    usart2modbus_thread_stack                0x20000a34   Data        1024  main.o(.bss)
    SOC_thread_stack                         0x20000e34   Data        2048  main.o(.bss)
    Balance_thread_stack                     0x20001634   Data         256  main.o(.bss)
    .bss                                     0x20001734   Section      200  usart.o(.bss)
    .bss                                     0x200017fc   Section      100  modbus.o(.bss)
    .bss                                     0x20001860   Section      632  components.o(.bss)
    main_stack                               0x20001860   Data         512  components.o(.bss)
    .bss                                     0x20001ad8   Section      248  idle.o(.bss)
    idle                                     0x20001ad8   Data         120  idle.o(.bss)
    rt_thread_stack                          0x20001b50   Data         128  idle.o(.bss)
    .bss                                     0x20001bd0   Section      128  kservice.o(.bss)
    rt_log_buf                               0x20001bd0   Data         128  kservice.o(.bss)
    .bss                                     0x20001c50   Section      256  scheduler.o(.bss)
    .bss                                     0x20001d50   Section      420  app_bms.o(.bss)
    .bss                                     0x20001ef8   Section       80  ekf.o(.bss)
    .bss                                     0x20001f48   Section       96  libspace.o(.bss)
    HEAP                                     0x20001fa8   Section        0  startup_stm32g070xx.o(HEAP)
    STACK                                    0x20001fa8   Section      512  startup_stm32g070xx.o(STACK)
    Heap_Mem                                 0x20001fa8   Data           0  startup_stm32g070xx.o(HEAP)
    Stack_Mem                                0x20001fa8   Data         512  startup_stm32g070xx.o(STACK)
    __initial_sp                             0x200021a8   Data           0  startup_stm32g070xx.o(STACK)

    Global Symbols

    Symbol Name                              Value     Ov Type        Size  Object(Section)

    BuildAttributes$$THM_ISAv3M$S$PE$A:L22$X:L11$S22$IEEE1$IW$USESV6$~STKCKD$USESV7$~SHL$OTIME$ROPI$IEEEX$EBA8$UX$STANDARDLIB$REQ8$PRES8$EABIv2 0x00000000   Number         0  anon$$obj.o ABSOLUTE
    __ARM_use_no_argv                        0x00000000   Number         0  main.o ABSOLUTE
    __ARM_exceptions_init                     - Undefined Weak Reference
    __alloca_initialize                       - Undefined Weak Reference
    __arm_fini_                               - Undefined Weak Reference
    __arm_preinit_                            - Undefined Weak Reference
    __cpp_initialize__aeabi_                  - Undefined Weak Reference
    __cxa_finalize                            - Undefined Weak Reference
    __rt_locale                               - Undefined Weak Reference
    __sigvec_lookup                           - Undefined Weak Reference
    __user_heap_extent                        - Undefined Weak Reference
    _atexit_init                              - Undefined Weak Reference
    _call_atexit_fns                          - Undefined Weak Reference
    _clock_init                               - Undefined Weak Reference
    _fp_trap_init                             - Undefined Weak Reference
    _fp_trap_shutdown                         - Undefined Weak Reference
    _get_lc_collate                           - Undefined Weak Reference
    _get_lc_ctype                             - Undefined Weak Reference
    _get_lc_monetary                          - Undefined Weak Reference
    _get_lc_numeric                           - Undefined Weak Reference
    _get_lc_time                              - Undefined Weak Reference
    _getenv_init                              - Undefined Weak Reference
    _handle_redirection                       - Undefined Weak Reference
    _mutex_acquire                            - Undefined Weak Reference
    _mutex_free                               - Undefined Weak Reference
    _mutex_release                            - Undefined Weak Reference
    _printf_post_padding                      - Undefined Weak Reference
    _printf_pre_padding                       - Undefined Weak Reference
    _printf_truncate_signed                   - Undefined Weak Reference
    _printf_truncate_unsigned                 - Undefined Weak Reference
    _rand_init                                - Undefined Weak Reference
    _signal_finish                            - Undefined Weak Reference
    _signal_init                              - Undefined Weak Reference
    __Vectors_Size                           0x000000b8   Number         0  startup_stm32g070xx.o ABSOLUTE
    __Vectors                                0x08000000   Data           4  startup_stm32g070xx.o(RESET)
    __Vectors_End                            0x080000b8   Data           0  startup_stm32g070xx.o(RESET)
    __main                                   0x080000b9   Thumb Code     8  __main.o(!!!main)
    __scatterload                            0x080000c1   Thumb Code     0  __scatter.o(!!!scatter)
    __scatterload_rt2                        0x080000c1   Thumb Code    52  __scatter.o(!!!scatter)
    __scatterload_rt2_thumb_only             0x080000c1   Thumb Code     0  __scatter.o(!!!scatter)
    __scatterload_null                       0x080000d1   Thumb Code     0  __scatter.o(!!!scatter)
    __scatterload_zeroinit                   0x080000fd   Thumb Code    28  __scatter_zi.o(!!handler_zi)
    __rt_lib_init                            0x08000119   Thumb Code     0  libinit.o(.ARM.Collect$$libinit$$00000000)
    __rt_lib_init_alloca_1                   0x0800011b   Thumb Code     0  libinit2.o(.ARM.Collect$$libinit$$0000002E)
    __rt_lib_init_argv_1                     0x0800011b   Thumb Code     0  libinit2.o(.ARM.Collect$$libinit$$0000002C)
    __rt_lib_init_atexit_1                   0x0800011b   Thumb Code     0  libinit2.o(.ARM.Collect$$libinit$$0000001B)
    __rt_lib_init_clock_1                    0x0800011b   Thumb Code     0  libinit2.o(.ARM.Collect$$libinit$$00000021)
    __rt_lib_init_cpp_1                      0x0800011b   Thumb Code     0  libinit2.o(.ARM.Collect$$libinit$$00000032)
    __rt_lib_init_exceptions_1               0x0800011b   Thumb Code     0  libinit2.o(.ARM.Collect$$libinit$$00000030)
    __rt_lib_init_fp_1                       0x0800011b   Thumb Code     0  libinit2.o(.ARM.Collect$$libinit$$00000002)
    __rt_lib_init_fp_trap_1                  0x0800011b   Thumb Code     0  libinit2.o(.ARM.Collect$$libinit$$0000001F)
    __rt_lib_init_getenv_1                   0x0800011b   Thumb Code     0  libinit2.o(.ARM.Collect$$libinit$$00000023)
    __rt_lib_init_heap_1                     0x0800011b   Thumb Code     0  libinit2.o(.ARM.Collect$$libinit$$0000000A)
    __rt_lib_init_lc_collate_1               0x0800011b   Thumb Code     0  libinit2.o(.ARM.Collect$$libinit$$00000011)
    __rt_lib_init_lc_ctype_1                 0x0800011b   Thumb Code     0  libinit2.o(.ARM.Collect$$libinit$$00000013)
    __rt_lib_init_lc_monetary_1              0x0800011b   Thumb Code     0  libinit2.o(.ARM.Collect$$libinit$$00000015)
    __rt_lib_init_lc_numeric_1               0x0800011b   Thumb Code     0  libinit2.o(.ARM.Collect$$libinit$$00000017)
    __rt_lib_init_lc_time_1                  0x0800011b   Thumb Code     0  libinit2.o(.ARM.Collect$$libinit$$00000019)
    __rt_lib_init_preinit_1                  0x0800011b   Thumb Code     0  libinit2.o(.ARM.Collect$$libinit$$00000004)
    __rt_lib_init_rand_1                     0x0800011b   Thumb Code     0  libinit2.o(.ARM.Collect$$libinit$$0000000E)
    __rt_lib_init_return                     0x0800011b   Thumb Code     0  libinit2.o(.ARM.Collect$$libinit$$00000033)
    __rt_lib_init_signal_1                   0x0800011b   Thumb Code     0  libinit2.o(.ARM.Collect$$libinit$$0000001D)
    __rt_lib_init_stdio_1                    0x0800011b   Thumb Code     0  libinit2.o(.ARM.Collect$$libinit$$00000025)
    __rt_lib_init_user_alloc_1               0x0800011b   Thumb Code     0  libinit2.o(.ARM.Collect$$libinit$$0000000C)
    __rt_lib_shutdown                        0x0800011d   Thumb Code     0  libshutdown.o(.ARM.Collect$$libshutdown$$00000000)
    __rt_lib_shutdown_cpp_1                  0x0800011f   Thumb Code     0  libshutdown2.o(.ARM.Collect$$libshutdown$$00000004)
    __rt_lib_shutdown_fini_1                 0x0800011f   Thumb Code     0  libshutdown2.o(.ARM.Collect$$libshutdown$$00000002)
    __rt_lib_shutdown_fp_trap_1              0x0800011f   Thumb Code     0  libshutdown2.o(.ARM.Collect$$libshutdown$$00000009)
    __rt_lib_shutdown_heap_1                 0x0800011f   Thumb Code     0  libshutdown2.o(.ARM.Collect$$libshutdown$$00000011)
    __rt_lib_shutdown_return                 0x0800011f   Thumb Code     0  libshutdown2.o(.ARM.Collect$$libshutdown$$00000012)
    __rt_lib_shutdown_signal_1               0x0800011f   Thumb Code     0  libshutdown2.o(.ARM.Collect$$libshutdown$$0000000C)
    __rt_lib_shutdown_stdio_1                0x0800011f   Thumb Code     0  libshutdown2.o(.ARM.Collect$$libshutdown$$00000006)
    __rt_lib_shutdown_user_alloc_1           0x0800011f   Thumb Code     0  libshutdown2.o(.ARM.Collect$$libshutdown$$0000000E)
    __rt_entry                               0x08000121   Thumb Code     0  __rtentry.o(.ARM.Collect$$rtentry$$00000000)
    __rt_entry_presh_1                       0x08000121   Thumb Code     0  __rtentry2.o(.ARM.Collect$$rtentry$$00000002)
    __rt_entry_sh                            0x08000121   Thumb Code     0  __rtentry4.o(.ARM.Collect$$rtentry$$00000004)
    __rt_entry_li                            0x08000127   Thumb Code     0  __rtentry2.o(.ARM.Collect$$rtentry$$0000000A)
    __rt_entry_postsh_1                      0x08000127   Thumb Code     0  __rtentry2.o(.ARM.Collect$$rtentry$$00000009)
    __rt_entry_main                          0x0800012b   Thumb Code     0  __rtentry2.o(.ARM.Collect$$rtentry$$0000000D)
    __rt_entry_postli_1                      0x0800012b   Thumb Code     0  __rtentry2.o(.ARM.Collect$$rtentry$$0000000C)
    __rt_exit                                0x08000133   Thumb Code     0  rtexit.o(.ARM.Collect$$rtexit$$00000000)
    __rt_exit_ls                             0x08000135   Thumb Code     0  rtexit2.o(.ARM.Collect$$rtexit$$00000003)
    __rt_exit_prels_1                        0x08000135   Thumb Code     0  rtexit2.o(.ARM.Collect$$rtexit$$00000002)
    __rt_exit_exit                           0x08000139   Thumb Code     0  rtexit2.o(.ARM.Collect$$rtexit$$00000004)
    __aeabi_memcpy4                          0x08000141   Thumb Code    56  rt_memcpy.o(.emb_text)
    __aeabi_memcpy8                          0x08000141   Thumb Code     0  rt_memcpy.o(.emb_text)
    Reset_Handler                            0x08000179   Thumb Code     8  startup_stm32g070xx.o(.text)
    SVC_Handler                              0x08000185   Thumb Code     2  startup_stm32g070xx.o(.text)
    ADC1_IRQHandler                          0x0800018b   Thumb Code     0  startup_stm32g070xx.o(.text)
    DMA1_Ch4_7_DMAMUX1_OVR_IRQHandler        0x0800018b   Thumb Code     0  startup_stm32g070xx.o(.text)
    DMA1_Channel1_IRQHandler                 0x0800018b   Thumb Code     0  startup_stm32g070xx.o(.text)
    DMA1_Channel2_3_IRQHandler               0x0800018b   Thumb Code     0  startup_stm32g070xx.o(.text)
    EXTI0_1_IRQHandler                       0x0800018b   Thumb Code     0  startup_stm32g070xx.o(.text)
    EXTI2_3_IRQHandler                       0x0800018b   Thumb Code     0  startup_stm32g070xx.o(.text)
    EXTI4_15_IRQHandler                      0x0800018b   Thumb Code     0  startup_stm32g070xx.o(.text)
    FLASH_IRQHandler                         0x0800018b   Thumb Code     0  startup_stm32g070xx.o(.text)
    I2C1_IRQHandler                          0x0800018b   Thumb Code     0  startup_stm32g070xx.o(.text)
    I2C2_IRQHandler                          0x0800018b   Thumb Code     0  startup_stm32g070xx.o(.text)
    RCC_IRQHandler                           0x0800018b   Thumb Code     0  startup_stm32g070xx.o(.text)
    RTC_TAMP_IRQHandler                      0x0800018b   Thumb Code     0  startup_stm32g070xx.o(.text)
    SPI1_IRQHandler                          0x0800018b   Thumb Code     0  startup_stm32g070xx.o(.text)
    SPI2_IRQHandler                          0x0800018b   Thumb Code     0  startup_stm32g070xx.o(.text)
    TIM14_IRQHandler                         0x0800018b   Thumb Code     0  startup_stm32g070xx.o(.text)
    TIM15_IRQHandler                         0x0800018b   Thumb Code     0  startup_stm32g070xx.o(.text)
    TIM16_IRQHandler                         0x0800018b   Thumb Code     0  startup_stm32g070xx.o(.text)
    TIM17_IRQHandler                         0x0800018b   Thumb Code     0  startup_stm32g070xx.o(.text)
    TIM1_BRK_UP_TRG_COM_IRQHandler           0x0800018b   Thumb Code     0  startup_stm32g070xx.o(.text)
    TIM1_CC_IRQHandler                       0x0800018b   Thumb Code     0  startup_stm32g070xx.o(.text)
    TIM6_IRQHandler                          0x0800018b   Thumb Code     0  startup_stm32g070xx.o(.text)
    TIM7_IRQHandler                          0x0800018b   Thumb Code     0  startup_stm32g070xx.o(.text)
    USART3_4_IRQHandler                      0x0800018b   Thumb Code     0  startup_stm32g070xx.o(.text)
    WWDG_IRQHandler                          0x0800018b   Thumb Code     0  startup_stm32g070xx.o(.text)
    __user_initial_stackheap                 0x0800018d   Thumb Code     0  startup_stm32g070xx.o(.text)
    rt_hw_interrupt_disable                  0x080001ad   Thumb Code     8  context_rvds.o(.text)
    rt_hw_interrupt_enable                   0x080001b5   Thumb Code     6  context_rvds.o(.text)
    rt_hw_context_switch                     0x080001bb   Thumb Code    28  context_rvds.o(.text)
    rt_hw_context_switch_interrupt           0x080001bb   Thumb Code     0  context_rvds.o(.text)
    PendSV_Handler                           0x080001d7   Thumb Code    84  context_rvds.o(.text)
    rt_hw_context_switch_to                  0x0800022b   Thumb Code    44  context_rvds.o(.text)
    rt_hw_interrupt_thread_switch            0x08000257   Thumb Code     2  context_rvds.o(.text)
    HardFault_Handler                        0x08000259   Thumb Code    12  context_rvds.o(.text)
    strlen                                   0x08000285   Thumb Code    62  strlen.o(.text)
    _memset_w                                0x080002c9   Thumb Code    26  rt_memclr.o(.text)
    _memset                                  0x080002e3   Thumb Code    30  rt_memclr.o(.text)
    __aeabi_memclr                           0x08000301   Thumb Code     4  rt_memclr.o(.text)
    __rt_memclr                              0x08000301   Thumb Code     0  rt_memclr.o(.text)
    __aeabi_memclr4                          0x08000305   Thumb Code     0  rt_memclr.o(.text)
    __aeabi_memclr8                          0x08000305   Thumb Code     0  rt_memclr.o(.text)
    __rt_memclr_w                            0x08000305   Thumb Code     4  rt_memclr.o(.text)
    __aeabi_uidiv                            0x08000309   Thumb Code     0  aeabi_sdiv.o(.text)
    __aeabi_uidivmod                         0x08000309   Thumb Code    20  aeabi_sdiv.o(.text)
    __aeabi_idiv                             0x0800031d   Thumb Code     0  aeabi_sdiv.o(.text)
    __aeabi_idivmod                          0x0800031d   Thumb Code   326  aeabi_sdiv.o(.text)
    __use_two_region_memory                  0x08000463   Thumb Code     2  heapauxi.o(.text)
    __rt_heap_escrow                         0x08000465   Thumb Code     2  heapauxi.o(.text)
    __rt_heap_expand                         0x08000467   Thumb Code     2  heapauxi.o(.text)
    __aeabi_dadd                             0x08000761   Thumb Code     0  daddsub.o(.text)
    _dadd                                    0x08000761   Thumb Code    26  daddsub.o(.text)
    __aeabi_dsub                             0x0800077b   Thumb Code     0  daddsub.o(.text)
    _dsub                                    0x0800077b   Thumb Code    22  daddsub.o(.text)
    __aeabi_drsub                            0x08000791   Thumb Code     0  daddsub.o(.text)
    _drsb                                    0x08000791   Thumb Code    28  daddsub.o(.text)
    __aeabi_ddiv                             0x080007c1   Thumb Code     0  ddiv.o(.text)
    _ddiv                                    0x080007c1   Thumb Code  1072  ddiv.o(.text)
    _drdiv                                   0x08000bf1   Thumb Code    20  ddiv.o(.text)
    __aeabi_d2uiz                            0x08000c09   Thumb Code     0  dfixui.o(.text)
    _dfixu                                   0x08000c09   Thumb Code    68  dfixui.o(.text)
    __aeabi_dmul                             0x08000c51   Thumb Code     0  dmul.o(.text)
    _dmul                                    0x08000c51   Thumb Code   558  dmul.o(.text)
    __read_errno                             0x08000e99   Thumb Code    10  _rserrno.o(.text)
    __set_errno                              0x08000ea3   Thumb Code    12  _rserrno.o(.text)
    __fpl_dcmp_InfNaN                        0x08000eb1   Thumb Code   140  dcmpin.o(.text)
    __aeabi_d2iz                             0x08000f41   Thumb Code     0  dfixi.o(.text)
    _dfix                                    0x08000f41   Thumb Code    98  dfixi.o(.text)
    __aeabi_i2d_normalise                    0x08000fad   Thumb Code    66  dflti.o(.text)
    __aeabi_i2d                              0x08000fef   Thumb Code    16  dflti.o(.text)
    _dflt                                    0x08000fef   Thumb Code     0  dflti.o(.text)
    __aeabi_ui2d                             0x08000fff   Thumb Code     6  dflti.o(.text)
    _dfltu                                   0x08000fff   Thumb Code     0  dflti.o(.text)
    __ARM_scalbn                             0x08001005   Thumb Code    84  dscalbn.o(.text)
    _dsqrt                                   0x08001065   Thumb Code   248  dsqrt.o(.text)
    __aeabi_errno_addr                       0x08001165   Thumb Code     8  rt_errno_addr_intlibspace.o(.text)
    __errno$intlibspace                      0x08001165   Thumb Code     0  rt_errno_addr_intlibspace.o(.text)
    __rt_errno_addr$intlibspace              0x08001165   Thumb Code     0  rt_errno_addr_intlibspace.o(.text)
    __fpl_cmpreturn                          0x0800116d   Thumb Code    46  cmpret.o(.text)
    __fpl_dcheck_NaN2                        0x0800119d   Thumb Code    14  dnan2.o(.text)
    __user_libspace                          0x080011b1   Thumb Code     8  libspace.o(.text)
    __user_perproc_libspace                  0x080011b1   Thumb Code     0  libspace.o(.text)
    __user_perthread_libspace                0x080011b1   Thumb Code     0  libspace.o(.text)
    __user_setup_stackheap                   0x080011b9   Thumb Code    62  sys_stackheap_outer.o(.text)
    exit                                     0x080011f7   Thumb Code    16  exit.o(.text)
    __fpl_return_NaN                         0x08001207   Thumb Code    94  retnan.o(.text)
    __I$use$semihosting                      0x08001265   Thumb Code     0  use_no_semi.o(.text)
    __use_no_semihosting_swi                 0x08001265   Thumb Code     2  use_no_semi.o(.text)
    __semihosting_library_function           0x08001267   Thumb Code     0  indicate_semi.o(.text)
    _sys_exit                                0x08001269   Thumb Code     8  sys_exit.o(.text)
    __decompress                             0x08001275   Thumb Code     0  __dczerorl2.o(.text)
    __decompress1                            0x08001275   Thumb Code    86  __dczerorl2.o(.text)
    main                                     0x080012cb   Thumb Code    10  components.o(i.$Sub$$main)
    BalanceMCUCtrl                           0x080012d5   Thumb Code    28  app_volt.o(i.BalanceMCUCtrl)
    CRC8                                     0x08001301   Thumb Code    52  app_bms.o(i.CRC8)
    CRC_16_check                             0x08001335   Thumb Code    72  modbus.o(i.CRC_16_check)
    CacMax                                   0x08001385   Thumb Code    14  app_bms.o(i.CacMax)
    CacMin                                   0x08001393   Thumb Code    14  app_bms.o(i.CacMin)
    Configure_PWR                            0x080013a1   Thumb Code    22  main.o(i.Configure_PWR)
    DisplayCharge                            0x080013bd   Thumb Code    30  led5.o(i.DisplayCharge)
    DisplayPercent                           0x080013db   Thumb Code    30  led5.o(i.DisplayPercent)
    DisplaySel1                              0x080013f9   Thumb Code    54  led5.o(i.DisplaySel1)
    DisplaySel2                              0x0800142f   Thumb Code   660  led5.o(i.DisplaySel2)
    DisplaySel3                              0x080016c3   Thumb Code   670  led5.o(i.DisplaySel3)
    EKF_initialize                           0x08001961   Thumb Code    20  ekf.o(i.EKF_initialize)
    EKF_step                                 0x0800197d   Thumb Code  2002  ekf.o(i.EKF_step)
    EstimateBalance                          0x080021e5   Thumb Code   142  app_volt.o(i.EstimateBalance)
    GPIO_ReadPin                             0x08002285   Thumb Code    14  gpio.o(i.GPIO_ReadPin)
    GPIO_WritePin                            0x08002293   Thumb Code    12  gpio.o(i.GPIO_WritePin)
    Get_TableV_SOC                           0x0800229f   Thumb Code   160  app_soc.o(i.Get_TableV_SOC)
    IWDG_Init                                0x08002341   Thumb Code    30  iwdg.o(i.IWDG_Init)
    LED5Display                              0x08002375   Thumb Code    70  led5.o(i.LED5Display)
    LED5DisplayWait                          0x080023bb   Thumb Code    74  led5.o(i.LED5DisplayWait)
    LED5Init                                 0x08002405   Thumb Code    54  led5.o(i.LED5Init)
    LEDALLNULL                               0x08002445   Thumb Code    22  led5.o(i.LEDALLNULL)
    LEDH                                     0x08002461   Thumb Code    20  led5.o(i.LEDH)
    LEDL                                     0x08002479   Thumb Code    20  led5.o(i.LEDL)
    LL_GPIO_DeInit                           0x08002491   Thumb Code    96  stm32g0xx_ll_gpio.o(i.LL_GPIO_DeInit)
    LL_GPIO_Init                             0x08002501   Thumb Code   172  stm32g0xx_ll_gpio.o(i.LL_GPIO_Init)
    LL_Init1msTick                           0x08002609   Thumb Code    26  stm32g0xx_ll_utils.o(i.LL_Init1msTick)
    LL_RCC_GetSystemClocksFreq               0x08002629   Thumb Code    24  stm32g0xx_ll_rcc.o(i.LL_RCC_GetSystemClocksFreq)
    LL_RCC_GetUSARTClockFreq                 0x08002641   Thumb Code   108  stm32g0xx_ll_rcc.o(i.LL_RCC_GetUSARTClockFreq)
    LL_SetSystemCoreClock                    0x080026f1   Thumb Code     6  stm32g0xx_ll_utils.o(i.LL_SetSystemCoreClock)
    LL_TIM_Init                              0x080026fd   Thumb Code   108  stm32g0xx_ll_tim.o(i.LL_TIM_Init)
    LL_USART_DeInit                          0x08002795   Thumb Code    82  stm32g0xx_ll_usart.o(i.LL_USART_DeInit)
    LL_USART_Init                            0x08002815   Thumb Code   220  stm32g0xx_ll_usart.o(i.LL_USART_Init)
    LL_mDelay                                0x08002949   Thumb Code    28  stm32g0xx_ll_utils.o(i.LL_mDelay)
    MX_GPIO_Init                             0x08002969   Thumb Code    66  gpio.o(i.MX_GPIO_Init)
    MX_USART1_UART_Init                      0x080029ad   Thumb Code   216  usart.o(i.MX_USART1_UART_Init)
    MX_USART2_UART_Init                      0x08002a8d   Thumb Code   212  usart.o(i.MX_USART2_UART_Init)
    NMI_Handler                              0x08002b69   Thumb Code     2  stm32g0xx_it.o(i.NMI_Handler)
    OCV_SOC_Init                             0x08002b6d   Thumb Code   124  app_soc.o(i.OCV_SOC_Init)
    PowerOffScan                             0x08002c01   Thumb Code   106  gpio.o(i.PowerOffScan)
    RemainCap_Integral                       0x08002d39   Thumb Code    68  app_soc.o(i.RemainCap_Integral)
    SH367309_Config                          0x08002d85   Thumb Code   116  bsp_sh367309.o(i.SH367309_Config)
    SH367309_I2C_Ack                         0x08002e29   Thumb Code    64  bsp_sh367309.o(i.SH367309_I2C_Ack)
    SH367309_I2C_NAck                        0x08002e6d   Thumb Code    54  bsp_sh367309.o(i.SH367309_I2C_NAck)
    SH367309_I2C_ReadByte                    0x08002ea9   Thumb Code    78  bsp_sh367309.o(i.SH367309_I2C_ReadByte)
    SH367309_I2C_SendByte                    0x08002efd   Thumb Code    92  bsp_sh367309.o(i.SH367309_I2C_SendByte)
    SH367309_I2C_Start                       0x08002f5d   Thumb Code    76  bsp_sh367309.o(i.SH367309_I2C_Start)
    SH367309_I2C_Stop                        0x08002fad   Thumb Code    54  bsp_sh367309.o(i.SH367309_I2C_Stop)
    SH367309_I2C_WaitAck                     0x08002fe9   Thumb Code    72  bsp_sh367309.o(i.SH367309_I2C_WaitAck)
    SH367309_ReadData                        0x08003035   Thumb Code   152  bsp_sh367309.o(i.SH367309_ReadData)
    SH367309_ReadRegVal                      0x080030cd   Thumb Code    34  bsp_sh367309.o(i.SH367309_ReadRegVal)
    SH367309_WriteRamData                    0x080030f1   Thumb Code   100  bsp_sh367309.o(i.SH367309_WriteRamData)
    SH_Get_CADCCurrent                       0x08003159   Thumb Code   102  bsp_sh367309.o(i.SH_Get_CADCCurrent)
    SH_Get_CellTemps                         0x080031d1   Thumb Code   180  bsp_sh367309.o(i.SH_Get_CellTemps)
    SH_Get_CellVolts                         0x08003291   Thumb Code    56  bsp_sh367309.o(i.SH_Get_CellVolts)
    SH_Get_ChgSta                            0x080032c9   Thumb Code    48  app_current.o(i.SH_Get_ChgSta)
    SH_Set_Balance                           0x080032f9   Thumb Code    22  bsp_sh367309.o(i.SH_Set_Balance)
    SH_Set_CONF                              0x08003311   Thumb Code    56  bsp_sh367309.o(i.SH_Set_CONF)
    SH_Set_Default                           0x0800334d   Thumb Code    30  bsp_sh367309.o(i.SH_Set_Default)
    SIM_I2C_PortInit                         0x08003371   Thumb Code    58  bsp_simiic.o(i.SIM_I2C_PortInit)
    SIM_I2C_Stop                             0x080033b1   Thumb Code    54  bsp_simiic.o(i.SIM_I2C_Stop)
    Soc_ClrOrSetCtrl                         0x08003489   Thumb Code   326  app_soc.o(i.Soc_ClrOrSetCtrl)
    SoftKeyInit                              0x080035f1   Thumb Code    86  gpio.o(i.SoftKeyInit)
    Soft_Delay                               0x0800364d   Thumb Code    16  app_bms.o(i.Soft_Delay)
    SysParaInit                              0x0800365d   Thumb Code    32  app_config.o(i.SysParaInit)
    SysTick_Handler                          0x08003689   Thumb Code    16  board.o(i.SysTick_Handler)
    SystemClock_Config                       0x08003699   Thumb Code   162  main.o(i.SystemClock_Config)
    SystemCoreClockUpdate                    0x08003751   Thumb Code   126  system_stm32g0xx.o(i.SystemCoreClockUpdate)
    SystemInit                               0x080037e1   Thumb Code     2  system_stm32g0xx.o(i.SystemInit)
    TIM3_IRQHandler                          0x080037e5   Thumb Code    38  stm32g0xx_it.o(i.TIM3_IRQHandler)
    TIM3_Init                                0x08003815   Thumb Code    88  timer.o(i.TIM3_Init)
    USART1_IRQHandler                        0x08003881   Thumb Code    24  stm32g0xx_it.o(i.USART1_IRQHandler)
    USART2_BLE_Init                          0x080038a1   Thumb Code   122  usart.o(i.USART2_BLE_Init)
    USART2_IRQHandler                        0x08003991   Thumb Code    78  stm32g0xx_it.o(i.USART2_IRQHandler)
    Update_CellVolt                          0x080039f5   Thumb Code   130  app_volt.o(i.Update_CellVolt)
    __ARM_common_switch8                     0x08003a85   Thumb Code    26  led5.o(i.__ARM_common_switch8)
    __ARM_fpclassify                         0x08003aa1   Thumb Code    40  fpclassify.o(i.__ARM_fpclassify)
    __kernel_poly                            0x08003b29   Thumb Code   172  poly.o(i.__kernel_poly)
    __mathlib_dbl_divzero                    0x08003bd5   Thumb Code    16  dunder.o(i.__mathlib_dbl_divzero)
    __mathlib_dbl_infnan                     0x08003be9   Thumb Code    10  dunder.o(i.__mathlib_dbl_infnan)
    __mathlib_dbl_infnan2                    0x08003bf3   Thumb Code     8  dunder.o(i.__mathlib_dbl_infnan2)
    __mathlib_dbl_invalid                    0x08003bfb   Thumb Code    16  dunder.o(i.__mathlib_dbl_invalid)
    __mathlib_dbl_overflow                   0x08003c0d   Thumb Code    16  dunder.o(i.__mathlib_dbl_overflow)
    __mathlib_dbl_underflow                  0x08003c21   Thumb Code    14  dunder.o(i.__mathlib_dbl_underflow)
    __rt_ffs                                 0x08003c35   Thumb Code    60  kservice.o(i.__rt_ffs)
    exp                                      0x08003d0d   Thumb Code   542  exp.o(i.exp)
    floor                                    0x08003f89   Thumb Code   180  floor.o(i.floor)
    isSocInitEnable                          0x08004051   Thumb Code   136  app_soc.o(i.isSocInitEnable)
    $Super$$main                             0x0800412d   Thumb Code   246  main.o(i.main)
    main_thread_entry                        0x080042a1   Thumb Code    12  components.o(i.main_thread_entry)
    modbus_03_function                       0x080042ad   Thumb Code   204  modbus.o(i.modbus_03_function)
    modbus_send_data                         0x08004389   Thumb Code    26  modbus.o(i.modbus_send_data)
    modbus_service                           0x080043a5   Thumb Code    66  modbus.o(i.modbus_service)
    pow                                      0x080043f1   Thumb Code  2548  pow.o(i.pow)
    rt_application_init                      0x08004f89   Thumb Code    40  components.o(i.rt_application_init)
    rt_components_board_init                 0x08004fc1   Thumb Code    20  components.o(i.rt_components_board_init)
    rt_components_init                       0x08004fdd   Thumb Code    20  components.o(i.rt_components_init)
    rt_enter_critical                        0x08004ff9   Thumb Code    20  scheduler.o(i.rt_enter_critical)
    rt_exit_critical                         0x08005011   Thumb Code    46  scheduler.o(i.rt_exit_critical)
    rt_hw_board_init                         0x08005045   Thumb Code    62  board.o(i.rt_hw_board_init)
    rt_hw_console_output                     0x08005095   Thumb Code    42  board.o(i.rt_hw_console_output)
    rt_hw_hard_fault_exception               0x080050c1   Thumb Code    78  cpuport.o(i.rt_hw_hard_fault_exception)
    rt_hw_stack_init                         0x080051b1   Thumb Code    50  cpuport.o(i.rt_hw_stack_init)
    rt_interrupt_enter                       0x080051e9   Thumb Code    20  irq.o(i.rt_interrupt_enter)
    rt_interrupt_leave                       0x08005201   Thumb Code    20  irq.o(i.rt_interrupt_leave)
    rt_kprintf                               0x08005269   Thumb Code    30  kservice.o(i.rt_kprintf)
    rt_memset                                0x080052db   Thumb Code    62  kservice.o(i.rt_memset)
    rt_mutex_init                            0x08005319   Thumb Code    40  ipc.o(i.rt_mutex_init)
    rt_mutex_release                         0x08005341   Thumb Code   160  ipc.o(i.rt_mutex_release)
    rt_mutex_take                            0x080053e5   Thumb Code   186  ipc.o(i.rt_mutex_take)
    rt_object_detach                         0x0800549f   Thumb Code    36  object.o(i.rt_object_detach)
    rt_object_get_information                0x080054c5   Thumb Code    28  object.o(i.rt_object_get_information)
    rt_object_init                           0x080054e5   Thumb Code    78  object.o(i.rt_object_init)
    rt_object_is_systemobject                0x08005533   Thumb Code    14  object.o(i.rt_object_is_systemobject)
    rt_powd_snf                              0x08005541   Thumb Code   342  ekf.o(i.rt_powd_snf)
    rt_schedule                              0x080056a5   Thumb Code    80  scheduler.o(i.rt_schedule)
    rt_schedule_insert_thread                0x08005701   Thumb Code    66  scheduler.o(i.rt_schedule_insert_thread)
    rt_schedule_remove_thread                0x0800574d   Thumb Code    60  scheduler.o(i.rt_schedule_remove_thread)
    rt_show_version                          0x08005791   Thumb Code    38  kservice.o(i.rt_show_version)
    rt_strlen                                0x08005841   Thumb Code    16  kservice.o(i.rt_strlen)
    rt_strncpy                               0x08005851   Thumb Code    40  kservice.o(i.rt_strncpy)
    rt_system_scheduler_init                 0x08005879   Thumb Code    44  scheduler.o(i.rt_system_scheduler_init)
    rt_system_scheduler_start                0x080058ad   Thumb Code    30  scheduler.o(i.rt_system_scheduler_start)
    rt_system_timer_init                     0x080058d5   Thumb Code     8  timer_1.o(i.rt_system_timer_init)
    rt_system_timer_thread_init              0x080058e1   Thumb Code     2  timer_1.o(i.rt_system_timer_thread_init)
    rt_thread_control                        0x080058e3   Thumb Code   104  thread.o(i.rt_thread_control)
    rt_thread_detach                         0x0800594d   Thumb Code    90  thread.o(i.rt_thread_detach)
    rt_thread_exit                           0x080059ad   Thumb Code    78  thread.o(i.rt_thread_exit)
    rt_thread_idle_init                      0x08005a09   Thumb Code    36  idle.o(i.rt_thread_idle_init)
    rt_thread_init                           0x08005a3d   Thumb Code    42  thread.o(i.rt_thread_init)
    rt_thread_mdelay                         0x08005a67   Thumb Code    12  thread.o(i.rt_thread_mdelay)
    rt_thread_resume                         0x08005a73   Thumb Code    60  thread.o(i.rt_thread_resume)
    rt_thread_self                           0x08005ab1   Thumb Code     6  thread.o(i.rt_thread_self)
    rt_thread_sleep                          0x08005abd   Thumb Code    60  thread.o(i.rt_thread_sleep)
    rt_thread_startup                        0x08005afd   Thumb Code    40  thread.o(i.rt_thread_startup)
    rt_thread_suspend                        0x08005b29   Thumb Code    64  thread.o(i.rt_thread_suspend)
    rt_thread_timeout                        0x08005b69   Thumb Code    30  thread.o(i.rt_thread_timeout)
    rt_thread_yield                          0x08005b89   Thumb Code    84  thread.o(i.rt_thread_yield)
    rt_tick_from_millisecond                 0x08005be5   Thumb Code    46  clock.o(i.rt_tick_from_millisecond)
    rt_tick_get                              0x08005c15   Thumb Code     6  clock.o(i.rt_tick_get)
    rt_tick_increase                         0x08005c21   Thumb Code    36  clock.o(i.rt_tick_increase)
    rt_timer_check                           0x08005c49   Thumb Code   128  timer_1.o(i.rt_timer_check)
    rt_timer_control                         0x08005cd1   Thumb Code    72  timer_1.o(i.rt_timer_control)
    rt_timer_detach                          0x08005d19   Thumb Code    40  timer_1.o(i.rt_timer_detach)
    rt_timer_init                            0x08005d41   Thumb Code    44  timer_1.o(i.rt_timer_init)
    rt_timer_start                           0x08005d6d   Thumb Code   120  timer_1.o(i.rt_timer_start)
    rt_timer_stop                            0x08005ded   Thumb Code    46  timer_1.o(i.rt_timer_stop)
    rt_vsnprintf                             0x08005e1d   Thumb Code   612  kservice.o(i.rt_vsnprintf)
    rtthread_startup                         0x08006099   Thumb Code    42  components.o(i.rtthread_startup)
    sqrt                                     0x080060e5   Thumb Code    66  sqrt.o(i.sqrt)
    uart1_send                               0x0800612d   Thumb Code    26  usart.o(i.uart1_send)
    uart2_send                               0x08006151   Thumb Code    26  usart.o(i.uart2_send)
    usart2_send_data                         0x08006175   Thumb Code    30  usart.o(i.usart2_send_data)
    __aeabi_cdcmpeq                          0x080061a1   Thumb Code     0  deqf.o(x$fpl$deqf)
    _dcmpeq                                  0x080061a1   Thumb Code    94  deqf.o(x$fpl$deqf)
    __aeabi_cdcmple                          0x08006205   Thumb Code     0  dlef.o(x$fpl$dleqf)
    _dcmple                                  0x08006205   Thumb Code    94  dlef.o(x$fpl$dleqf)
    __aeabi_cdrcmple                         0x08006269   Thumb Code     0  drlef.o(x$fpl$drleqf)
    _drcmple                                 0x08006269   Thumb Code   100  drlef.o(x$fpl$drleqf)
    __I$use$fp                               0x080062d0   Number         0  usenofp.o(x$fpl$usenofp)
    AHBPrescTable                            0x08006500   Data          64  system_stm32g0xx.o(.constdata)
    APBPrescTable                            0x08006540   Data          32  system_stm32g0xx.o(.constdata)
    __lowest_bit_bitmap                      0x08006560   Data         256  kservice.o(.constdata)
    SH_TEMP_TABLE                            0x08006682   Data         322  bsp_sh367309.o(.constdata)
    rtM                                      0x080067c4   Data           4  ekf.o(.constdata)
    rtConstB                                 0x080067c8   Data           8  ekf_data.o(.constdata)
    __mathlib_zero                           0x08006930   Data           8  qnan.o(.constdata)
    __rt_init_rti_start                      0x08006938   Data           4  components.o(.rti_fn.0)
    __rt_init_rti_board_start                0x0800693c   Data           4  components.o(.rti_fn.0.end)
    __rt_init_rti_board_end                  0x08006940   Data           4  components.o(.rti_fn.1.end)
    __rt_init_rti_end                        0x08006944   Data           4  components.o(.rti_fn.6.end)
    Region$$Table$$Base                      0x08006948   Number         0  anon$$obj.o(Region$$Table)
    Region$$Table$$Limit                     0x08006968   Number         0  anon$$obj.o(Region$$Table)
    NewActionTime                            0x20000000   Data           4  main.o(.data)
    SH_mutex                                 0x2000000c   Data           4  main.o(.data)
    USART2_RX_STA                            0x20000010   Data           2  usart.o(.data)
    SystemCoreClock                          0x20000014   Data           4  system_stm32g0xx.o(.data)
    rt_interrupt_nest                        0x2000001c   Data           1  irq.o(.data)
    rt_current_priority                      0x20000060   Data           1  scheduler.o(.data)
    rt_current_thread                        0x20000064   Data           4  scheduler.o(.data)
    rt_thread_ready_priority_group           0x20000068   Data           4  scheduler.o(.data)
    rt_thread_defunct                        0x2000006c   Data           8  scheduler.o(.data)
    rt_interrupt_from_thread                 0x20000080   Data           4  cpuport.o(.data)
    rt_interrupt_to_thread                   0x20000084   Data           4  cpuport.o(.data)
    rt_thread_switch_interrupt_flag          0x20000088   Data           4  cpuport.o(.data)
    sysflag                                  0x2000008c   Data           2  app_bms.o(.data)
    SHTempCoeff                              0x200006e8   Data           1  bsp_sh367309.o(.data)
    CONF_Reg                                 0x200006e9   Data           1  bsp_sh367309.o(.data)
    userAlarm                                0x200006ea   Data           2  app_alarm.o(.data)
    shAlarm                                  0x200006ec   Data           2  app_alarm.o(.data)
    O_V                                      0x200006ee   Data           3  app_alarm.o(.data)
    O_TV                                     0x200006f1   Data           3  app_alarm.o(.data)
    U_TV                                     0x200006f4   Data           3  app_alarm.o(.data)
    U_V_2700                                 0x200006f7   Data           3  app_alarm.o(.data)
    U_V_2300                                 0x200006fa   Data           3  app_alarm.o(.data)
    U_V_1500                                 0x200006fd   Data           3  app_alarm.o(.data)
    O_T_M                                    0x20000700   Data           3  app_alarm.o(.data)
    O_T_C                                    0x20000703   Data           3  app_alarm.o(.data)
    O_T_D                                    0x20000706   Data           3  app_alarm.o(.data)
    U_T_C                                    0x20000709   Data           3  app_alarm.o(.data)
    U_T_D                                    0x2000070c   Data           3  app_alarm.o(.data)
    C_M_E                                    0x2000070f   Data           3  app_alarm.o(.data)
    D_M_E                                    0x20000712   Data           3  app_alarm.o(.data)
    C_O_C                                    0x20000715   Data           3  app_alarm.o(.data)
    D_O_C                                    0x20000718   Data           3  app_alarm.o(.data)
    rtInfF                                   0x20000720   Data           4  ekf.o(.data)
    rtMinusInfF                              0x20000724   Data           4  ekf.o(.data)
    rtNaNF                                   0x20000728   Data           4  ekf.o(.data)
    rtY                                      0x20000730   Data           8  ekf.o(.data)
    rtInf                                    0x20000738   Data           8  ekf.o(.data)
    rtMinusInf                               0x20000740   Data           8  ekf.o(.data)
    rtNaN                                    0x20000748   Data           8  ekf.o(.data)
    USART2_RX_BUF                            0x20001734   Data         200  usart.o(.bss)
    modbus_Tx_buff                           0x200017fc   Data         100  modbus.o(.bss)
    main_thread                              0x20001a60   Data         120  components.o(.bss)
    rt_thread_priority_table                 0x20001c50   Data         256  scheduler.o(.bss)
    Temp20curr                               0x20001d50   Data          40  app_bms.o(.bss)
    Temp30curr                               0x20001d78   Data         240  app_bms.o(.bss)
    syspara                                  0x20001e68   Data         140  app_bms.o(.bss)
    rtDW                                     0x20001ef8   Data          64  ekf.o(.bss)
    rtU                                      0x20001f38   Data          16  ekf.o(.bss)
    __libspace_start                         0x20001f48   Data          96  libspace.o(.bss)
    __temporary_stack_top$libspace           0x20001fa8   Data           0  libspace.o(.bss)



==============================================================================

Memory Map of the image

  Image Entry point : 0x080000b9

  Load Region LR_IROM1 (Base: 0x08000000, Size: 0x000070bc, Max: 0x00020000, ABSOLUTE, COMPRESSED[0x000069f8])

    Execution Region ER_IROM1 (Exec base: 0x08000000, Load base: 0x08000000, Size: 0x00006968, Max: 0x00020000, ABSOLUTE)

    Exec Addr    Load Addr    Size         Type   Attr      Idx    E Section Name        Object

    0x08000000   0x08000000   0x000000b8   Data   RO            3    RESET               startup_stm32g070xx.o
    0x080000b8   0x080000b8   0x00000008   Code   RO         2851  * !!!main             c_p.l(__main.o)
    0x080000c0   0x080000c0   0x0000003c   Code   RO         3297    !!!scatter          c_p.l(__scatter.o)
    0x080000fc   0x080000fc   0x0000001c   Code   RO         3299    !!handler_zi        c_p.l(__scatter_zi.o)
    0x08000118   0x08000118   0x00000002   Code   RO         3091    .ARM.Collect$$libinit$$00000000  c_p.l(libinit.o)
    0x0800011a   0x0800011a   0x00000000   Code   RO         3093    .ARM.Collect$$libinit$$00000002  c_p.l(libinit2.o)
    0x0800011a   0x0800011a   0x00000000   Code   RO         3095    .ARM.Collect$$libinit$$00000004  c_p.l(libinit2.o)
    0x0800011a   0x0800011a   0x00000000   Code   RO         3098    .ARM.Collect$$libinit$$0000000A  c_p.l(libinit2.o)
    0x0800011a   0x0800011a   0x00000000   Code   RO         3100    .ARM.Collect$$libinit$$0000000C  c_p.l(libinit2.o)
    0x0800011a   0x0800011a   0x00000000   Code   RO         3102    .ARM.Collect$$libinit$$0000000E  c_p.l(libinit2.o)
    0x0800011a   0x0800011a   0x00000000   Code   RO         3105    .ARM.Collect$$libinit$$00000011  c_p.l(libinit2.o)
    0x0800011a   0x0800011a   0x00000000   Code   RO         3107    .ARM.Collect$$libinit$$00000013  c_p.l(libinit2.o)
    0x0800011a   0x0800011a   0x00000000   Code   RO         3109    .ARM.Collect$$libinit$$00000015  c_p.l(libinit2.o)
    0x0800011a   0x0800011a   0x00000000   Code   RO         3111    .ARM.Collect$$libinit$$00000017  c_p.l(libinit2.o)
    0x0800011a   0x0800011a   0x00000000   Code   RO         3113    .ARM.Collect$$libinit$$00000019  c_p.l(libinit2.o)
    0x0800011a   0x0800011a   0x00000000   Code   RO         3115    .ARM.Collect$$libinit$$0000001B  c_p.l(libinit2.o)
    0x0800011a   0x0800011a   0x00000000   Code   RO         3117    .ARM.Collect$$libinit$$0000001D  c_p.l(libinit2.o)
    0x0800011a   0x0800011a   0x00000000   Code   RO         3119    .ARM.Collect$$libinit$$0000001F  c_p.l(libinit2.o)
    0x0800011a   0x0800011a   0x00000000   Code   RO         3121    .ARM.Collect$$libinit$$00000021  c_p.l(libinit2.o)
    0x0800011a   0x0800011a   0x00000000   Code   RO         3123    .ARM.Collect$$libinit$$00000023  c_p.l(libinit2.o)
    0x0800011a   0x0800011a   0x00000000   Code   RO         3125    .ARM.Collect$$libinit$$00000025  c_p.l(libinit2.o)
    0x0800011a   0x0800011a   0x00000000   Code   RO         3129    .ARM.Collect$$libinit$$0000002C  c_p.l(libinit2.o)
    0x0800011a   0x0800011a   0x00000000   Code   RO         3131    .ARM.Collect$$libinit$$0000002E  c_p.l(libinit2.o)
    0x0800011a   0x0800011a   0x00000000   Code   RO         3133    .ARM.Collect$$libinit$$00000030  c_p.l(libinit2.o)
    0x0800011a   0x0800011a   0x00000000   Code   RO         3135    .ARM.Collect$$libinit$$00000032  c_p.l(libinit2.o)
    0x0800011a   0x0800011a   0x00000002   Code   RO         3136    .ARM.Collect$$libinit$$00000033  c_p.l(libinit2.o)
    0x0800011c   0x0800011c   0x00000002   Code   RO         3276    .ARM.Collect$$libshutdown$$00000000  c_p.l(libshutdown.o)
    0x0800011e   0x0800011e   0x00000000   Code   RO         3138    .ARM.Collect$$libshutdown$$00000002  c_p.l(libshutdown2.o)
    0x0800011e   0x0800011e   0x00000000   Code   RO         3140    .ARM.Collect$$libshutdown$$00000004  c_p.l(libshutdown2.o)
    0x0800011e   0x0800011e   0x00000000   Code   RO         3142    .ARM.Collect$$libshutdown$$00000006  c_p.l(libshutdown2.o)
    0x0800011e   0x0800011e   0x00000000   Code   RO         3145    .ARM.Collect$$libshutdown$$00000009  c_p.l(libshutdown2.o)
    0x0800011e   0x0800011e   0x00000000   Code   RO         3148    .ARM.Collect$$libshutdown$$0000000C  c_p.l(libshutdown2.o)
    0x0800011e   0x0800011e   0x00000000   Code   RO         3150    .ARM.Collect$$libshutdown$$0000000E  c_p.l(libshutdown2.o)
    0x0800011e   0x0800011e   0x00000000   Code   RO         3153    .ARM.Collect$$libshutdown$$00000011  c_p.l(libshutdown2.o)
    0x0800011e   0x0800011e   0x00000002   Code   RO         3154    .ARM.Collect$$libshutdown$$00000012  c_p.l(libshutdown2.o)
    0x08000120   0x08000120   0x00000000   Code   RO         2900    .ARM.Collect$$rtentry$$00000000  c_p.l(__rtentry.o)
    0x08000120   0x08000120   0x00000000   Code   RO         2951    .ARM.Collect$$rtentry$$00000002  c_p.l(__rtentry2.o)
    0x08000120   0x08000120   0x00000006   Code   RO         2963    .ARM.Collect$$rtentry$$00000004  c_p.l(__rtentry4.o)
    0x08000126   0x08000126   0x00000000   Code   RO         2953    .ARM.Collect$$rtentry$$00000009  c_p.l(__rtentry2.o)
    0x08000126   0x08000126   0x00000004   Code   RO         2954    .ARM.Collect$$rtentry$$0000000A  c_p.l(__rtentry2.o)
    0x0800012a   0x0800012a   0x00000000   Code   RO         2956    .ARM.Collect$$rtentry$$0000000C  c_p.l(__rtentry2.o)
    0x0800012a   0x0800012a   0x00000008   Code   RO         2957    .ARM.Collect$$rtentry$$0000000D  c_p.l(__rtentry2.o)
    0x08000132   0x08000132   0x00000002   Code   RO         3163    .ARM.Collect$$rtexit$$00000000  c_p.l(rtexit.o)
    0x08000134   0x08000134   0x00000000   Code   RO         3219    .ARM.Collect$$rtexit$$00000002  c_p.l(rtexit2.o)
    0x08000134   0x08000134   0x00000004   Code   RO         3220    .ARM.Collect$$rtexit$$00000003  c_p.l(rtexit2.o)
    0x08000138   0x08000138   0x00000006   Code   RO         3221    .ARM.Collect$$rtexit$$00000004  c_p.l(rtexit2.o)
    0x0800013e   0x0800013e   0x00000002   PAD
    0x08000140   0x08000140   0x00000038   Code   RO         2839    .emb_text           c_p.l(rt_memcpy.o)
    0x08000178   0x08000178   0x00000034   Code   RO            4    .text               startup_stm32g070xx.o
    0x080001ac   0x080001ac   0x000000d8   Code   RO         1262    .text               context_rvds.o
    0x08000284   0x08000284   0x00000044   Code   RO         2837    .text               c_p.l(strlen.o)
    0x080002c8   0x080002c8   0x00000040   Code   RO         2843    .text               c_p.l(rt_memclr.o)
    0x08000308   0x08000308   0x0000015a   Code   RO         2845    .text               c_p.l(aeabi_sdiv.o)
    0x08000462   0x08000462   0x00000006   Code   RO         2849    .text               c_p.l(heapauxi.o)
    0x08000468   0x08000468   0x00000358   Code   RO         2853    .text               fz_ps.l(daddsub.o)
    0x080007c0   0x080007c0   0x00000448   Code   RO         2855    .text               fz_ps.l(ddiv.o)
    0x08000c08   0x08000c08   0x00000048   Code   RO         2860    .text               fz_ps.l(dfixui.o)
    0x08000c50   0x08000c50   0x00000248   Code   RO         2864    .text               fz_ps.l(dmul.o)
    0x08000e98   0x08000e98   0x00000016   Code   RO         2905    .text               c_p.l(_rserrno.o)
    0x08000eae   0x08000eae   0x00000002   PAD
    0x08000eb0   0x08000eb0   0x00000090   Code   RO         2920    .text               fz_ps.l(dcmpin.o)
    0x08000f40   0x08000f40   0x0000006c   Code   RO         2922    .text               fz_ps.l(dfixi.o)
    0x08000fac   0x08000fac   0x00000058   Code   RO         2924    .text               fz_ps.l(dflti.o)
    0x08001004   0x08001004   0x00000060   Code   RO         2926    .text               fz_ps.l(dscalbn.o)
    0x08001064   0x08001064   0x00000100   Code   RO         2928    .text               fz_ps.l(dsqrt.o)
    0x08001164   0x08001164   0x00000008   Code   RO         2970    .text               c_p.l(rt_errno_addr_intlibspace.o)
    0x0800116c   0x0800116c   0x0000002e   Code   RO         2988    .text               fz_ps.l(cmpret.o)
    0x0800119a   0x0800119a   0x00000002   PAD
    0x0800119c   0x0800119c   0x00000014   Code   RO         2990    .text               fz_ps.l(dnan2.o)
    0x080011b0   0x080011b0   0x00000008   Code   RO         2997    .text               c_p.l(libspace.o)
    0x080011b8   0x080011b8   0x0000003e   Code   RO         3002    .text               c_p.l(sys_stackheap_outer.o)
    0x080011f6   0x080011f6   0x00000010   Code   RO         3076    .text               c_p.l(exit.o)
    0x08001206   0x08001206   0x0000005e   Code   RO         3157    .text               fz_ps.l(retnan.o)
    0x08001264   0x08001264   0x00000002   Code   RO         3159    .text               c_p.l(use_no_semi.o)
    0x08001266   0x08001266   0x00000000   Code   RO         3161    .text               c_p.l(indicate_semi.o)
    0x08001266   0x08001266   0x00000002   PAD
    0x08001268   0x08001268   0x0000000c   Code   RO         3216    .text               c_p.l(sys_exit.o)
    0x08001274   0x08001274   0x00000056   Code   RO         3295    .text               c_p.l(__dczerorl2.o)
    0x080012ca   0x080012ca   0x0000000a   Code   RO         1307    i.$Sub$$main        components.o
    0x080012d4   0x080012d4   0x0000001c   Code   RO         2417    i.BalanceMCUCtrl    app_volt.o
    0x080012f0   0x080012f0   0x00000010   Code   RO           12    i.Balance_thread_entry  main.o
    0x08001300   0x08001300   0x00000034   Code   RO         2102    i.CRC8              app_bms.o
    0x08001334   0x08001334   0x00000050   Code   RO          678    i.CRC_16_check      modbus.o
    0x08001384   0x08001384   0x0000000e   Code   RO         2104    i.CacMax            app_bms.o
    0x08001392   0x08001392   0x0000000e   Code   RO         2105    i.CacMin            app_bms.o
    0x080013a0   0x080013a0   0x0000001c   Code   RO           13    i.Configure_PWR     main.o
    0x080013bc   0x080013bc   0x0000001e   Code   RO          586    i.DisplayCharge     led5.o
    0x080013da   0x080013da   0x0000001e   Code   RO          587    i.DisplayPercent    led5.o
    0x080013f8   0x080013f8   0x00000036   Code   RO          588    i.DisplaySel1       led5.o
    0x0800142e   0x0800142e   0x00000294   Code   RO          589    i.DisplaySel2       led5.o
    0x080016c2   0x080016c2   0x0000029e   Code   RO          590    i.DisplaySel3       led5.o
    0x08001960   0x08001960   0x0000001c   Code   RO         2745    i.EKF_initialize    ekf.o
    0x0800197c   0x0800197c   0x00000868   Code   RO         2746    i.EKF_step          ekf.o
    0x080021e4   0x080021e4   0x000000a0   Code   RO         2418    i.EstimateBalance   app_volt.o
    0x08002284   0x08002284   0x0000000e   Code   RO          285    i.GPIO_ReadPin      gpio.o
    0x08002292   0x08002292   0x0000000c   Code   RO          286    i.GPIO_WritePin     gpio.o
    0x0800229e   0x0800229e   0x000000a0   Code   RO         2302    i.Get_TableV_SOC    app_soc.o
    0x0800233e   0x0800233e   0x00000002   PAD
    0x08002340   0x08002340   0x00000034   Code   RO          352    i.IWDG_Init         iwdg.o
    0x08002374   0x08002374   0x00000046   Code   RO          591    i.LED5Display       led5.o
    0x080023ba   0x080023ba   0x0000004a   Code   RO          592    i.LED5DisplayWait   led5.o
    0x08002404   0x08002404   0x00000040   Code   RO          593    i.LED5Init          led5.o
    0x08002444   0x08002444   0x0000001c   Code   RO          594    i.LEDALLNULL        led5.o
    0x08002460   0x08002460   0x00000018   Code   RO          595    i.LEDH              led5.o
    0x08002478   0x08002478   0x00000018   Code   RO          596    i.LEDL              led5.o
    0x08002490   0x08002490   0x00000070   Code   RO          747    i.LL_GPIO_DeInit    stm32g0xx_ll_gpio.o
    0x08002500   0x08002500   0x000000ac   Code   RO          748    i.LL_GPIO_Init      stm32g0xx_ll_gpio.o
    0x080025ac   0x080025ac   0x0000000c   Code   RO          598    i.LL_GPIO_SetPinOutputType  led5.o
    0x080025b8   0x080025b8   0x00000018   Code   RO          287    i.LL_IOP_GRP1_EnableClock  gpio.o
    0x080025d0   0x080025d0   0x00000018   Code   RO          378    i.LL_IOP_GRP1_EnableClock  usart.o
    0x080025e8   0x080025e8   0x00000010   Code   RO          750    i.LL_IOP_GRP1_ForceReset  stm32g0xx_ll_gpio.o
    0x080025f8   0x080025f8   0x00000010   Code   RO          751    i.LL_IOP_GRP1_ReleaseReset  stm32g0xx_ll_gpio.o
    0x08002608   0x08002608   0x00000020   Code   RO          914    i.LL_Init1msTick    stm32g0xx_ll_utils.o
    0x08002628   0x08002628   0x00000018   Code   RO          835    i.LL_RCC_GetSystemClocksFreq  stm32g0xx_ll_rcc.o
    0x08002640   0x08002640   0x0000007c   Code   RO          836    i.LL_RCC_GetUSARTClockFreq  stm32g0xx_ll_rcc.o
    0x080026bc   0x080026bc   0x00000010   Code   RO          837    i.LL_RCC_GetUSARTClockSource  stm32g0xx_ll_rcc.o
    0x080026cc   0x080026cc   0x00000010   Code   RO          838    i.LL_RCC_HSI_IsReady  stm32g0xx_ll_rcc.o
    0x080026dc   0x080026dc   0x00000014   Code   RO          379    i.LL_RCC_SetUSARTClockSource  usart.o
    0x080026f0   0x080026f0   0x0000000c   Code   RO          919    i.LL_SetSystemCoreClock  stm32g0xx_ll_utils.o
    0x080026fc   0x080026fc   0x00000084   Code   RO         1121    i.LL_TIM_Init       stm32g0xx_ll_tim.o
    0x08002780   0x08002780   0x00000014   Code   RO          380    i.LL_USART_ConfigAsyncMode  usart.o
    0x08002794   0x08002794   0x00000068   Code   RO         1015    i.LL_USART_DeInit   stm32g0xx_ll_usart.o
    0x080027fc   0x080027fc   0x00000018   Code   RO          381    i.LL_USART_EnableIT_RXNE_RXFNE  usart.o
    0x08002814   0x08002814   0x000000f8   Code   RO         1016    i.LL_USART_Init     stm32g0xx_ll_usart.o
    0x0800290c   0x0800290c   0x00000020   Code   RO          382    i.LL_USART_SetRXFIFOThreshold  usart.o
    0x0800292c   0x0800292c   0x0000001c   Code   RO          383    i.LL_USART_SetTXFIFOThreshold  usart.o
    0x08002948   0x08002948   0x00000020   Code   RO          920    i.LL_mDelay         stm32g0xx_ll_utils.o
    0x08002968   0x08002968   0x00000042   Code   RO          288    i.MX_GPIO_Init      gpio.o
    0x080029aa   0x080029aa   0x00000002   PAD
    0x080029ac   0x080029ac   0x000000e0   Code   RO          384    i.MX_USART1_UART_Init  usart.o
    0x08002a8c   0x08002a8c   0x000000dc   Code   RO          385    i.MX_USART2_UART_Init  usart.o
    0x08002b68   0x08002b68   0x00000002   Code   RO          489    i.NMI_Handler       stm32g0xx_it.o
    0x08002b6a   0x08002b6a   0x00000002   PAD
    0x08002b6c   0x08002b6c   0x00000094   Code   RO         2303    i.OCV_SOC_Init      app_soc.o
    0x08002c00   0x08002c00   0x00000098   Code   RO          289    i.PowerOffScan      gpio.o
    0x08002c98   0x08002c98   0x00000020   Code   RO          839    i.RCC_GetHCLKClockFreq  stm32g0xx_ll_rcc.o
    0x08002cb8   0x08002cb8   0x00000020   Code   RO          840    i.RCC_GetPCLK1ClockFreq  stm32g0xx_ll_rcc.o
    0x08002cd8   0x08002cd8   0x00000060   Code   RO          841    i.RCC_GetSystemClockFreq  stm32g0xx_ll_rcc.o
    0x08002d38   0x08002d38   0x0000004c   Code   RO         2305    i.RemainCap_Integral  app_soc.o
    0x08002d84   0x08002d84   0x000000a4   Code   RO         2459    i.SH367309_Config   bsp_sh367309.o
    0x08002e28   0x08002e28   0x00000044   Code   RO         2460    i.SH367309_I2C_Ack  bsp_sh367309.o
    0x08002e6c   0x08002e6c   0x0000003c   Code   RO         2461    i.SH367309_I2C_NAck  bsp_sh367309.o
    0x08002ea8   0x08002ea8   0x00000054   Code   RO         2462    i.SH367309_I2C_ReadByte  bsp_sh367309.o
    0x08002efc   0x08002efc   0x00000060   Code   RO         2463    i.SH367309_I2C_SendByte  bsp_sh367309.o
    0x08002f5c   0x08002f5c   0x00000050   Code   RO         2464    i.SH367309_I2C_Start  bsp_sh367309.o
    0x08002fac   0x08002fac   0x0000003c   Code   RO         2465    i.SH367309_I2C_Stop  bsp_sh367309.o
    0x08002fe8   0x08002fe8   0x0000004c   Code   RO         2466    i.SH367309_I2C_WaitAck  bsp_sh367309.o
    0x08003034   0x08003034   0x00000098   Code   RO         2468    i.SH367309_ReadData  bsp_sh367309.o
    0x080030cc   0x080030cc   0x00000022   Code   RO         2469    i.SH367309_ReadRegVal  bsp_sh367309.o
    0x080030ee   0x080030ee   0x00000002   PAD
    0x080030f0   0x080030f0   0x00000068   Code   RO         2471    i.SH367309_WriteRamData  bsp_sh367309.o
    0x08003158   0x08003158   0x00000078   Code   RO         2472    i.SH_Get_CADCCurrent  bsp_sh367309.o
    0x080031d0   0x080031d0   0x000000c0   Code   RO         2473    i.SH_Get_CellTemps  bsp_sh367309.o
    0x08003290   0x08003290   0x00000038   Code   RO         2474    i.SH_Get_CellVolts  bsp_sh367309.o
    0x080032c8   0x080032c8   0x00000030   Code   RO         2201    i.SH_Get_ChgSta     app_current.o
    0x080032f8   0x080032f8   0x00000016   Code   RO         2480    i.SH_Set_Balance    bsp_sh367309.o
    0x0800330e   0x0800330e   0x00000002   PAD
    0x08003310   0x08003310   0x0000003c   Code   RO         2481    i.SH_Set_CONF       bsp_sh367309.o
    0x0800334c   0x0800334c   0x00000024   Code   RO         2482    i.SH_Set_Default    bsp_sh367309.o
    0x08003370   0x08003370   0x00000040   Code   RO         2633    i.SIM_I2C_PortInit  bsp_simiic.o
    0x080033b0   0x080033b0   0x0000003c   Code   RO         2637    i.SIM_I2C_Stop      bsp_simiic.o
    0x080033ec   0x080033ec   0x0000009c   Code   RO           16    i.SOC_thread_entry  main.o
    0x08003488   0x08003488   0x00000168   Code   RO         2306    i.Soc_ClrOrSetCtrl  app_soc.o
    0x080035f0   0x080035f0   0x0000005c   Code   RO          290    i.SoftKeyInit       gpio.o
    0x0800364c   0x0800364c   0x00000010   Code   RO         2108    i.Soft_Delay        app_bms.o
    0x0800365c   0x0800365c   0x0000002c   Code   RO         2174    i.SysParaInit       app_config.o
    0x08003688   0x08003688   0x00000010   Code   RO         2067    i.SysTick_Handler   board.o
    0x08003698   0x08003698   0x000000b8   Code   RO           17    i.SystemClock_Config  main.o
    0x08003750   0x08003750   0x00000090   Code   RO         1230    i.SystemCoreClockUpdate  system_stm32g0xx.o
    0x080037e0   0x080037e0   0x00000002   Code   RO         1231    i.SystemInit        system_stm32g0xx.o
    0x080037e2   0x080037e2   0x00000002   PAD
    0x080037e4   0x080037e4   0x00000030   Code   RO          490    i.TIM3_IRQHandler   stm32g0xx_it.o
    0x08003814   0x08003814   0x0000006c   Code   RO          721    i.TIM3_Init         timer.o
    0x08003880   0x08003880   0x00000020   Code   RO          491    i.USART1_IRQHandler  stm32g0xx_it.o
    0x080038a0   0x080038a0   0x000000f0   Code   RO          386    i.USART2_BLE_Init   usart.o
    0x08003990   0x08003990   0x00000064   Code   RO          492    i.USART2_IRQHandler  stm32g0xx_it.o
    0x080039f4   0x080039f4   0x00000090   Code   RO         2419    i.Update_CellVolt   app_volt.o
    0x08003a84   0x08003a84   0x0000001a   Code   RO          667    i.__ARM_common_switch8  led5.o
    0x08003a9e   0x08003a9e   0x00000002   PAD
    0x08003aa0   0x08003aa0   0x0000002c   Code   RO         2945    i.__ARM_fpclassify  m_ps.l(fpclassify.o)
    0x08003acc   0x08003acc   0x00000018   Code   RO          387    i.__NVIC_EnableIRQ  usart.o
    0x08003ae4   0x08003ae4   0x00000044   Code   RO          388    i.__NVIC_SetPriority  usart.o
    0x08003b28   0x08003b28   0x000000ac   Code   RO         2947    i.__kernel_poly     m_ps.l(poly.o)
    0x08003bd4   0x08003bd4   0x00000014   Code   RO         2931    i.__mathlib_dbl_divzero  m_ps.l(dunder.o)
    0x08003be8   0x08003be8   0x0000000a   Code   RO         2932    i.__mathlib_dbl_infnan  m_ps.l(dunder.o)
    0x08003bf2   0x08003bf2   0x00000008   Code   RO         2933    i.__mathlib_dbl_infnan2  m_ps.l(dunder.o)
    0x08003bfa   0x08003bfa   0x00000010   Code   RO         2934    i.__mathlib_dbl_invalid  m_ps.l(dunder.o)
    0x08003c0a   0x08003c0a   0x00000002   PAD
    0x08003c0c   0x08003c0c   0x00000014   Code   RO         2935    i.__mathlib_dbl_overflow  m_ps.l(dunder.o)
    0x08003c20   0x08003c20   0x00000014   Code   RO         2937    i.__mathlib_dbl_underflow  m_ps.l(dunder.o)
    0x08003c34   0x08003c34   0x00000040   Code   RO         1530    i.__rt_ffs          kservice.o
    0x08003c74   0x08003c74   0x00000070   Code   RO         1837    i._rt_thread_init   thread.o
    0x08003ce4   0x08003ce4   0x0000000a   Code   RO         1955    i._rt_timer_remove  timer_1.o
    0x08003cee   0x08003cee   0x0000001c   Code   RO         1838    i._thread_cleanup_execute  thread.o
    0x08003d0a   0x08003d0a   0x00000002   PAD
    0x08003d0c   0x08003d0c   0x0000027c   Code   RO         2869    i.exp               m_ps.l(exp.o)
    0x08003f88   0x08003f88   0x000000c8   Code   RO         2879    i.floor             m_ps.l(floor.o)
    0x08004050   0x08004050   0x000000b8   Code   RO         2310    i.isSocInitEnable   app_soc.o
    0x08004108   0x08004108   0x00000024   Code   RO           18    i.led5_thread_entry  main.o
    0x0800412c   0x0800412c   0x00000174   Code   RO           19    i.main              main.o
    0x080042a0   0x080042a0   0x0000000c   Code   RO         1308    i.main_thread_entry  components.o
    0x080042ac   0x080042ac   0x000000dc   Code   RO          679    i.modbus_03_function  modbus.o
    0x08004388   0x08004388   0x0000001a   Code   RO          680    i.modbus_send_data  modbus.o
    0x080043a2   0x080043a2   0x00000002   PAD
    0x080043a4   0x080043a4   0x0000004c   Code   RO          681    i.modbus_service    modbus.o
    0x080043f0   0x080043f0   0x000009fc   Code   RO         2883    i.pow               m_ps.l(pow.o)
    0x08004dec   0x08004dec   0x00000144   Code   RO         1532    i.print_number      kservice.o
    0x08004f30   0x08004f30   0x00000020   Code   RO         2747    i.rtIsNaN           ekf.o
    0x08004f50   0x08004f50   0x00000038   Code   RO         2748    i.rt_InitInfAndNaN  ekf.o
    0x08004f88   0x08004f88   0x00000038   Code   RO         1309    i.rt_application_init  components.o
    0x08004fc0   0x08004fc0   0x0000001c   Code   RO         1310    i.rt_components_board_init  components.o
    0x08004fdc   0x08004fdc   0x0000001c   Code   RO         1311    i.rt_components_init  components.o
    0x08004ff8   0x08004ff8   0x00000018   Code   RO         1770    i.rt_enter_critical  scheduler.o
    0x08005010   0x08005010   0x00000034   Code   RO         1771    i.rt_exit_critical  scheduler.o
    0x08005044   0x08005044   0x00000050   Code   RO         2068    i.rt_hw_board_init  board.o
    0x08005094   0x08005094   0x0000002a   Code   RO         2069    i.rt_hw_console_output  board.o
    0x080050be   0x080050be   0x00000002   PAD
    0x080050c0   0x080050c0   0x000000f0   Code   RO         2036    i.rt_hw_hard_fault_exception  cpuport.o
    0x080051b0   0x080051b0   0x00000038   Code   RO         2037    i.rt_hw_stack_init  cpuport.o
    0x080051e8   0x080051e8   0x00000018   Code   RO         1503    i.rt_interrupt_enter  irq.o
    0x08005200   0x08005200   0x00000018   Code   RO         1505    i.rt_interrupt_leave  irq.o
    0x08005218   0x08005218   0x0000004e   Code   RO         1414    i.rt_ipc_list_suspend  ipc.o
    0x08005266   0x08005266   0x00000002   PAD
    0x08005268   0x08005268   0x00000024   Code   RO         1535    i.rt_kprintf        kservice.o
    0x0800528c   0x0800528c   0x0000000e   Code   RO         1839    i.rt_list_insert_after  thread.o
    0x0800529a   0x0800529a   0x0000000e   Code   RO         1956    i.rt_list_insert_after  timer_1.o
    0x080052a8   0x080052a8   0x0000000e   Code   RO         1415    i.rt_list_insert_before  ipc.o
    0x080052b6   0x080052b6   0x00000012   Code   RO         1840    i.rt_list_remove    thread.o
    0x080052c8   0x080052c8   0x00000012   Code   RO         1957    i.rt_list_remove    timer_1.o
    0x080052da   0x080052da   0x0000003e   Code   RO         1540    i.rt_memset         kservice.o
    0x08005318   0x08005318   0x00000028   Code   RO         1418    i.rt_mutex_init     ipc.o
    0x08005340   0x08005340   0x000000a4   Code   RO         1419    i.rt_mutex_release  ipc.o
    0x080053e4   0x080053e4   0x000000ba   Code   RO         1420    i.rt_mutex_take     ipc.o
    0x0800549e   0x0800549e   0x00000024   Code   RO         1704    i.rt_object_detach  object.o
    0x080054c2   0x080054c2   0x00000002   PAD
    0x080054c4   0x080054c4   0x00000020   Code   RO         1706    i.rt_object_get_information  object.o
    0x080054e4   0x080054e4   0x0000004e   Code   RO         1710    i.rt_object_init    object.o
    0x08005532   0x08005532   0x0000000e   Code   RO         1711    i.rt_object_is_systemobject  object.o
    0x08005540   0x08005540   0x00000164   Code   RO         2749    i.rt_powd_snf       ekf.o
    0x080056a4   0x080056a4   0x0000005c   Code   RO         1772    i.rt_schedule       scheduler.o
    0x08005700   0x08005700   0x0000004c   Code   RO         1773    i.rt_schedule_insert_thread  scheduler.o
    0x0800574c   0x0800574c   0x00000044   Code   RO         1774    i.rt_schedule_remove_thread  scheduler.o
    0x08005790   0x08005790   0x000000b0   Code   RO         1542    i.rt_show_version   kservice.o
    0x08005840   0x08005840   0x00000010   Code   RO         1547    i.rt_strlen         kservice.o
    0x08005850   0x08005850   0x00000028   Code   RO         1549    i.rt_strncpy        kservice.o
    0x08005878   0x08005878   0x00000034   Code   RO         1775    i.rt_system_scheduler_init  scheduler.o
    0x080058ac   0x080058ac   0x00000028   Code   RO         1776    i.rt_system_scheduler_start  scheduler.o
    0x080058d4   0x080058d4   0x0000000c   Code   RO         1958    i.rt_system_timer_init  timer_1.o
    0x080058e0   0x080058e0   0x00000002   Code   RO         1959    i.rt_system_timer_thread_init  timer_1.o
    0x080058e2   0x080058e2   0x00000068   Code   RO         1841    i.rt_thread_control  thread.o
    0x0800594a   0x0800594a   0x00000002   PAD
    0x0800594c   0x0800594c   0x00000060   Code   RO         1844    i.rt_thread_detach  thread.o
    0x080059ac   0x080059ac   0x00000058   Code   RO         1845    i.rt_thread_exit    thread.o
    0x08005a04   0x08005a04   0x00000002   Code   RO         1382    i.rt_thread_idle_entry  idle.o
    0x08005a06   0x08005a06   0x00000002   PAD
    0x08005a08   0x08005a08   0x00000034   Code   RO         1385    i.rt_thread_idle_init  idle.o
    0x08005a3c   0x08005a3c   0x0000002a   Code   RO         1847    i.rt_thread_init    thread.o
    0x08005a66   0x08005a66   0x0000000c   Code   RO         1848    i.rt_thread_mdelay  thread.o
    0x08005a72   0x08005a72   0x0000003c   Code   RO         1849    i.rt_thread_resume  thread.o
    0x08005aae   0x08005aae   0x00000002   PAD
    0x08005ab0   0x08005ab0   0x0000000c   Code   RO         1850    i.rt_thread_self    thread.o
    0x08005abc   0x08005abc   0x00000040   Code   RO         1851    i.rt_thread_sleep   thread.o
    0x08005afc   0x08005afc   0x0000002c   Code   RO         1852    i.rt_thread_startup  thread.o
    0x08005b28   0x08005b28   0x00000040   Code   RO         1853    i.rt_thread_suspend  thread.o
    0x08005b68   0x08005b68   0x0000001e   Code   RO         1854    i.rt_thread_timeout  thread.o
    0x08005b86   0x08005b86   0x00000002   PAD
    0x08005b88   0x08005b88   0x0000005c   Code   RO         1855    i.rt_thread_yield   thread.o
    0x08005be4   0x08005be4   0x0000002e   Code   RO         1267    i.rt_tick_from_millisecond  clock.o
    0x08005c12   0x08005c12   0x00000002   PAD
    0x08005c14   0x08005c14   0x0000000c   Code   RO         1268    i.rt_tick_get       clock.o
    0x08005c20   0x08005c20   0x00000028   Code   RO         1269    i.rt_tick_increase  clock.o
    0x08005c48   0x08005c48   0x00000088   Code   RO         1960    i.rt_timer_check    timer_1.o
    0x08005cd0   0x08005cd0   0x00000048   Code   RO         1961    i.rt_timer_control  timer_1.o
    0x08005d18   0x08005d18   0x00000028   Code   RO         1962    i.rt_timer_detach   timer_1.o
    0x08005d40   0x08005d40   0x0000002c   Code   RO         1963    i.rt_timer_init     timer_1.o
    0x08005d6c   0x08005d6c   0x00000080   Code   RO         1965    i.rt_timer_start    timer_1.o
    0x08005dec   0x08005dec   0x0000002e   Code   RO         1966    i.rt_timer_stop     timer_1.o
    0x08005e1a   0x08005e1a   0x00000002   PAD
    0x08005e1c   0x08005e1c   0x0000026c   Code   RO         1552    i.rt_vsnprintf      kservice.o
    0x08006088   0x08006088   0x00000004   Code   RO         1312    i.rti_board_end     components.o
    0x0800608c   0x0800608c   0x00000004   Code   RO         1313    i.rti_board_start   components.o
    0x08006090   0x08006090   0x00000004   Code   RO         1314    i.rti_end           components.o
    0x08006094   0x08006094   0x00000004   Code   RO         1315    i.rti_start         components.o
    0x08006098   0x08006098   0x0000002a   Code   RO         1316    i.rtthread_startup  components.o
    0x080060c2   0x080060c2   0x00000020   Code   RO         1554    i.skip_atoi         kservice.o
    0x080060e2   0x080060e2   0x00000002   PAD
    0x080060e4   0x080060e4   0x00000048   Code   RO         2893    i.sqrt              m_ps.l(sqrt.o)
    0x0800612c   0x0800612c   0x00000024   Code   RO          389    i.uart1_send        usart.o
    0x08006150   0x08006150   0x00000024   Code   RO          390    i.uart2_send        usart.o
    0x08006174   0x08006174   0x0000001e   Code   RO          391    i.usart2_send_data  usart.o
    0x08006192   0x08006192   0x0000000c   Code   RO           20    i.usart2modbus_thread_entry  main.o
    0x0800619e   0x0800619e   0x00000002   PAD
    0x080061a0   0x080061a0   0x00000064   Code   RO         2858    x$fpl$deqf          fz_ps.l(deqf.o)
    0x08006204   0x08006204   0x00000064   Code   RO         2862    x$fpl$dleqf         fz_ps.l(dlef.o)
    0x08006268   0x08006268   0x00000068   Code   RO         2866    x$fpl$drleqf        fz_ps.l(drlef.o)
    0x080062d0   0x080062d0   0x00000000   Code   RO         2930    x$fpl$usenofp       fz_ps.l(usenofp.o)
    0x080062d0   0x080062d0   0x00000200   Data   RO          683    .constdata          modbus.o
    0x080064d0   0x080064d0   0x00000030   Data   RO         1018    .constdata          stm32g0xx_ll_usart.o
    0x08006500   0x08006500   0x00000040   Data   RO         1232    .constdata          system_stm32g0xx.o
    0x08006540   0x08006540   0x00000020   Data   RO         1233    .constdata          system_stm32g0xx.o
    0x08006560   0x08006560   0x00000122   Data   RO         1556    .constdata          kservice.o
    0x08006682   0x08006682   0x00000142   Data   RO         2484    .constdata          bsp_sh367309.o
    0x080067c4   0x080067c4   0x00000004   Data   RO         2751    .constdata          ekf.o
    0x080067c8   0x080067c8   0x00000008   Data   RO         2792    .constdata          ekf_data.o
    0x080067d0   0x080067d0   0x00000080   Data   RO         2856    .constdata          fz_ps.l(ddiv.o)
    0x08006850   0x08006850   0x00000058   Data   RO         2870    .constdata          m_ps.l(exp.o)
    0x080068a8   0x080068a8   0x00000088   Data   RO         2884    .constdata          m_ps.l(pow.o)
    0x08006930   0x08006930   0x00000008   Data   RO         2949    .constdata          m_ps.l(qnan.o)
    0x08006938   0x08006938   0x00000004   Data   RO         1318    .rti_fn.0           components.o
    0x0800693c   0x0800693c   0x00000004   Data   RO         1319    .rti_fn.0.end       components.o
    0x08006940   0x08006940   0x00000004   Data   RO         1320    .rti_fn.1.end       components.o
    0x08006944   0x08006944   0x00000004   Data   RO         1321    .rti_fn.6.end       components.o
    0x08006948   0x08006948   0x00000020   Data   RO         3293    Region$$Table       anon$$obj.o


    Execution Region RW_IRAM1 (Exec base: 0x20000000, Load base: 0x08006968, Size: 0x000021a8, Max: 0x00009000, ABSOLUTE, COMPRESSED[0x00000090])

    Exec Addr    Load Addr    Size         Type   Attr      Idx    E Section Name        Object

    0x20000000   COMPRESSED   0x00000004   Data   RW           22    .data               main.o
    0x20000004   COMPRESSED   0x0000000c   Data   RW           23    .data               main.o
    0x20000010   COMPRESSED   0x00000002   Data   RW          393    .data               usart.o
    0x20000012   COMPRESSED   0x00000002   PAD
    0x20000014   COMPRESSED   0x00000004   Data   RW         1234    .data               system_stm32g0xx.o
    0x20000018   COMPRESSED   0x00000004   Data   RW         1271    .data               clock.o
    0x2000001c   COMPRESSED   0x00000001   Data   RW         1506    .data               irq.o
    0x2000001d   COMPRESSED   0x00000003   PAD
    0x20000020   COMPRESSED   0x00000040   Data   RW         1713    .data               object.o
    0x20000060   COMPRESSED   0x00000014   Data   RW         1778    .data               scheduler.o
    0x20000074   COMPRESSED   0x0000000c   Data   RW         1967    .data               timer_1.o
    0x20000080   COMPRESSED   0x00000004   Data   RW         2038    .data               cpuport.o
    0x20000084   COMPRESSED   0x00000004   Data   RW         2039    .data               cpuport.o
    0x20000088   COMPRESSED   0x00000004   Data   RW         2040    .data               cpuport.o
    0x2000008c   COMPRESSED   0x00000002   Data   RW         2113    .data               app_bms.o
    0x2000008e   COMPRESSED   0x00000654   Data   RW         2311    .data               app_soc.o
    0x200006e2   COMPRESSED   0x00000006   Data   RW         2422    .data               app_volt.o
    0x200006e8   COMPRESSED   0x00000002   Data   RW         2485    .data               bsp_sh367309.o
    0x200006ea   COMPRESSED   0x00000031   Data   RW         2709    .data               app_alarm.o
    0x2000071b   COMPRESSED   0x00000005   PAD
    0x20000720   COMPRESSED   0x00000030   Data   RW         2752    .data               ekf.o
    0x20000750   COMPRESSED   0x00000004   Data   RW         2753    .data               ekf.o
    0x20000754        -       0x00000fe0   Zero   RW           21    .bss                main.o
    0x20001734        -       0x000000c8   Zero   RW          392    .bss                usart.o
    0x200017fc        -       0x00000064   Zero   RW          682    .bss                modbus.o
    0x20001860        -       0x00000278   Zero   RW         1317    .bss                components.o
    0x20001ad8        -       0x000000f8   Zero   RW         1386    .bss                idle.o
    0x20001bd0        -       0x00000080   Zero   RW         1555    .bss                kservice.o
    0x20001c50        -       0x00000100   Zero   RW         1777    .bss                scheduler.o
    0x20001d50        -       0x000001a4   Zero   RW         2110    .bss                app_bms.o
    0x20001ef4   COMPRESSED   0x00000004   PAD
    0x20001ef8        -       0x00000050   Zero   RW         2750    .bss                ekf.o
    0x20001f48        -       0x00000060   Zero   RW         2998    .bss                c_p.l(libspace.o)
    0x20001fa8        -       0x00000000   Zero   RW            2    HEAP                startup_stm32g070xx.o
    0x20001fa8        -       0x00000200   Zero   RW            1    STACK               startup_stm32g070xx.o


==============================================================================

Image component sizes


      Code (inc. data)   RO Data    RW Data    ZI Data      Debug   Object Name

         0          0          0         49          0       1717   app_alarm.o
        96          0          0          2        420       6970   app_bms.o
        44         12          0          0          0        442   app_config.o
        48          0          0          0          0        640   app_current.o
       928        114          0       1620          0       8304   app_soc.o
       332         32          0          6          0       3057   app_volt.o
       138         18          0          0          0      11540   board.o
      1464        126        322          2          0      20554   bsp_sh367309.o
       124         12          0          0          0        986   bsp_simiic.o
        98         10          0          4          0       1944   clock.o
       192         32         16          0        632       6300   components.o
       216         32          0          0          0        844   context_rvds.o
       296        168          0         12          0       3222   cpuport.o
      2624        392          4         52         80       7193   ekf.o
         0          0          8          0          0       1366   ekf_data.o
       360         58          0          0          0      26581   gpio.o
        54         16          0          0        248       1796   idle.o
       482          4          0          0          0       7215   ipc.o
        48          8          0          1          0       1770   irq.o
        52         22          0          0          0       2560   iwdg.o
      1370        160        290          0        128      11052   kservice.o
      1766         48          0          0          0      11993   led5.o
       804        190          0         16       4064     325519   main.o
       402         34        512          0        100       3593   modbus.o
       160          4          0         64          0       6476   object.o
       404         58          0         20        256       8334   scheduler.o
        52         22        184          0        512        632   startup_stm32g070xx.o
       182         40          0          0          0      58112   stm32g0xx_it.o
       316         28          0          0          0      12088   stm32g0xx_ll_gpio.o
       340         52          0          0          0      21040   stm32g0xx_ll_rcc.o
       132         24          0          0          0      41110   stm32g0xx_ll_tim.o
       352         50         48          0          0      31894   stm32g0xx_ll_usart.o
        76         16          0          0          0       6469   stm32g0xx_ll_utils.o
       146         18         96          4          0       1855   system_stm32g0xx.o
       880         46          0          0          0      13683   thread.o
       108         20          0          0          0      42996   timer.o
       522         28          0         12          0      10964   timer_1.o
      1026        178          0          2        200      63631   usart.o

    ----------------------------------------------------------------------
     16674       2072       1512       1876       6644     786442   Object Totals
         0          0         32          0          0          0   (incl. Generated)
        40          0          0         10          4          0   (incl. Padding)

    ----------------------------------------------------------------------

      Code (inc. data)   RO Data    RW Data    ZI Data      Debug   Library Member Name

        86          0          0          0          0          0   __dczerorl2.o
         8          0          0          0          0         68   __main.o
         0          0          0          0          0          0   __rtentry.o
        12          0          0          0          0          0   __rtentry2.o
         6          0          0          0          0          0   __rtentry4.o
        60          8          0          0          0          0   __scatter.o
        28          0          0          0          0          0   __scatter_zi.o
        22          0          0          0          0         92   _rserrno.o
       346          0          0          0          0         92   aeabi_sdiv.o
        16          0          0          0          0         68   exit.o
         6          0          0          0          0        136   heapauxi.o
         0          0          0          0          0          0   indicate_semi.o
         2          0          0          0          0          0   libinit.o
         2          0          0          0          0          0   libinit2.o
         2          0          0          0          0          0   libshutdown.o
         2          0          0          0          0          0   libshutdown2.o
         8          4          0          0         96         68   libspace.o
         8          4          0          0          0         68   rt_errno_addr_intlibspace.o
        64          0          0          0          0        108   rt_memclr.o
        56          0          0          0          0         68   rt_memcpy.o
         2          0          0          0          0          0   rtexit.o
        10          0          0          0          0          0   rtexit2.o
        68          6          0          0          0         72   strlen.o
        12          4          0          0          0         60   sys_exit.o
        62          0          0          0          0         80   sys_stackheap_outer.o
         2          0          0          0          0         68   use_no_semi.o
        46          0          0          0          0         60   cmpret.o
       856         20          0          0          0        208   daddsub.o
       144          4          0          0          0         76   dcmpin.o
      1096         26        128          0          0        112   ddiv.o
       100          4          0          0          0         92   deqf.o
       108         10          0          0          0         72   dfixi.o
        72          4          0          0          0         68   dfixui.o
        88          0          0          0          0         92   dflti.o
       100          4          0          0          0         92   dlef.o
       584         26          0          0          0         84   dmul.o
        20          6          0          0          0         68   dnan2.o
       104          4          0          0          0        104   drlef.o
        96         12          0          0          0         72   dscalbn.o
       256          8          0          0          0         76   dsqrt.o
        94          0          0          0          0         68   retnan.o
         0          0          0          0          0          0   usenofp.o
        94         14          0          0          0        408   dunder.o
       636         94         88          0          0        132   exp.o
       200         20          0          0          0         76   floor.o
        44          4          0          0          0         60   fpclassify.o
       172          0          0          0          0         76   poly.o
      2556        196        136          0          0        240   pow.o
         0          0          8          0          0          0   qnan.o
        72          6          0          0          0         76   sqrt.o

    ----------------------------------------------------------------------
      8438        488        360          0         96       3460   Library Totals
        10          0          0          0          0          0   (incl. Padding)

    ----------------------------------------------------------------------

      Code (inc. data)   RO Data    RW Data    ZI Data      Debug   Library Name

       890         26          0          0         96       1048   c_p.l
      3764        128        128          0          0       1344   fz_ps.l
      3774        334        232          0          0       1068   m_ps.l

    ----------------------------------------------------------------------
      8438        488        360          0         96       3460   Library Totals

    ----------------------------------------------------------------------

==============================================================================


      Code (inc. data)   RO Data    RW Data    ZI Data      Debug   

     25112       2560       1872       1876       6740     780474   Grand Totals
     25112       2560       1872        144       6740     780474   ELF Image Totals (compressed)
     25112       2560       1872        144          0          0   ROM Totals

==============================================================================

    Total RO  Size (Code + RO Data)                26984 (  26.35kB)
    Total RW  Size (RW Data + ZI Data)              8616 (   8.41kB)
    Total ROM Size (Code + RO Data + RW Data)      27128 (  26.49kB)

==============================================================================

